[
	"B.A",
	"B.AD",
	"B.ADgES",
	"B.ADnESS",
	"B.AE",
	"B.AR",
	"B.ARDES",
	"B.ARbES",
	"B.ARdES",
	"B.ARgES",
	"B.ARlESS",
	"B.ARrES",
	"B.ARyES",
	"B.AS",
	"B.AShES",
	"B.ASsES",
	"B.AStES",
	"B.Aa",
	"B.AaSES",
	"B.Ac",
	"B.Ad",
	"B.Ae",
	"B.Ag",
	"B.Ah",
	"B.Al",
	"B.Am",
	"B.An",
	"B.Ao",
	"B.Ap",
	"B.Ar",
	"B.ArDES",
	"B.ArRES",
	"B.As",
	"B.AsSES",
	"B.At",
	"B.Ay",
	"B.E",
	"B.EARES",
	"B.EArES",
	"B.ED",
	"B.EDRESt",
	"B.EDlESS",
	"B.EDyES",
	"B.ERmES",
	"B.ES",
	"B.ESeES",
	"B.EaRES",
	"B.Ed",
	"B.Ee",
	"B.Eg",
	"B.El",
	"B.En",
	"B.Es",
	"B.Et",
	"B.Ey",
	"B.Ez",
	"B.RA",
	"B.RASES",
	"B.RAWESt",
	"B.RAcES",
	"B.RAkES",
	"B.RAlESS",
	"B.RAmES",
	"B.RAnES",
	"B.RAsES",
	"B.RAvES",
	"B.RAzES",
	"B.REDES",
	"B.REdES",
	"B.RErES",
	"B.REvES",
	"B.Ra",
	"B.RaSES",
	"B.ReDES",
	"B.RiDES",
	"B.RiSES",
	"B.Ro",
	"B.RoSES",
	"B.Rr",
	"B.Ru",
	"B.a",
	"B.aA",
	"B.aASES",
	"B.aD",
	"B.aE",
	"B.aR",
	"B.aRDES",
	"B.aS",
	"B.e",
	"B.eARES",
	"B.eD",
	"B.eE",
	"B.eS",
	"B.eSEES",
	"B.i",
	"B.iASES",
	"B.iD",
	"B.iRSES",
	"B.iS",
	"B.lADES",
	"B.lARES",
	"B.o",
	"B.oA",
	"B.oD",
	"B.oR",
	"B.oRDES",
	"B.oREES",
	"B.oS",
	"B.oW",
	"B.oWSES",
	"B.rA",
	"B.rASES",
	"B.rEDES",
	"B.rERES",
	"B.rR",
	"B.uD",
	"B.uR",
	"B.uRSES",
	"B.uS",
	"B.y",
	"B.yE",
	"B.yS",
	"BA.",
	"BA.ED",
	"BA.ER",
	"BA.Ed",
	"BA.Er",
	"BA.Et",
	"BA.REgES",
	"BA.RaDES",
	"BA.Ri",
	"BA.S",
	"BA.a",
	"BA.aS",
	"BA.b",
	"BA.bE",
	"BA.bS",
	"BA.eD",
	"BA.eR",
	"BA.iD",
	"BA.lE",
	"BA.o",
	"BA.oS",
	"BA.s",
	"BA.y",
	"BA.yE",
	"BA.yS",
	"BAD.",
	"BAD.S",
	"BAD.s",
	"BAES.eD",
	"BAR.i",
	"BAR.iD",
	"BAR.iS",
	"BARD.",
	"BARD.S",
	"BARD.s",
	"BARc.",
	"BARc.S",
	"BARd.",
	"BARd.S",
	"BARf.",
	"BARf.S",
	"BARg.",
	"BARg.S",
	"BARk.",
	"BARk.S",
	"BARt.S",
	"BAS.",
	"BAS.E",
	"BAS.ED",
	"BAS.ER",
	"BAS.Ed",
	"BAS.Er",
	"BAS.Es",
	"BAS.RE",
	"BAS.Ra",
	"BAS.Re",
	"BAS.e",
	"BAS.eD",
	"BAS.eR",
	"BAS.iR",
	"BAS.lE",
	"BAS.rE",
	"BAS.s",
	"BAW.",
	"BAW.S",
	"BAW.s",
	"BAWS.",
	"BAWS.s",
	"BAWs.",
	"BAWs.S",
	"BAb.E",
	"BAb.ES",
	"BAc.",
	"BAc.ER",
	"BAc.RE",
	"BAc.S",
	"BAcS.",
	"BAd.",
	"BAd.S",
	"BAeS.ED",
	"BAf.",
	"BAf.S",
	"BAg.",
	"BAg.S",
	"BAj.",
	"BAj.S",
	"BAk.",
	"BAk.S",
	"BAl.",
	"BAl.S",
	"BAlS.",
	"BAm.E",
	"BAm.ES",
	"BAn.",
	"BAn.E",
	"BAn.ES",
	"BAn.S",
	"BAnS.",
	"BAoD.",
	"BAoD.S",
	"BArD.",
	"BArD.S",
	"BAs.",
	"BAs.E",
	"BAs.ED",
	"BAs.ER",
	"BAs.ES",
	"BAs.RE",
	"BAs.S",
	"BAt.",
	"BAt.ER",
	"BAt.ES",
	"BAt.S",
	"BAtS.",
	"BAw.",
	"BAw.S",
	"BAwS.",
	"BDER.Ay",
	"BE.b",
	"BE.bS",
	"BED.",
	"BED.AR",
	"BED.Ag",
	"BED.Ar",
	"BED.S",
	"BED.aR",
	"BED.e",
	"BED.eS",
	"BED.s",
	"BED.t",
	"BED.tS",
	"BED.uR",
	"BED.uS",
	"BER.",
	"BER.ADgES",
	"BER.Ar",
	"BER.S",
	"BER.iD",
	"BER.s",
	"BER.uS",
	"BEW.",
	"BEW.S",
	"BEW.eR",
	"BEW.s",
	"BEd.",
	"BEd.AR",
	"BEd.S",
	"BEiD.",
	"BEiD.S",
	"BEk.",
	"BEk.AR",
	"BEk.S",
	"BElS.",
	"BEn.",
	"BEn.S",
	"BEnS.",
	"BEp.A",
	"BEp.AS",
	"BEr.",
	"BEr.AR",
	"BEr.S",
	"BEw.",
	"BEw.S",
	"BEz.RA",
	"BRA.",
	"BRA.S",
	"BRA.a",
	"BRA.aS",
	"BRA.s",
	"BRAD.",
	"BRAD.S",
	"BRAD.s",
	"BRAE.uD",
	"BRAW.",
	"BRAW.S",
	"BRAW.lE",
	"BRAW.s",
	"BRAW.y",
	"BRAb.",
	"BRAb.E",
	"BRAb.ED",
	"BRAb.ES",
	"BRAb.S",
	"BRAc.",
	"BRAc.S",
	"BRAd.",
	"BRAd.S",
	"BRAg.",
	"BRAg.E",
	"BRAg.ED",
	"BRAg.ES",
	"BRAg.S",
	"BRAw.",
	"BRAw.S",
	"BRE.iA",
	"BRED.y",
	"BREh.",
	"BREh.S",
	"BREk.",
	"BREk.S",
	"BREv.",
	"BREv.S",
	"BREy.A",
	"BREy.AS",
	"BRa.",
	"BRa.A",
	"BRa.AS",
	"BRa.S",
	"BRaD.",
	"BRaD.S",
	"BRaW.",
	"BRaW.S",
	"BRo.",
	"BRo.ED",
	"BRo.S",
	"BRoD.",
	"BRoD.A",
	"BRoD.AS",
	"BRoD.S",
	"BRoS.",
	"BRoS.ED",
	"BRu.",
	"BRu.S",
	"BRuS.ED",
	"BSi.A",
	"BSiD.AR",
	"BWAD.Ry",
	"BWEn.",
	"BWEn.S",
	"Ba.",
	"Ba.A",
	"Ba.AS",
	"Ba.ED",
	"Ba.ER",
	"Ba.RADES",
	"Ba.S",
	"BaD.",
	"BaD.S",
	"BaRD.",
	"BaRD.S",
	"BaS.",
	"BaS.E",
	"BaS.ED",
	"BaS.ER",
	"BaS.RA",
	"BaS.RE",
	"BaW.",
	"BaW.S",
	"BaWS.",
	"BbA.",
	"BbA.E",
	"BbA.ED",
	"BbA.ES",
	"BbA.S",
	"BbAD.ER",
	"BbAS.ED",
	"BbE.",
	"BbE.S",
	"BeD.",
	"BeD.AR",
	"BeD.E",
	"BeD.ES",
	"BeD.S",
	"BeR.",
	"BeR.S",
	"BeW.",
	"BeW.ER",
	"BeW.S",
	"BiD.",
	"BiD.S",
	"BiR.",
	"BiR.A",
	"BiR.AS",
	"BiR.ES",
	"BiR.S",
	"BiRD.",
	"BiRD.S",
	"BiS.",
	"Bk.AR",
	"BlA.",
	"BlA.E",
	"BlA.S",
	"BmA.ER",
	"BmE.AR",
	"BmEW.",
	"BmEW.S",
	"Bo.",
	"Bo.A",
	"Bo.AS",
	"Bo.E",
	"Bo.ES",
	"Bo.S",
	"BoD.",
	"BoD.E",
	"BoD.ES",
	"BoD.RA",
	"BoD.S",
	"BoDA.E",
	"BoDA.ES",
	"BoR.",
	"BoR.E",
	"BoR.ED",
	"BoR.ES",
	"BoR.S",
	"BoS.",
	"BoS.A",
	"BoS.ER",
	"BoWS.",
	"BrA.",
	"BrA.S",
	"BrAD.",
	"BrAD.S",
	"BrAW.",
	"BrAW.S",
	"BuAD.",
	"BuAD.E",
	"BuAD.ER",
	"BuAD.ES",
	"BuAD.S",
	"BuD.",
	"BuD.S",
	"BuR.",
	"BuR.E",
	"BuR.ES",
	"BuR.S",
	"BuRD.",
	"BuRD.S",
	"BuS.",
	"BuS.A",
	"BuS.ER"
]