[
	"nwar.esses",
	"nwa.ed",
	"nas.d",
	"nwad.er",
	"naw.ed",
	"nas.er",
	"nrad.",
	"ne.ds",
	"nwa.",
	"nad.s",
	"n.ear",
	"nraw.ed",
	"n.ew",
	"nas.",
	"new.s",
	"new.d",
	"nes.as",
	"ne.s",
	"nwa.ers",
	"naw.der",
	"naew.s",
	"na.",
	"nrae.s",
	"ner.d",
	"ns.eds",
	"naws.s",
	"new.",
	"ne.d",
	"naw.e",
	"n.erd",
	"nwa.s",
	"naer.",
	"naer.s",
	"nrad.s",
	"nes.a",
	"n.ads",
	"n.e",
	"nae.",
	"nred.",
	"ner.s",
	"nwad.ers",
	"n.ess",
	"naes.",
	"ned.s",
	"ned.ar",
	"ns.aws",
	"ns.ar",
	"naw.s",
	"new.ds",
	"nes.d",
	"n.are",
	"nred.s",
	"n.a",
	"n.esses",
	"naw.",
	"new.a",
	"n.ae",
	"nas.es",
	"nar.d",
	"naew.",
	"ndrawnwod.esses",
	"nwar.ess",
	"nwad.s",
	"naed.s",
	"na.es",
	"nraw.",
	"n.aes",
	"ns.ed",
	"naw.es",
	"nas.e",
	"nae.s",
	"na.ds",
	"nwas.",
	"nwad.",
	"ns.ead",
	"naes.s",
	"nwar.s",
	"naws.",
	"nas.s",
	"na.d",
	"nrae.",
	"nes.",
	"ned.",
	"nwes.",
	"nas.der",
	"nad.",
	"nraw.s",
	"n.ewses",
	"nas.ed",
	"nas.ds",
	"na.e",
	"nes.ds",
	"ner.",
	"ner.ds",
	"n.ard",
	"n.ed",
	"nwa.er",
	"ns.ars",
	"nar.",
	"nar.ds",
	"nre.s",
	"n.ews",
	"na.ew",
	"nes.s",
	"ndrawnwod.ess",
	"nre.",
	"ned.ars",
	"nwar.",
	"naw.ds",
	"nes.sa",
	"n.eds",
	"ns.aw",
	"ns.are",
	"naw.d",
	"na.s",
	"nerw.",
	"ne.",
	"naed.",
	"nerw.s",
	"n.aw",
	"n.as"
]