[
	"B.A",
	"B.AD",
	"B.ADE",
	"B.ADS",
	"B.AE",
	"B.AES",
	"B.AR",
	"B.ARD",
	"B.ARDE",
	"B.ARDES",
	"B.ARE",
	"B.ARS",
	"B.AS",
	"B.ASE",
	"B.ASS",
	"B.ASSE",
	"B.ASSES",
	"B.AWD",
	"B.AWR",
	"B.E",
	"B.EAD",
	"B.EAR",
	"B.EARE",
	"B.EARES",
	"B.ED",
	"B.EDS",
	"B.ES",
	"B.RA",
	"B.RAD",
	"B.RAE",
	"B.RAS",
	"B.RASES",
	"B.RAW",
	"B.RED",
	"B.REDE",
	"B.REDES",
	"B.REW",
	"BA.",
	"BA.ED",
	"BA.ER",
	"BA.ERS",
	"BA.S",
	"BAD.",
	"BAD.S",
	"BARD.",
	"BARD.S",
	"BAS.",
	"BAS.E",
	"BAS.ED",
	"BAS.ER",
	"BAS.ERS",
	"BAS.ES",
	"BAS.RE",
	"BAS.RED",
	"BAS.RES",
	"BAS.S",
	"BAW.",
	"BAW.S",
	"BAWS.",
	"BAWS.S",
	"BED.",
	"BED.AR",
	"BED.ARS",
	"BED.S",
	"BER.",
	"BER.S",
	"BEW.",
	"BEW.S",
	"BRA.",
	"BRA.S",
	"BRAD.",
	"BRAD.S",
	"BRAW.",
	"BRAW.S"
]