[
	"B.A",
	"B.AD",
	"B.ADdESt",
	"B.ADgES",
	"B.ADnESS",
	"B.ADnESs",
	"B.AS",
	"B.AShES",
	"B.ASsES",
	"B.ASsESt",
	"B.AStES",
	"B.Aa",
	"B.AaSES",
	"B.AasES",
	"B.AbiES",
	"B.AbiESt",
	"B.Ac",
	"B.AchES",
	"B.Ad",
	"B.AdDESt",
	"B.AddESt",
	"B.AdgES",
	"B.AdnESS",
	"B.AdnESs",
	"B.Ae",
	"B.Ag",
	"B.AgiES",
	"B.AglESS",
	"B.AglESs",
	"B.Ah",
	"B.AizES",
	"B.Al",
	"B.AlDESt",
	"B.AldESt",
	"B.Am",
	"B.An",
	"B.Ao",
	"B.Ap",
	"B.Ar",
	"B.ArDES",
	"B.ArbES",
	"B.ArdES",
	"B.ArgES",
	"B.ArgESt",
	"B.ArlESS",
	"B.ArlESs",
	"B.ArrES",
	"B.AryES",
	"B.As",
	"B.AsSES",
	"B.AsSESt",
	"B.AshES",
	"B.AssES",
	"B.AssESt",
	"B.AstES",
	"B.At",
	"B.AthES",
	"B.Ay",
	"B.AylES",
	"B.AzzES",
	"B.a",
	"B.aA",
	"B.aASES",
	"B.aAsES",
	"B.aD",
	"B.aDdESt",
	"B.aDgES",
	"B.aDnESS",
	"B.aDnESs",
	"B.aS",
	"B.aShES",
	"B.aSsES",
	"B.aSsESt",
	"B.aStES",
	"B.aa",
	"B.aaSES",
	"B.aasES",
	"B.abiES",
	"B.ac",
	"B.achES",
	"B.ad",
	"B.adDESt",
	"B.adgES",
	"B.adnESS",
	"B.ae",
	"B.ag",
	"B.agiES",
	"B.aglESS",
	"B.ah",
	"B.aizES",
	"B.al",
	"B.alDESt",
	"B.am",
	"B.an",
	"B.ao",
	"B.ap",
	"B.ar",
	"B.arDES",
	"B.arbES",
	"B.ardES",
	"B.argES",
	"B.arlESS",
	"B.arrES",
	"B.aryES",
	"B.as",
	"B.asSES",
	"B.asSESt",
	"B.ashES",
	"B.assES",
	"B.astES",
	"B.at",
	"B.athES",
	"B.ay",
	"B.aylES",
	"B.azzES",
	"B.e",
	"B.eArES",
	"B.eD",
	"B.eDlESS",
	"B.eDlESs",
	"B.eDrESt",
	"B.eDyES",
	"B.eS",
	"B.eSeES",
	"B.eStESt",
	"B.earES",
	"B.eckES",
	"B.ed",
	"B.edlESS",
	"B.edyES",
	"B.ee",
	"B.eevES",
	"B.eg",
	"B.egoES",
	"B.eigES",
	"B.el",
	"B.eleES",
	"B.eliES",
	"B.ellES",
	"B.en",
	"B.enjES",
	"B.ennES",
	"B.ermES",
	"B.es",
	"B.eseES",
	"B.et",
	"B.eviES",
	"B.evuES",
	"B.ey",
	"B.ez",
	"B.i",
	"B.iASES",
	"B.iAsES",
	"B.iD",
	"B.iS",
	"B.iShES",
	"B.iaSES",
	"B.iasES",
	"B.ib",
	"B.iblES",
	"B.iblESS",
	"B.id",
	"B.ig",
	"B.ignESS",
	"B.ikiES",
	"B.ilgES",
	"B.in",
	"B.ingES",
	"B.io",
	"B.iomES",
	"B.irSES",
	"B.irlES",
	"B.irsES",
	"B.is",
	"B.ishES",
	"B.it",
	"B.itlESS",
	"B.iz",
	"B.izzES",
	"B.lADES",
	"B.lAdES",
	"B.lAhESt",
	"B.lAmES",
	"B.lArES",
	"B.lAtES",
	"B.lAtESt",
	"B.lAzES",
	"B.laDES",
	"B.ladES",
	"B.lamES",
	"B.larES",
	"B.latES",
	"B.lazES",
	"B.litES",
	"B.lokES",
	"B.lorES",
	"B.luDES",
	"B.ludES",
	"B.lumES",
	"B.lypES",
	"B.o",
	"B.oA",
	"B.oD",
	"B.oDgES",
	"B.oDiES",
	"B.oDlES",
	"B.oS",
	"B.oShES",
	"B.oSiES",
	"B.oSsES",
	"B.oSsESt",
	"B.oW",
	"B.oWSES",
	"B.oWlESS",
	"B.oWlESs",
	"B.oWnES",
	"B.oWsES",
	"B.oa",
	"B.ob",
	"B.occES",
	"B.ochES",
	"B.od",
	"B.odgES",
	"B.odiES",
	"B.odlES",
	"B.og",
	"B.ogiES",
	"B.oglES",
	"B.oguES",
	"B.oh",
	"B.oi",
	"B.oitES",
	"B.ok",
	"B.olDESt",
	"B.ombES",
	"B.on",
	"B.oncES",
	"B.onnES",
	"B.onzES",
	"B.oo",
	"B.ooSES",
	"B.oosES",
	"B.oozES",
	"B.op",
	"B.or",
	"B.orDES",
	"B.ordES",
	"B.oreES",
	"B.os",
	"B.osSES",
	"B.osSESt",
	"B.oshES",
	"B.osiES",
	"B.ossES",
	"B.ot",
	"B.ottES",
	"B.ouSES",
	"B.ougES",
	"B.oulES",
	"B.ousES",
	"B.ow",
	"B.owSES",
	"B.owlESS",
	"B.ownES",
	"B.owsES",
	"B.ox",
	"B.oy",
	"B.rA",
	"B.rASES",
	"B.rAWESt",
	"B.rAcES",
	"B.rAkES",
	"B.rAlESS",
	"B.rAlESs",
	"B.rAmES",
	"B.rAnES",
	"B.rAsES",
	"B.rAvES",
	"B.rAvESt",
	"B.rAwESt",
	"B.rAzES",
	"B.ra",
	"B.raSES",
	"B.raWESt",
	"B.racES",
	"B.rakES",
	"B.ralESS",
	"B.ramES",
	"B.ranES",
	"B.rasES",
	"B.ravES",
	"B.razES",
	"B.reDES",
	"B.redES",
	"B.rerES",
	"B.revES",
	"B.riDES",
	"B.riSES",
	"B.ribES",
	"B.ridES",
	"B.rinES",
	"B.risES",
	"B.rizES",
	"B.ro",
	"B.roSES",
	"B.rokES",
	"B.romES",
	"B.rosES",
	"B.rr",
	"B.ru",
	"B.rulES",
	"B.rumES",
	"B.rutES",
	"B.ruxES",
	"B.uAzES",
	"B.uD",
	"B.uDgES",
	"B.uDlESS",
	"B.uDlESs",
	"B.uS",
	"B.uShES",
	"B.uSiES",
	"B.uSiESt",
	"B.uSsES",
	"B.uazES",
	"B.ub",
	"B.ubbES",
	"B.ubkES",
	"B.uboES",
	"B.ud",
	"B.udgES",
	"B.udlESS",
	"B.ug",
	"B.uglES",
	"B.ulSES",
	"B.ulgES",
	"B.ulsES",
	"B.um",
	"B.un",
	"B.uncES",
	"B.unjES",
	"B.upkES",
	"B.ur",
	"B.urSES",
	"B.urgESS",
	"B.uriES",
	"B.urkES",
	"B.ursES",
	"B.us",
	"B.usSES",
	"B.ushES",
	"B.usiES",
	"B.ussES",
	"B.ut",
	"B.utlES",
	"B.uttES",
	"B.uy",
	"B.uzzES",
	"B.y",
	"B.yS",
	"B.ye",
	"B.ys",
	"BA.",
	"BA.DucES",
	"BA.S",
	"BA.a",
	"BA.aS",
	"BA.aShES",
	"BA.ac",
	"BA.as",
	"BA.ashES",
	"BA.b",
	"BA.bS",
	"BA.ba",
	"BA.be",
	"BA.bs",
	"BA.ducES",
	"BA.eD",
	"BA.ed",
	"BA.er",
	"BA.et",
	"BA.iD",
	"BA.id",
	"BA.ietES",
	"BA.ioSES",
	"BA.iosES",
	"BA.jurES",
	"BA.latES",
	"BA.le",
	"BA.ly",
	"BA.o",
	"BA.oS",
	"BA.os",
	"BA.raDES",
	"BA.radES",
	"BA.regES",
	"BA.ri",
	"BA.s",
	"BA.ut",
	"BA.y",
	"BA.yS",
	"BA.ySsES",
	"BA.ye",
	"BA.ys",
	"BA.ysSES",
	"BA.yssES",
	"BAD.",
	"BAD.S",
	"BAD.ba",
	"BAD.s",
	"BAS.",
	"BAS.al",
	"BAS.e",
	"BAS.eD",
	"BAS.ed",
	"BAS.er",
	"BAS.es",
	"BAS.ha",
	"BAS.in",
	"BAS.ir",
	"BAS.le",
	"BAS.ot",
	"BAS.ra",
	"BAS.re",
	"BAS.s",
	"BASi.el",
	"BASu.le",
	"BASu.ly",
	"BAW.",
	"BAW.S",
	"BAW.s",
	"BAWS.",
	"BAWS.by",
	"BAWS.s",
	"BAWs.",
	"BAWs.S",
	"BAWs.by",
	"BAWs.s",
	"BAb.a",
	"BAb.aS",
	"BAb.as",
	"BAb.e",
	"BAb.eS",
	"BAb.el",
	"BAb.es",
	"BAb.ka",
	"BAb.oo",
	"BAb.u",
	"BAb.uS",
	"BAb.ul",
	"BAb.us",
	"BAb.y",
	"BAc.",
	"BAc.S",
	"BAc.a",
	"BAc.aS",
	"BAc.al",
	"BAc.as",
	"BAc.by",
	"BAc.er",
	"BAc.in",
	"BAc.le",
	"BAc.ob",
	"BAc.oc",
	"BAc.ooSES",
	"BAc.re",
	"BAc.s",
	"BAcS.",
	"BAcS.by",
	"BAcS.s",
	"BAcs.",
	"BAcs.S",
	"BAcs.s",
	"BAd.",
	"BAd.S",
	"BAd.ba",
	"BAd.s",
	"BAeS.ag",
	"BAeS.eD",
	"BAeS.ed",
	"BAes.eD",
	"BAf.",
	"BAf.S",
	"BAf.by",
	"BAf.le",
	"BAf.s",
	"BAg.",
	"BAg.S",
	"BAg.ba",
	"BAg.by",
	"BAg.le",
	"BAg.s",
	"BAg.y",
	"BAh.it",
	"BAh.le",
	"BAh.u",
	"BAh.uS",
	"BAh.us",
	"BAhD.a",
	"BAhD.aS",
	"BAhD.as",
	"BAhS.by",
	"BAhd.a",
	"BAhd.aS",
	"BAhr.DuSES",
	"BAiD.le",
	"BAj.",
	"BAj.S",
	"BAj.ot",
	"BAj.s",
	"BAk.",
	"BAk.S",
	"BAk.ab",
	"BAk.ar",
	"BAk.ob",
	"BAk.s",
	"BAl.",
	"BAl.Da",
	"BAl.S",
	"BAl.da",
	"BAl.el",
	"BAl.iS",
	"BAl.ia",
	"BAl.is",
	"BAl.or",
	"BAl.ra",
	"BAl.rySES",
	"BAl.s",
	"BAlS.",
	"BAlS.by",
	"BAlS.s",
	"BAlb.",
	"BAlb.S",
	"BAlb.s",
	"BAlf.",
	"BAlf.S",
	"BAlf.s",
	"BAls.",
	"BAls.S",
	"BAls.s",
	"BAm.e",
	"BAm.eS",
	"BAm.es",
	"BAn.",
	"BAn.S",
	"BAn.e",
	"BAn.eS",
	"BAn.es",
	"BAn.iS",
	"BAn.is",
	"BAn.k",
	"BAn.kS",
	"BAn.ks",
	"BAn.la",
	"BAn.ob",
	"BAn.s",
	"BAnS.",
	"BAnS.s",
	"BAna.aS",
	"BAns.",
	"BAns.S",
	"BAns.s",
	"BAoD.",
	"BAoD.S",
	"BAoD.le",
	"BAoD.s",
	"BAob.",
	"BAob.S",
	"BAob.s",
	"BAod.",
	"BAod.S",
	"BAod.s",
	"BAr.at",
	"BAr.bi",
	"BAr.i",
	"BAr.iD",
	"BAr.iDnESS",
	"BAr.iS",
	"BAr.ic",
	"BAr.id",
	"BAr.is",
	"BArD.",
	"BArD.S",
	"BArD.by",
	"BArD.ly",
	"BArD.s",
	"BAra.a",
	"BAra.aS",
	"BAra.iS",
	"BArc.",
	"BArc.S",
	"BArc.s",
	"BArd.",
	"BArd.S",
	"BArd.s",
	"BArf.",
	"BArf.S",
	"BArf.s",
	"BArg.",
	"BArg.S",
	"BArg.s",
	"BArk.",
	"BArk.S",
	"BArk.s",
	"BArt.S",
	"BArt.s",
	"BAs.",
	"BAs.S",
	"BAs.al",
	"BAs.e",
	"BAs.eD",
	"BAs.eS",
	"BAs.ed",
	"BAs.er",
	"BAs.es",
	"BAs.ha",
	"BAs.in",
	"BAs.ir",
	"BAs.le",
	"BAs.ot",
	"BAs.ra",
	"BAs.re",
	"BAs.s",
	"BAt.",
	"BAt.S",
	"BAt.biSES",
	"BAt.by",
	"BAt.eS",
	"BAt.er",
	"BAt.es",
	"BAt.i",
	"BAt.iD",
	"BAt.iS",
	"BAt.id",
	"BAt.is",
	"BAt.la",
	"BAt.le",
	"BAt.oo",
	"BAt.or",
	"BAt.s",
	"BAt.u",
	"BAt.uS",
	"BAt.un",
	"BAt.us",
	"BAtS.",
	"BAtS.le",
	"BAtS.ly",
	"BAtS.s",
	"BAts.",
	"BAts.S",
	"BAts.s",
	"BAuS.le",
	"BAuS.ly",
	"BAw.",
	"BAw.S",
	"BAw.s",
	"BAwS.",
	"BAwS.by",
	"BAwS.s",
	"BAws.",
	"BAws.S",
	"BAws.s",
	"BAy.a",
	"BAy.aS",
	"BAy.as",
	"BAy.ba",
	"BAy.by",
	"BAyD.le",
	"BAz.ra",
	"BDA.ot",
	"BDAd.od",
	"BDa.ot",
	"BDer.Ay",
	"BSAc.ah",
	"BSAg.ag",
	"BSAk.ah",
	"BSAt.ih",
	"BSac.Ah",
	"BSag.Ag",
	"BSak.Ah",
	"BSel.o",
	"BSi.A",
	"BSi.As",
	"BSi.a",
	"BSi.as",
	"BSiD.Ar",
	"BSiD.ar",
	"BSiD.ud",
	"BSid.Ar",
	"BSid.uD",
	"BSub.Ar",
	"BSub.y",
	"BWAD.ry",
	"BWAS.laDES",
	"BWAS.ladES",
	"BWAb.ee",
	"BWAb.le",
	"BWAd.ry",
	"BWAj.ox",
	"BWAs.laDES",
	"BWaD.ry",
	"BWaS.lADES",
	"BWaS.lAdES",
	"BWaS.laDES",
	"BWas.lADES",
	"BWen.",
	"BWen.S",
	"BWen.s",
	"BWoS.ug",
	"BWoh.e",
	"BWot.Ar",
	"Ba.",
	"Ba.A",
	"Ba.AS",
	"Ba.AShES",
	"Ba.Ac",
	"Ba.As",
	"Ba.AshES",
	"Ba.DucES",
	"Ba.S",
	"Ba.a",
	"Ba.aS",
	"Ba.aShES",
	"Ba.ac",
	"Ba.as",
	"Ba.b",
	"Ba.bA",
	"Ba.bS",
	"Ba.ba",
	"Ba.be",
	"Ba.bs",
	"Ba.eD",
	"Ba.ed",
	"Ba.er",
	"Ba.et",
	"Ba.iD",
	"Ba.id",
	"Ba.ioSES",
	"Ba.lAtES",
	"Ba.le",
	"Ba.ly",
	"Ba.o",
	"Ba.oS",
	"Ba.os",
	"Ba.rADES",
	"Ba.rAdES",
	"Ba.raDES",
	"Ba.ri",
	"Ba.s",
	"Ba.ut",
	"Ba.y",
	"Ba.yS",
	"Ba.ySsES",
	"Ba.ye",
	"Ba.ys",
	"Ba.ysSES",
	"BaD.",
	"BaD.S",
	"BaD.bA",
	"BaD.ba",
	"BaD.s",
	"BaS.",
	"BaS.Al",
	"BaS.al",
	"BaS.e",
	"BaS.eD",
	"BaS.ed",
	"BaS.er",
	"BaS.es",
	"BaS.hA",
	"BaS.ha",
	"BaS.in",
	"BaS.ir",
	"BaS.le",
	"BaS.ot",
	"BaS.rA",
	"BaS.ra",
	"BaS.re",
	"BaS.s",
	"BaW.",
	"BaW.S",
	"BaW.s",
	"BaWS.",
	"BaWS.by",
	"BaWS.s",
	"BaWs.",
	"BaWs.S",
	"BaWs.s",
	"Bab.A",
	"Bab.AS",
	"Bab.As",
	"Bab.a",
	"Bab.aS",
	"Bab.e",
	"Bab.eS",
	"Bab.kA",
	"Bab.u",
	"Bab.uS",
	"Bab.y",
	"Bac.",
	"Bac.A",
	"Bac.AS",
	"Bac.Al",
	"Bac.As",
	"Bac.S",
	"Bac.a",
	"Bac.aS",
	"Bac.s",
	"BacS.",
	"BacS.s",
	"Bacs.",
	"Bacs.S",
	"Bad.",
	"Bad.S",
	"Bad.bA",
	"Bad.s",
	"BaeS.Ag",
	"BaeS.eD",
	"Baf.",
	"Baf.S",
	"Baf.s",
	"Bag.",
	"Bag.S",
	"Bag.bA",
	"Bag.s",
	"Bag.y",
	"Bah.u",
	"Bah.uS",
	"BahD.A",
	"BahD.AS",
	"BahD.As",
	"BahD.a",
	"BahD.aS",
	"Bahd.A",
	"Bahd.AS",
	"Baj.",
	"Baj.S",
	"Baj.s",
	"Bak.",
	"Bak.Ab",
	"Bak.Ar",
	"Bak.S",
	"Bak.s",
	"Bal.",
	"Bal.DA",
	"Bal.Da",
	"Bal.S",
	"Bal.dA",
	"Bal.iA",
	"Bal.iS",
	"Bal.rA",
	"Bal.s",
	"BalS.",
	"BalS.s",
	"Balb.",
	"Balb.S",
	"Balf.",
	"Balf.S",
	"Bals.",
	"Bals.S",
	"Bam.e",
	"Bam.eS",
	"Ban.",
	"Ban.S",
	"Ban.e",
	"Ban.eS",
	"Ban.iS",
	"Ban.k",
	"Ban.kS",
	"Ban.lA",
	"Ban.s",
	"BanA.aS",
	"BanS.",
	"BanS.s",
	"Bana.AS",
	"Bans.",
	"Bans.S",
	"BaoD.",
	"BaoD.S",
	"BaoD.s",
	"Baob.",
	"Baob.S",
	"Baod.",
	"Baod.S",
	"Bar.At",
	"Bar.i",
	"Bar.iD",
	"Bar.iS",
	"BarA.a",
	"BarA.aS",
	"BarA.iS",
	"BarD.",
	"BarD.S",
	"BarD.s",
	"Bara.A",
	"Bara.AS",
	"Barc.",
	"Barc.S",
	"Bard.",
	"Bard.S",
	"Barf.",
	"Barf.S",
	"Barg.",
	"Barg.S",
	"Bark.",
	"Bark.S",
	"Bart.S",
	"Bas.",
	"Bas.Al",
	"Bas.S",
	"Bas.e",
	"Bas.eD",
	"Bas.eS",
	"Bas.hA",
	"Bas.rA",
	"Bas.s",
	"Bat.",
	"Bat.S",
	"Bat.eS",
	"Bat.i",
	"Bat.iD",
	"Bat.iS",
	"Bat.lA",
	"Bat.s",
	"Bat.u",
	"Bat.uS",
	"BatS.",
	"BatS.s",
	"Bats.",
	"Bats.S",
	"Baw.",
	"Baw.S",
	"Baw.s",
	"BawS.",
	"BawS.s",
	"Baws.",
	"Baws.S",
	"Bay.A",
	"Bay.AS",
	"Bay.As",
	"Bay.a",
	"Bay.aS",
	"Bay.bA",
	"Baz.rA",
	"BbA.",
	"BbA.S",
	"BbA.a",
	"BbA.aS",
	"BbA.as",
	"BbA.e",
	"BbA.eD",
	"BbA.eS",
	"BbA.eSsES",
	"BbA.ed",
	"BbA.es",
	"BbA.esSES",
	"BbA.ey",
	"BbA.ot",
	"BbA.s",
	"BbAD.a",
	"BbAD.aS",
	"BbAD.as",
	"BbAD.ed",
	"BbAD.er",
	"BbAD.le",
	"BbAS.at",
	"BbAS.eD",
	"BbAS.ed",
	"BbAW.it",
	"BbAW.le",
	"BbAW.ly",
	"BbAc.eD",
	"BbAc.y",
	"BbAd.a",
	"BbAd.aS",
	"BbAd.eD",
	"BbAf.y",
	"BbAg.a",
	"BbAg.aS",
	"BbAg.eD",
	"BbAg.y",
	"BbAj.eD",
	"BbAn.eD",
	"BbAr.i",
	"BbAr.iS",
	"BbAs.eD",
	"BbAt.eD",
	"BbAt.iS",
	"BbAt.y",
	"BbAy.a",
	"BbAy.aS",
	"BbAy.y",
	"Bba.",
	"Bba.A",
	"Bba.AS",
	"Bba.As",
	"Bba.S",
	"Bba.a",
	"Bba.aS",
	"Bba.e",
	"Bba.eD",
	"Bba.eS",
	"Bba.s",
	"BbaD.A",
	"BbaD.AS",
	"BbaD.As",
	"BbaD.a",
	"BbaD.aS",
	"BbaS.At",
	"BbaS.eD",
	"Bbad.A",
	"Bbad.AS",
	"Bbag.A",
	"Bbag.AS",
	"Bbay.A",
	"Bbay.AS",
	"Bbe.",
	"Bbe.S",
	"Bbe.eD",
	"Bbe.s",
	"BbeD.y",
	"BbeW.eD",
	"BbeW.y",
	"Bbet.AD",
	"BbiD.S",
	"BbiD.s",
	"BbiS.",
	"BbiS.s",
	"Bbib.",
	"Bbib.S",
	"Bbid.S",
	"Bbij.",
	"Bbij.A",
	"Bbij.AS",
	"Bbij.S",
	"Bbis.",
	"Bbis.S",
	"BboD.y",
	"BboS.eD",
	"Bboc.",
	"Bboc.S",
	"BbuD.o",
	"BbuD.oS",
	"BbuS.eD",
	"BbuS.y",
	"Bbub.A",
	"Bbub.AS",
	"BbyS.e",
	"BcAS.ut",
	"BdA.ot",
	"BdAD.od",
	"BdAd.oD",
	"Be.b",
	"Be.bS",
	"Be.bs",
	"Be.on",
	"BeD.",
	"BeD.AclES",
	"BeD.Ag",
	"BeD.Ar",
	"BeD.S",
	"BeD.ag",
	"BeD.ar",
	"BeD.by",
	"BeD.e",
	"BeD.eS",
	"BeD.el",
	"BeD.es",
	"BeD.it",
	"BeD.oShES",
	"BeD.oSsES",
	"BeD.osSES",
	"BeD.s",
	"BeD.t",
	"BeD.tS",
	"BeD.ts",
	"BeD.uS",
	"BeD.uSsES",
	"BeD.ud",
	"BeD.ug",
	"BeD.ur",
	"BeD.us",
	"BeD.usSES",
	"BeD.ut",
	"BeD.ye",
	"BeS.um",
	"BeW.",
	"BeW.S",
	"BeW.SitES",
	"BeW.by",
	"BeW.er",
	"BeW.pAgES",
	"BeW.s",
	"Bec.iD",
	"Bed.",
	"Bed.Ag",
	"Bed.Ar",
	"Bed.S",
	"Bed.e",
	"Bed.eS",
	"Bed.s",
	"Bed.t",
	"Bed.tS",
	"Bed.uD",
	"Bed.uS",
	"Beef.",
	"Beef.S",
	"Beh.e",
	"Beh.eS",
	"BeiD.",
	"BeiD.S",
	"BeiD.s",
	"Beid.",
	"Beid.S",
	"Bek.",
	"Bek.Ab",
	"Bek.Ar",
	"Bek.S",
	"Bek.s",
	"BelS.",
	"BelS.s",
	"Belb.",
	"Belb.S",
	"Belg.A",
	"Belp.",
	"Belp.S",
	"Bels.",
	"Bels.S",
	"Bem.oS",
	"BemA.a",
	"BemA.aS",
	"Bema.A",
	"Bema.AS",
	"Ben.",
	"Ben.S",
	"Ben.s",
	"BenS.",
	"BenS.s",
	"Bens.",
	"Bens.S",
	"Bep.A",
	"Bep.AS",
	"Bep.As",
	"Bep.a",
	"Bep.aS",
	"Ber.",
	"Ber.ADgES",
	"Ber.Ar",
	"Ber.S",
	"Ber.iD",
	"Ber.s",
	"Ber.uS",
	"Bew.",
	"Bew.S",
	"Bew.s",
	"Bey.o",
	"Bez.rA",
	"Bez.u",
	"Bez.uS",
	"BgAS.ut",
	"Bi.ex",
	"Bi.iS",
	"Bi.is",
	"BiD.",
	"BiD.S",
	"BiD.bS",
	"BiD.bs",
	"BiD.s",
	"BiS.",
	"BiS.b",
	"BiS.bs",
	"BiS.s",
	"BiS.yl",
	"Bib.",
	"Bib.S",
	"Bib.b",
	"Bib.bS",
	"Bib.e",
	"Bib.eS",
	"Bib.s",
	"Bid.",
	"Bid.S",
	"Bid.bS",
	"Bid.s",
	"Biec.A",
	"Biec.AS",
	"Bif.",
	"Bif.S",
	"Bif.s",
	"Big.",
	"Big.S",
	"Big.e",
	"Big.eD",
	"Big.eS",
	"Big.s",
	"Big.uS",
	"BihS.Ah",
	"Bihc.",
	"Bihc.S",
	"Bij.",
	"Bij.S",
	"Bij.b",
	"Bij.bA",
	"Bij.bS",
	"Bij.e",
	"Bij.eD",
	"Bij.eS",
	"Bij.s",
	"BijD.bA",
	"Bik.e",
	"Bik.eS",
	"Bik.lA",
	"Bil.",
	"Bil.S",
	"Bil.rA",
	"Bil.s",
	"BilA.i",
	"BilA.iS",
	"Bilg.",
	"Bilg.S",
	"Bim.",
	"Bim.S",
	"Bim.s",
	"Bin.",
	"Bin.S",
	"Bin.s",
	"BinS.",
	"BinS.s",
	"Bins.",
	"Bins.S",
	"Bip.Al",
	"Biq.lA",
	"Bir.",
	"Bir.A",
	"Bir.AS",
	"Bir.As",
	"Bir.S",
	"Bir.a",
	"Bir.aS",
	"Bir.eS",
	"Bir.s",
	"BirD.",
	"BirD.S",
	"BirD.s",
	"Birc.",
	"Birc.S",
	"Bird.",
	"Bird.S",
	"Birf.",
	"Birf.S",
	"Bis.",
	"Bis.S",
	"Bis.b",
	"Bis.bS",
	"Bis.s",
	"Bit.iA",
	"Biv.S",
	"Biv.e",
	"Biv.eS",
	"Biv.s",
	"Bk.Ar",
	"Bk.ar",
	"BlA.",
	"BlA.S",
	"BlA.a",
	"BlA.aS",
	"BlA.as",
	"BlA.e",
	"BlA.eDoES",
	"BlA.ee",
	"BlA.s",
	"BlA.um",
	"Bla.",
	"Bla.A",
	"Bla.AS",
	"Bla.As",
	"Bla.S",
	"Bla.a",
	"Bla.aS",
	"Bla.e",
	"Bla.s",
	"Ble.oW",
	"Blem.A",
	"Blub.",
	"Blub.S",
	"BmA.SacES",
	"BmA.an",
	"BmA.er",
	"BmA.it",
	"BmA.le",
	"BmA.o",
	"BmA.oS",
	"BmA.os",
	"BmA.ry",
	"BmA.uShES",
	"BmAS.a",
	"BmAS.al",
	"BmAS.ar",
	"BmAS.as",
	"BmAS.o",
	"BmAS.os",
	"BmAS.ur",
	"BmAW.le",
	"BmAW.ly",
	"BmAb.i",
	"BmAb.iS",
	"BmAg.",
	"BmAg.S",
	"BmAg.a",
	"BmAg.aS",
	"BmAg.e",
	"BmAg.eS",
	"BmAg.o",
	"BmAg.oS",
	"BmAg.s",
	"BmAh.a",
	"BmAi.",
	"BmAi.S",
	"BmAi.i",
	"BmAi.s",
	"BmAi.uS",
	"BmAj.",
	"BmAj.S",
	"BmAj.e",
	"BmAj.eD",
	"BmAj.eS",
	"BmAj.o",
	"BmAj.s",
	"BmAj.u",
	"BmAj.uS",
	"BmAl.",
	"BmAl.Da",
	"BmAl.S",
	"BmAl.eD",
	"BmAl.s",
	"BmAl.y",
	"BmAm.a",
	"BmAm.aS",
	"BmAm.o",
	"BmAm.oS",
	"BmAs.a",
	"BmAs.aS",
	"BmAs.o",
	"BmAs.oS",
	"BmAz.o",
	"BmAz.oS",
	"Bma.An",
	"Bma.SAcES",
	"Bma.o",
	"Bma.oS",
	"BmaS.A",
	"BmaS.Al",
	"BmaS.Ar",
	"BmaS.As",
	"BmaS.a",
	"BmaS.o",
	"Bmag.",
	"Bmag.A",
	"Bmag.AS",
	"Bmag.S",
	"Bmah.A",
	"Bmai.",
	"Bmai.S",
	"Bmaj.",
	"Bmaj.S",
	"Bmal.",
	"Bmal.DA",
	"Bmal.S",
	"Bmam.A",
	"Bmam.AS",
	"Bmas.A",
	"Bmas.AS",
	"Bme.Ar",
	"Bme.Ay",
	"Bme.eD",
	"Bme.oW",
	"Bme.uS",
	"BmeW.",
	"BmeW.S",
	"BmeW.s",
	"Bmek.",
	"Bmek.S",
	"Bmew.",
	"Bmew.S",
	"Bmi.Ar",
	"Bmi.eD",
	"BmiD.o",
	"BmiD.oS",
	"BmiS.A",
	"BmiS.As",
	"BmiS.a",
	"Bmil.",
	"Bmil.A",
	"Bmil.AS",
	"Bmil.S",
	"Bmin.",
	"Bmin.S",
	"Bmis.A",
	"Bmis.AS",
	"Bmiz.",
	"Bmiz.S",
	"Bmo.u",
	"Bmo.uS",
	"BmoW.",
	"BmoW.At",
	"BmoW.S",
	"BmoW.eD",
	"BmoW.s",
	"BmoW.y",
	"Bmob.",
	"Bmob.S",
	"Bmoc.",
	"Bmoc.S",
	"Bmot.",
	"Bmot.S",
	"Bmow.",
	"Bmow.S",
	"Bmu.o",
	"Bmu.oS",
	"Bmu.rA",
	"BmuD.",
	"BmuD.S",
	"BmuD.o",
	"BmuD.oS",
	"BmuD.s",
	"Bmud.",
	"Bmud.S",
	"Bmun.",
	"Bmun.S",
	"Bmur.A",
	"Bmur.AS",
	"Bni.y",
	"Bnu.Ag",
	"Bnu.An",
	"Bnu.Ar",
	"Bnu.e",
	"Bnu.eD",
	"Bnu.iASES",
	"Bnu.iD",
	"BnuS.eD",
	"BnuS.oW",
	"Bo.",
	"Bo.A",
	"Bo.AS",
	"Bo.As",
	"Bo.DurES",
	"Bo.S",
	"Bo.a",
	"Bo.aS",
	"Bo.as",
	"Bo.e",
	"Bo.eS",
	"Bo.es",
	"Bo.ey",
	"Bo.i",
	"Bo.iA",
	"Bo.iS",
	"Bo.ia",
	"Bo.is",
	"Bo.it",
	"Bo.lAtES",
	"Bo.o",
	"Bo.oS",
	"Bo.oe",
	"Bo.ol",
	"Bo.os",
	"Bo.s",
	"Bo.vS",
	"Bo.vs",
	"BoD.",
	"BoD.S",
	"BoD.by",
	"BoD.e",
	"BoD.eS",
	"BoD.es",
	"BoD.ie",
	"BoD.lA",
	"BoD.la",
	"BoD.rA",
	"BoD.ra",
	"BoD.ro",
	"BoD.s",
	"BoD.y",
	"BoDA.e",
	"BoDA.eS",
	"BoDA.es",
	"BoDA.o",
	"BoDA.oS",
	"BoDA.os",
	"BoDa.e",
	"BoDa.eS",
	"BoDa.o",
	"BoDa.oS",
	"BoS.",
	"BoS.A",
	"BoS.As",
	"BoS.a",
	"BoS.as",
	"BoS.er",
	"BoS.s",
	"BoSD.o",
	"BoSD.os",
	"BoSd.o",
	"BoSi.Ar",
	"BoWS.",
	"BoWS.s",
	"BoWs.",
	"BoWs.S",
	"BoWs.s",
	"Bob.",
	"Bob.A",
	"Bob.AS",
	"Bob.Ac",
	"Bob.Ak",
	"Bob.As",
	"Bob.S",
	"Bob.a",
	"Bob.aS",
	"Bob.o",
	"Bob.oS",
	"Bob.s",
	"Boc.",
	"Boc.S",
	"Boc.b",
	"Boc.bS",
	"Boc.iA",
	"Boc.rA",
	"Boc.s",
	"Boc.zA",
	"Bod.",
	"Bod.S",
	"Bod.e",
	"Bod.eS",
	"Bod.lA",
	"Bod.rA",
	"Bod.s",
	"Bod.y",
	"BodA.e",
	"BodA.eS",
	"BodA.o",
	"BodA.oS",
	"Bof.",
	"Bof.S",
	"Bof.s",
	"Bog.",
	"Bog.An",
	"Bog.Ar",
	"Bog.S",
	"Bog.i",
	"Bog.iS",
	"Bog.o",
	"Bog.oS",
	"Bog.s",
	"Bog.y",
	"Boh.",
	"Boh.S",
	"Boh.o",
	"Boh.oS",
	"Boh.s",
	"BohD.i",
	"BohD.iS",
	"Boj.",
	"Boj.S",
	"Boj.e",
	"Boj.eD",
	"Boj.eS",
	"Boj.s",
	"Bok.",
	"Bok.An",
	"Bok.S",
	"Bok.o",
	"Bok.oS",
	"Bok.s",
	"Bol.",
	"Bol.Ar",
	"Bol.S",
	"Bol.e",
	"Bol.eD",
	"Bol.eS",
	"Bol.i",
	"Bol.o",
	"Bol.oS",
	"Bol.s",
	"Bol.uS",
	"BolS.",
	"BolS.s",
	"Bolb.",
	"Bolb.S",
	"Bolf.",
	"Bolf.S",
	"Bolg.",
	"Bolg.S",
	"Bols.",
	"Bols.S",
	"Bom.",
	"Bom.S",
	"Bom.e",
	"Bom.eS",
	"Bom.s",
	"Bom.y",
	"Bon.",
	"Bon.S",
	"Bon.s",
	"BonS.",
	"BonS.s",
	"Bonk.",
	"Bonk.S",
	"Bons.",
	"Bons.S",
	"BooD.",
	"BooD.S",
	"BooD.s",
	"Boob.",
	"Boob.S",
	"Bood.",
	"Bood.S",
	"Boom.S",
	"Boon.",
	"Boon.S",
	"Bor.",
	"Bor.S",
	"Bor.e",
	"Bor.eD",
	"Bor.eS",
	"Bor.s",
	"BorA.a",
	"BorA.aS",
	"Bora.A",
	"Bora.AS",
	"Borp.",
	"Borp.S",
	"Bos.",
	"Bos.A",
	"Bos.AS",
	"Bos.As",
	"Bos.S",
	"Bos.a",
	"Bos.aS",
	"Bos.s",
	"BosD.o",
	"BosD.oS",
	"Bot.y",
	"BotS.",
	"BotS.s",
	"Bots.",
	"Bots.S",
	"BowS.",
	"BowS.s",
	"Bows.",
	"Bows.S",
	"Boy.",
	"Boy.S",
	"Boy.s",
	"Boz.o",
	"Boz.oS",
	"Boz.u",
	"Boz.uS",
	"Bpu.oW",
	"Bpu.y",
	"BrA.",
	"BrA.S",
	"BrA.a",
	"BrA.aS",
	"BrA.as",
	"BrA.or",
	"BrA.s",
	"BrAD.",
	"BrAD.S",
	"BrAD.ar",
	"BrAD.s",
	"BrAW.",
	"BrAW.S",
	"BrAW.le",
	"BrAW.ly",
	"BrAW.ot",
	"BrAW.s",
	"BrAW.y",
	"BrAb.",
	"BrAb.S",
	"BrAb.e",
	"BrAb.eD",
	"BrAb.eS",
	"BrAb.s",
	"BrAb.y",
	"BrAc.",
	"BrAc.S",
	"BrAc.o",
	"BrAc.oS",
	"BrAc.s",
	"BrAc.y",
	"BrAd.",
	"BrAd.S",
	"BrAd.s",
	"BrAe.uD",
	"BrAg.",
	"BrAg.S",
	"BrAg.e",
	"BrAg.eD",
	"BrAg.eS",
	"BrAg.o",
	"BrAg.oS",
	"BrAg.s",
	"BrAw.",
	"BrAw.S",
	"BrAw.s",
	"BrAw.y",
	"Bra.",
	"Bra.A",
	"Bra.AS",
	"Bra.As",
	"Bra.S",
	"Bra.a",
	"Bra.aS",
	"Bra.s",
	"BraD.",
	"BraD.Ar",
	"BraD.S",
	"BraD.s",
	"BraW.",
	"BraW.S",
	"BraW.s",
	"BraW.y",
	"Brab.",
	"Brab.S",
	"Brac.",
	"Brac.S",
	"Brad.",
	"Brad.S",
	"Brag.",
	"Brag.S",
	"Braw.",
	"Braw.S",
	"Bre.iA",
	"BreD.y",
	"Breh.",
	"Breh.S",
	"Brek.",
	"Brek.S",
	"Brev.",
	"Brev.S",
	"Brey.A",
	"Brey.AS",
	"BriA.uS",
	"Bro.",
	"Bro.S",
	"Bro.eD",
	"Bro.s",
	"Bro.y",
	"BroD.",
	"BroD.A",
	"BroD.AS",
	"BroD.As",
	"BroD.S",
	"BroD.a",
	"BroD.aS",
	"BroD.s",
	"BroS.",
	"BroS.eD",
	"BroS.o",
	"BroS.s",
	"Brod.",
	"Brod.A",
	"Brod.AS",
	"Brod.S",
	"Brof.",
	"Brof.AD",
	"Brof.S",
	"Bros.",
	"Bros.S",
	"Bru.",
	"Bru.An",
	"Bru.S",
	"Bru.iA",
	"Bru.s",
	"BruD.Ar",
	"BruS.eD",
	"Brub.",
	"Brub.S",
	"Bruc.",
	"Bruc.S",
	"Bsi.A",
	"Bsi.AS",
	"Bsi.As",
	"Bsi.a",
	"Bsi.aS",
	"BsiD.Ar",
	"BuAD.",
	"BuAD.S",
	"BuAD.e",
	"BuAD.eS",
	"BuAD.ed",
	"BuAD.er",
	"BuAD.es",
	"BuAD.ry",
	"BuAD.s",
	"BuAD.y",
	"BuAS.a",
	"BuAS.as",
	"BuAd.",
	"BuAd.S",
	"BuAd.e",
	"BuAd.eD",
	"BuAd.eS",
	"BuAd.s",
	"BuAd.y",
	"BuAm.y",
	"BuAs.a",
	"BuAs.aS",
	"BuAt.e",
	"BuAt.eS",
	"BuD.",
	"BuD.S",
	"BuD.bo",
	"BuD.s",
	"BuS.",
	"BuS.A",
	"BuS.Ah",
	"BuS.As",
	"BuS.DucES",
	"BuS.a",
	"BuS.ah",
	"BuS.as",
	"BuS.bAsES",
	"BuS.by",
	"BuS.coDES",
	"BuS.er",
	"BuS.hA",
	"BuS.ha",
	"BuS.lAtES",
	"BuS.rAcES",
	"BuS.s",
	"BuS.sAlES",
	"BuS.siDES",
	"BuSt.A",
	"BuSt.As",
	"BuSt.a",
	"BuSt.o",
	"BuaD.",
	"BuaD.S",
	"BuaD.e",
	"BuaD.eS",
	"BuaD.s",
	"BuaD.y",
	"BuaS.A",
	"BuaS.As",
	"BuaS.a",
	"Buad.",
	"Buad.S",
	"Buas.A",
	"Buas.AS",
	"Bub.",
	"Bub.A",
	"Bub.AS",
	"Bub.Al",
	"Bub.As",
	"Bub.S",
	"Bub.a",
	"Bub.aS",
	"Bub.bA",
	"Bub.o",
	"Bub.s",
	"Bub.u",
	"Bub.uS",
	"Buc.",
	"Buc.S",
	"Buc.e",
	"Buc.eD",
	"Buc.eS",
	"Buc.s",
	"BucS.A",
	"BucS.As",
	"BucS.a",
	"Bucs.A",
	"Bucs.AS",
	"Bud.",
	"Bud.S",
	"Bud.s",
	"Buf.",
	"Buf.Ar",
	"Buf.S",
	"Buf.Sy",
	"Buf.s",
	"Bug.",
	"Bug.S",
	"Bug.s",
	"Buh.",
	"Buh.S",
	"Buh.s",
	"Buhc.",
	"Buhc.S",
	"Buj.A",
	"Buj.AS",
	"Buj.As",
	"Buj.a",
	"Buj.aS",
	"Buj.e",
	"Buj.eS",
	"Bul.e",
	"Bul.eD",
	"Bul.eS",
	"Bul.rA",
	"BulS.",
	"BulS.b",
	"BulS.s",
	"Bulb.",
	"Bulb.S",
	"Bulc.",
	"Bulc.S",
	"Bulf.",
	"Bulf.S",
	"Buls.",
	"Buls.S",
	"Bun.",
	"Bun.S",
	"Bun.iA",
	"Bun.s",
	"BunS.",
	"BunS.s",
	"Bunk.",
	"Bunk.S",
	"Buns.",
	"Buns.S",
	"Buo.AaSES",
	"Buo.aASES",
	"BuoD.t",
	"BuoD.tS",
	"Bup.",
	"Bup.S",
	"Bup.e",
	"Bup.eS",
	"Bup.iS",
	"Bup.s",
	"Bur.",
	"Bur.ASsES",
	"Bur.Ai",
	"Bur.AsSES",
	"Bur.S",
	"Bur.e",
	"Bur.eS",
	"Bur.s",
	"Bur.uS",
	"Bur.y",
	"BurD.",
	"BurD.S",
	"BurD.s",
	"Burd.",
	"Burd.S",
	"Burg.",
	"Burg.S",
	"Bus.",
	"Bus.A",
	"Bus.AS",
	"Bus.Ah",
	"Bus.As",
	"Bus.S",
	"Bus.SAlES",
	"Bus.SiDES",
	"Bus.a",
	"Bus.aS",
	"Bus.bASES",
	"Bus.hA",
	"Bus.s",
	"Bust.A",
	"Bust.AS",
	"But.",
	"But.A",
	"But.AS",
	"But.Ae",
	"But.Al",
	"But.Ar",
	"But.As",
	"But.S",
	"But.a",
	"But.aS",
	"But.e",
	"But.eD",
	"But.eS",
	"But.s",
	"ButS.",
	"ButS.s",
	"Buts.",
	"Buts.S",
	"BwAD.ry",
	"BwAS.laDES",
	"BwaS.lADES",
	"Bwen.",
	"Bwen.S",
	"Bxo.oW",
	"By.et",
	"ByAD.ed",
	"ByAD.oy",
	"ByAd.eD",
	"ByAm.e",
	"ByAm.eS",
	"ByS.be",
	"ByS.il",
	"ByS.o",
	"ByS.oW",
	"ByS.oe",
	"ByS.ow",
	"Byg.e",
	"Byg.eD",
	"Byg.eS",
	"Byk.o",
	"Byk.oS",
	"Byr.At",
	"Bys.o",
	"Bys.oW"
]