[
	"b.A",
	"b.AD",
	"b.ADdESt",
	"b.ADgES",
	"b.ADnESS",
	"b.ADnESs",
	"b.AS",
	"b.AShES",
	"b.ASsES",
	"b.ASsESt",
	"b.AStES",
	"b.Aa",
	"b.AaSES",
	"b.AasES",
	"b.AbiES",
	"b.AbiESt",
	"b.Ac",
	"b.AchES",
	"b.Ad",
	"b.AdDESt",
	"b.AddESt",
	"b.AdgES",
	"b.AdnESS",
	"b.AdnESs",
	"b.Ae",
	"b.Ag",
	"b.AgiES",
	"b.AglESS",
	"b.AglESs",
	"b.Ah",
	"b.AizES",
	"b.Al",
	"b.AlDESt",
	"b.AldESt",
	"b.Am",
	"b.An",
	"b.Ao",
	"b.Ap",
	"b.Ar",
	"b.ArDES",
	"b.ArbES",
	"b.ArdES",
	"b.ArgES",
	"b.ArgESt",
	"b.ArlESS",
	"b.ArlESs",
	"b.ArrES",
	"b.AryES",
	"b.As",
	"b.AsSES",
	"b.AsSESt",
	"b.AshES",
	"b.AssES",
	"b.AssESt",
	"b.AstES",
	"b.At",
	"b.AthES",
	"b.Ay",
	"b.AylES",
	"b.AzzES",
	"b.a",
	"b.aA",
	"b.aASES",
	"b.aAsES",
	"b.aD",
	"b.aDdESt",
	"b.aDgES",
	"b.aDnESS",
	"b.aDnESs",
	"b.aS",
	"b.aShES",
	"b.aSsES",
	"b.aSsESt",
	"b.aStES",
	"b.aa",
	"b.aaSES",
	"b.aasES",
	"b.abiES",
	"b.ac",
	"b.achES",
	"b.ad",
	"b.adDESt",
	"b.adgES",
	"b.adnESS",
	"b.ae",
	"b.ag",
	"b.agiES",
	"b.aglESS",
	"b.ah",
	"b.aizES",
	"b.al",
	"b.alDESt",
	"b.am",
	"b.an",
	"b.ao",
	"b.ap",
	"b.ar",
	"b.arDES",
	"b.arbES",
	"b.ardES",
	"b.argES",
	"b.arlESS",
	"b.arrES",
	"b.aryES",
	"b.as",
	"b.asSES",
	"b.asSESt",
	"b.ashES",
	"b.assES",
	"b.astES",
	"b.at",
	"b.athES",
	"b.ay",
	"b.aylES",
	"b.azzES",
	"b.e",
	"b.eArES",
	"b.eD",
	"b.eDlESS",
	"b.eDlESs",
	"b.eDrESt",
	"b.eDyES",
	"b.eS",
	"b.eSeES",
	"b.eStESt",
	"b.earES",
	"b.eckES",
	"b.ed",
	"b.edlESS",
	"b.edyES",
	"b.ee",
	"b.eevES",
	"b.eg",
	"b.egoES",
	"b.eigES",
	"b.el",
	"b.eleES",
	"b.eliES",
	"b.ellES",
	"b.en",
	"b.enjES",
	"b.ennES",
	"b.ermES",
	"b.es",
	"b.eseES",
	"b.et",
	"b.eviES",
	"b.evuES",
	"b.ey",
	"b.ez",
	"b.i",
	"b.iASES",
	"b.iAsES",
	"b.iD",
	"b.iS",
	"b.iShES",
	"b.iaSES",
	"b.iasES",
	"b.ib",
	"b.iblES",
	"b.iblESS",
	"b.id",
	"b.ig",
	"b.ignESS",
	"b.ikiES",
	"b.ilgES",
	"b.in",
	"b.ingES",
	"b.io",
	"b.iomES",
	"b.irSES",
	"b.irlES",
	"b.irsES",
	"b.is",
	"b.ishES",
	"b.it",
	"b.itlESS",
	"b.iz",
	"b.izzES",
	"b.lADES",
	"b.lAdES",
	"b.lAhESt",
	"b.lAmES",
	"b.lArES",
	"b.lAtES",
	"b.lAtESt",
	"b.lAzES",
	"b.laDES",
	"b.ladES",
	"b.lamES",
	"b.larES",
	"b.latES",
	"b.lazES",
	"b.litES",
	"b.lokES",
	"b.lorES",
	"b.luDES",
	"b.ludES",
	"b.lumES",
	"b.lypES",
	"b.o",
	"b.oA",
	"b.oD",
	"b.oDgES",
	"b.oDiES",
	"b.oDlES",
	"b.oS",
	"b.oShES",
	"b.oSiES",
	"b.oSsES",
	"b.oSsESt",
	"b.oW",
	"b.oWSES",
	"b.oWlESS",
	"b.oWlESs",
	"b.oWnES",
	"b.oWsES",
	"b.oa",
	"b.ob",
	"b.occES",
	"b.ochES",
	"b.od",
	"b.odgES",
	"b.odiES",
	"b.odlES",
	"b.og",
	"b.ogiES",
	"b.oglES",
	"b.oguES",
	"b.oh",
	"b.oi",
	"b.oitES",
	"b.ok",
	"b.olDESt",
	"b.ombES",
	"b.on",
	"b.oncES",
	"b.onnES",
	"b.onzES",
	"b.oo",
	"b.ooSES",
	"b.oosES",
	"b.oozES",
	"b.op",
	"b.or",
	"b.orDES",
	"b.ordES",
	"b.oreES",
	"b.os",
	"b.osSES",
	"b.osSESt",
	"b.oshES",
	"b.osiES",
	"b.ossES",
	"b.ot",
	"b.ottES",
	"b.ouSES",
	"b.ougES",
	"b.oulES",
	"b.ousES",
	"b.ow",
	"b.owSES",
	"b.owlESS",
	"b.ownES",
	"b.owsES",
	"b.ox",
	"b.oy",
	"b.rA",
	"b.rASES",
	"b.rAWESt",
	"b.rAcES",
	"b.rAkES",
	"b.rAlESS",
	"b.rAlESs",
	"b.rAmES",
	"b.rAnES",
	"b.rAsES",
	"b.rAvES",
	"b.rAvESt",
	"b.rAwESt",
	"b.rAzES",
	"b.ra",
	"b.raSES",
	"b.raWESt",
	"b.racES",
	"b.rakES",
	"b.ralESS",
	"b.ramES",
	"b.ranES",
	"b.rasES",
	"b.ravES",
	"b.razES",
	"b.reDES",
	"b.redES",
	"b.rerES",
	"b.revES",
	"b.riDES",
	"b.riSES",
	"b.ribES",
	"b.ridES",
	"b.rinES",
	"b.risES",
	"b.rizES",
	"b.ro",
	"b.roSES",
	"b.rokES",
	"b.romES",
	"b.rosES",
	"b.rr",
	"b.ru",
	"b.rulES",
	"b.rumES",
	"b.rutES",
	"b.ruxES",
	"b.uAzES",
	"b.uD",
	"b.uDgES",
	"b.uDlESS",
	"b.uDlESs",
	"b.uS",
	"b.uShES",
	"b.uSiES",
	"b.uSiESt",
	"b.uSsES",
	"b.uazES",
	"b.ub",
	"b.ubbES",
	"b.ubkES",
	"b.uboES",
	"b.ud",
	"b.udgES",
	"b.udlESS",
	"b.ug",
	"b.uglES",
	"b.ulSES",
	"b.ulgES",
	"b.ulsES",
	"b.um",
	"b.un",
	"b.uncES",
	"b.unjES",
	"b.upkES",
	"b.ur",
	"b.urSES",
	"b.urgESS",
	"b.uriES",
	"b.urkES",
	"b.ursES",
	"b.us",
	"b.usSES",
	"b.ushES",
	"b.usiES",
	"b.ussES",
	"b.ut",
	"b.utlES",
	"b.uttES",
	"b.uy",
	"b.uzzES",
	"b.y",
	"b.yS",
	"b.ye",
	"b.ys",
	"bA.",
	"bA.DucES",
	"bA.S",
	"bA.a",
	"bA.aS",
	"bA.aShES",
	"bA.ac",
	"bA.as",
	"bA.ashES",
	"bA.b",
	"bA.bS",
	"bA.ba",
	"bA.be",
	"bA.bs",
	"bA.ducES",
	"bA.eD",
	"bA.ed",
	"bA.er",
	"bA.et",
	"bA.iD",
	"bA.id",
	"bA.ietES",
	"bA.ioSES",
	"bA.iosES",
	"bA.jurES",
	"bA.latES",
	"bA.le",
	"bA.ly",
	"bA.o",
	"bA.oS",
	"bA.os",
	"bA.raDES",
	"bA.radES",
	"bA.regES",
	"bA.ri",
	"bA.s",
	"bA.ut",
	"bA.y",
	"bA.yS",
	"bA.ySsES",
	"bA.ye",
	"bA.ys",
	"bA.ysSES",
	"bA.yssES",
	"bAD.",
	"bAD.S",
	"bAD.ba",
	"bAD.s",
	"bAS.",
	"bAS.al",
	"bAS.e",
	"bAS.eD",
	"bAS.ed",
	"bAS.er",
	"bAS.es",
	"bAS.ha",
	"bAS.in",
	"bAS.ir",
	"bAS.le",
	"bAS.ot",
	"bAS.ra",
	"bAS.re",
	"bAS.s",
	"bASi.el",
	"bASu.le",
	"bASu.ly",
	"bAW.",
	"bAW.S",
	"bAW.s",
	"bAWS.",
	"bAWS.by",
	"bAWS.s",
	"bAWs.",
	"bAWs.S",
	"bAWs.by",
	"bAWs.s",
	"bAb.a",
	"bAb.aS",
	"bAb.as",
	"bAb.e",
	"bAb.eS",
	"bAb.el",
	"bAb.es",
	"bAb.ka",
	"bAb.oo",
	"bAb.u",
	"bAb.uS",
	"bAb.ul",
	"bAb.us",
	"bAb.y",
	"bAc.",
	"bAc.S",
	"bAc.a",
	"bAc.aS",
	"bAc.al",
	"bAc.as",
	"bAc.by",
	"bAc.er",
	"bAc.in",
	"bAc.le",
	"bAc.ob",
	"bAc.oc",
	"bAc.ooSES",
	"bAc.re",
	"bAc.s",
	"bAcS.",
	"bAcS.by",
	"bAcS.s",
	"bAcs.",
	"bAcs.S",
	"bAcs.s",
	"bAd.",
	"bAd.S",
	"bAd.ba",
	"bAd.s",
	"bAeS.ag",
	"bAeS.eD",
	"bAeS.ed",
	"bAes.eD",
	"bAf.",
	"bAf.S",
	"bAf.by",
	"bAf.le",
	"bAf.s",
	"bAg.",
	"bAg.S",
	"bAg.ba",
	"bAg.by",
	"bAg.le",
	"bAg.s",
	"bAg.y",
	"bAh.it",
	"bAh.le",
	"bAh.u",
	"bAh.uS",
	"bAh.us",
	"bAhD.a",
	"bAhD.aS",
	"bAhD.as",
	"bAhS.by",
	"bAhd.a",
	"bAhd.aS",
	"bAhr.DuSES",
	"bAiD.le",
	"bAj.",
	"bAj.S",
	"bAj.ot",
	"bAj.s",
	"bAk.",
	"bAk.S",
	"bAk.ab",
	"bAk.ar",
	"bAk.ob",
	"bAk.s",
	"bAl.",
	"bAl.Da",
	"bAl.S",
	"bAl.da",
	"bAl.el",
	"bAl.iS",
	"bAl.ia",
	"bAl.is",
	"bAl.or",
	"bAl.ra",
	"bAl.rySES",
	"bAl.s",
	"bAlS.",
	"bAlS.by",
	"bAlS.s",
	"bAlb.",
	"bAlb.S",
	"bAlb.s",
	"bAlf.",
	"bAlf.S",
	"bAlf.s",
	"bAls.",
	"bAls.S",
	"bAls.s",
	"bAm.e",
	"bAm.eS",
	"bAm.es",
	"bAn.",
	"bAn.S",
	"bAn.e",
	"bAn.eS",
	"bAn.es",
	"bAn.iS",
	"bAn.is",
	"bAn.k",
	"bAn.kS",
	"bAn.ks",
	"bAn.la",
	"bAn.ob",
	"bAn.s",
	"bAnS.",
	"bAnS.s",
	"bAna.aS",
	"bAns.",
	"bAns.S",
	"bAns.s",
	"bAoD.",
	"bAoD.S",
	"bAoD.le",
	"bAoD.s",
	"bAob.",
	"bAob.S",
	"bAob.s",
	"bAod.",
	"bAod.S",
	"bAod.s",
	"bAr.at",
	"bAr.bi",
	"bAr.i",
	"bAr.iD",
	"bAr.iDnESS",
	"bAr.iS",
	"bAr.ic",
	"bAr.id",
	"bAr.is",
	"bArD.",
	"bArD.S",
	"bArD.by",
	"bArD.ly",
	"bArD.s",
	"bAra.a",
	"bAra.aS",
	"bAra.iS",
	"bArc.",
	"bArc.S",
	"bArc.s",
	"bArd.",
	"bArd.S",
	"bArd.s",
	"bArf.",
	"bArf.S",
	"bArf.s",
	"bArg.",
	"bArg.S",
	"bArg.s",
	"bArk.",
	"bArk.S",
	"bArk.s",
	"bArt.S",
	"bArt.s",
	"bAs.",
	"bAs.S",
	"bAs.al",
	"bAs.e",
	"bAs.eD",
	"bAs.eS",
	"bAs.ed",
	"bAs.er",
	"bAs.es",
	"bAs.ha",
	"bAs.in",
	"bAs.ir",
	"bAs.le",
	"bAs.ot",
	"bAs.ra",
	"bAs.re",
	"bAs.s",
	"bAt.",
	"bAt.S",
	"bAt.biSES",
	"bAt.by",
	"bAt.eS",
	"bAt.er",
	"bAt.es",
	"bAt.i",
	"bAt.iD",
	"bAt.iS",
	"bAt.id",
	"bAt.is",
	"bAt.la",
	"bAt.le",
	"bAt.oo",
	"bAt.or",
	"bAt.s",
	"bAt.u",
	"bAt.uS",
	"bAt.un",
	"bAt.us",
	"bAtS.",
	"bAtS.le",
	"bAtS.ly",
	"bAtS.s",
	"bAts.",
	"bAts.S",
	"bAts.s",
	"bAuS.le",
	"bAuS.ly",
	"bAw.",
	"bAw.S",
	"bAw.s",
	"bAwS.",
	"bAwS.by",
	"bAwS.s",
	"bAws.",
	"bAws.S",
	"bAws.s",
	"bAy.a",
	"bAy.aS",
	"bAy.as",
	"bAy.ba",
	"bAy.by",
	"bAyD.le",
	"bAz.ra",
	"bDA.ot",
	"bDAd.od",
	"bDa.ot",
	"bDer.Ay",
	"bSAc.ah",
	"bSAg.ag",
	"bSAk.ah",
	"bSAt.ih",
	"bSac.Ah",
	"bSag.Ag",
	"bSak.Ah",
	"bSel.o",
	"bSi.A",
	"bSi.As",
	"bSi.a",
	"bSi.as",
	"bSiD.Ar",
	"bSiD.ar",
	"bSiD.ud",
	"bSid.Ar",
	"bSid.uD",
	"bSub.Ar",
	"bSub.y",
	"bWAD.ry",
	"bWAS.laDES",
	"bWAS.ladES",
	"bWAb.ee",
	"bWAb.le",
	"bWAd.ry",
	"bWAj.ox",
	"bWAs.laDES",
	"bWaD.ry",
	"bWaS.lADES",
	"bWaS.lAdES",
	"bWaS.laDES",
	"bWas.lADES",
	"bWen.",
	"bWen.S",
	"bWen.s",
	"bWoS.ug",
	"bWoh.e",
	"bWot.Ar",
	"ba.",
	"ba.A",
	"ba.AS",
	"ba.AShES",
	"ba.Ac",
	"ba.As",
	"ba.AshES",
	"ba.DucES",
	"ba.S",
	"ba.a",
	"ba.aS",
	"ba.aShES",
	"ba.ac",
	"ba.as",
	"ba.b",
	"ba.bA",
	"ba.bS",
	"ba.ba",
	"ba.be",
	"ba.bs",
	"ba.eD",
	"ba.ed",
	"ba.er",
	"ba.et",
	"ba.iD",
	"ba.id",
	"ba.ioSES",
	"ba.lAtES",
	"ba.le",
	"ba.ly",
	"ba.o",
	"ba.oS",
	"ba.os",
	"ba.rADES",
	"ba.rAdES",
	"ba.raDES",
	"ba.ri",
	"ba.s",
	"ba.ut",
	"ba.y",
	"ba.yS",
	"ba.ySsES",
	"ba.ye",
	"ba.ys",
	"ba.ysSES",
	"baD.",
	"baD.S",
	"baD.bA",
	"baD.ba",
	"baD.s",
	"baS.",
	"baS.Al",
	"baS.al",
	"baS.e",
	"baS.eD",
	"baS.ed",
	"baS.er",
	"baS.es",
	"baS.hA",
	"baS.ha",
	"baS.in",
	"baS.ir",
	"baS.le",
	"baS.ot",
	"baS.rA",
	"baS.ra",
	"baS.re",
	"baS.s",
	"baW.",
	"baW.S",
	"baW.s",
	"baWS.",
	"baWS.by",
	"baWS.s",
	"baWs.",
	"baWs.S",
	"baWs.s",
	"bab.A",
	"bab.AS",
	"bab.As",
	"bab.a",
	"bab.aS",
	"bab.e",
	"bab.eS",
	"bab.kA",
	"bab.u",
	"bab.uS",
	"bab.y",
	"bac.",
	"bac.A",
	"bac.AS",
	"bac.Al",
	"bac.As",
	"bac.S",
	"bac.a",
	"bac.aS",
	"bac.s",
	"bacS.",
	"bacS.s",
	"bacs.",
	"bacs.S",
	"bad.",
	"bad.S",
	"bad.bA",
	"bad.s",
	"baeS.Ag",
	"baeS.eD",
	"baf.",
	"baf.S",
	"baf.s",
	"bag.",
	"bag.S",
	"bag.bA",
	"bag.s",
	"bag.y",
	"bah.u",
	"bah.uS",
	"bahD.A",
	"bahD.AS",
	"bahD.As",
	"bahD.a",
	"bahD.aS",
	"bahd.A",
	"bahd.AS",
	"baj.",
	"baj.S",
	"baj.s",
	"bak.",
	"bak.Ab",
	"bak.Ar",
	"bak.S",
	"bak.s",
	"bal.",
	"bal.DA",
	"bal.Da",
	"bal.S",
	"bal.dA",
	"bal.iA",
	"bal.iS",
	"bal.rA",
	"bal.s",
	"balS.",
	"balS.s",
	"balb.",
	"balb.S",
	"balf.",
	"balf.S",
	"bals.",
	"bals.S",
	"bam.e",
	"bam.eS",
	"ban.",
	"ban.S",
	"ban.e",
	"ban.eS",
	"ban.iS",
	"ban.k",
	"ban.kS",
	"ban.lA",
	"ban.s",
	"banA.aS",
	"banS.",
	"banS.s",
	"bana.AS",
	"bans.",
	"bans.S",
	"baoD.",
	"baoD.S",
	"baoD.s",
	"baob.",
	"baob.S",
	"baod.",
	"baod.S",
	"bar.At",
	"bar.i",
	"bar.iD",
	"bar.iS",
	"barA.a",
	"barA.aS",
	"barA.iS",
	"barD.",
	"barD.S",
	"barD.s",
	"bara.A",
	"bara.AS",
	"barc.",
	"barc.S",
	"bard.",
	"bard.S",
	"barf.",
	"barf.S",
	"barg.",
	"barg.S",
	"bark.",
	"bark.S",
	"bart.S",
	"bas.",
	"bas.Al",
	"bas.S",
	"bas.e",
	"bas.eD",
	"bas.eS",
	"bas.hA",
	"bas.rA",
	"bas.s",
	"bat.",
	"bat.S",
	"bat.eS",
	"bat.i",
	"bat.iD",
	"bat.iS",
	"bat.lA",
	"bat.s",
	"bat.u",
	"bat.uS",
	"batS.",
	"batS.s",
	"bats.",
	"bats.S",
	"baw.",
	"baw.S",
	"baw.s",
	"bawS.",
	"bawS.s",
	"baws.",
	"baws.S",
	"bay.A",
	"bay.AS",
	"bay.As",
	"bay.a",
	"bay.aS",
	"bay.bA",
	"baz.rA",
	"bbA.",
	"bbA.S",
	"bbA.a",
	"bbA.aS",
	"bbA.as",
	"bbA.e",
	"bbA.eD",
	"bbA.eS",
	"bbA.eSsES",
	"bbA.ed",
	"bbA.es",
	"bbA.esSES",
	"bbA.ey",
	"bbA.ot",
	"bbA.s",
	"bbAD.a",
	"bbAD.aS",
	"bbAD.as",
	"bbAD.ed",
	"bbAD.er",
	"bbAD.le",
	"bbAS.at",
	"bbAS.eD",
	"bbAS.ed",
	"bbAW.it",
	"bbAW.le",
	"bbAW.ly",
	"bbAc.eD",
	"bbAc.y",
	"bbAd.a",
	"bbAd.aS",
	"bbAd.eD",
	"bbAf.y",
	"bbAg.a",
	"bbAg.aS",
	"bbAg.eD",
	"bbAg.y",
	"bbAj.eD",
	"bbAn.eD",
	"bbAr.i",
	"bbAr.iS",
	"bbAs.eD",
	"bbAt.eD",
	"bbAt.iS",
	"bbAt.y",
	"bbAy.a",
	"bbAy.aS",
	"bbAy.y",
	"bba.",
	"bba.A",
	"bba.AS",
	"bba.As",
	"bba.S",
	"bba.a",
	"bba.aS",
	"bba.e",
	"bba.eD",
	"bba.eS",
	"bba.s",
	"bbaD.A",
	"bbaD.AS",
	"bbaD.As",
	"bbaD.a",
	"bbaD.aS",
	"bbaS.At",
	"bbaS.eD",
	"bbad.A",
	"bbad.AS",
	"bbag.A",
	"bbag.AS",
	"bbay.A",
	"bbay.AS",
	"bbe.",
	"bbe.S",
	"bbe.eD",
	"bbe.s",
	"bbeD.y",
	"bbeW.eD",
	"bbeW.y",
	"bbet.AD",
	"bbiD.S",
	"bbiD.s",
	"bbiS.",
	"bbiS.s",
	"bbib.",
	"bbib.S",
	"bbid.S",
	"bbij.",
	"bbij.A",
	"bbij.AS",
	"bbij.S",
	"bbis.",
	"bbis.S",
	"bboD.y",
	"bboS.eD",
	"bboc.",
	"bboc.S",
	"bbuD.o",
	"bbuD.oS",
	"bbuS.eD",
	"bbuS.y",
	"bbub.A",
	"bbub.AS",
	"bbyS.e",
	"bcAS.ut",
	"bdA.ot",
	"bdAD.od",
	"bdAd.oD",
	"be.b",
	"be.bS",
	"be.bs",
	"be.on",
	"beD.",
	"beD.AclES",
	"beD.Ag",
	"beD.Ar",
	"beD.S",
	"beD.ag",
	"beD.ar",
	"beD.by",
	"beD.e",
	"beD.eS",
	"beD.el",
	"beD.es",
	"beD.it",
	"beD.oShES",
	"beD.oSsES",
	"beD.osSES",
	"beD.s",
	"beD.t",
	"beD.tS",
	"beD.ts",
	"beD.uS",
	"beD.uSsES",
	"beD.ud",
	"beD.ug",
	"beD.ur",
	"beD.us",
	"beD.usSES",
	"beD.ut",
	"beD.ye",
	"beS.um",
	"beW.",
	"beW.S",
	"beW.SitES",
	"beW.by",
	"beW.er",
	"beW.pAgES",
	"beW.s",
	"bec.iD",
	"bed.",
	"bed.Ag",
	"bed.Ar",
	"bed.S",
	"bed.e",
	"bed.eS",
	"bed.s",
	"bed.t",
	"bed.tS",
	"bed.uD",
	"bed.uS",
	"beef.",
	"beef.S",
	"beh.e",
	"beh.eS",
	"beiD.",
	"beiD.S",
	"beiD.s",
	"beid.",
	"beid.S",
	"bek.",
	"bek.Ab",
	"bek.Ar",
	"bek.S",
	"bek.s",
	"belS.",
	"belS.s",
	"belb.",
	"belb.S",
	"belg.A",
	"belp.",
	"belp.S",
	"bels.",
	"bels.S",
	"bem.oS",
	"bemA.a",
	"bemA.aS",
	"bema.A",
	"bema.AS",
	"ben.",
	"ben.S",
	"ben.s",
	"benS.",
	"benS.s",
	"bens.",
	"bens.S",
	"bep.A",
	"bep.AS",
	"bep.As",
	"bep.a",
	"bep.aS",
	"ber.",
	"ber.ADgES",
	"ber.Ar",
	"ber.S",
	"ber.iD",
	"ber.s",
	"ber.uS",
	"bew.",
	"bew.S",
	"bew.s",
	"bey.o",
	"bez.rA",
	"bez.u",
	"bez.uS",
	"bgAS.ut",
	"bi.ex",
	"bi.iS",
	"bi.is",
	"biD.",
	"biD.S",
	"biD.bS",
	"biD.bs",
	"biD.s",
	"biS.",
	"biS.b",
	"biS.bs",
	"biS.s",
	"biS.yl",
	"bib.",
	"bib.S",
	"bib.b",
	"bib.bS",
	"bib.e",
	"bib.eS",
	"bib.s",
	"bid.",
	"bid.S",
	"bid.bS",
	"bid.s",
	"biec.A",
	"biec.AS",
	"bif.",
	"bif.S",
	"bif.s",
	"big.",
	"big.S",
	"big.e",
	"big.eD",
	"big.eS",
	"big.s",
	"big.uS",
	"bihS.Ah",
	"bihc.",
	"bihc.S",
	"bij.",
	"bij.S",
	"bij.b",
	"bij.bA",
	"bij.bS",
	"bij.e",
	"bij.eD",
	"bij.eS",
	"bij.s",
	"bijD.bA",
	"bik.e",
	"bik.eS",
	"bik.lA",
	"bil.",
	"bil.S",
	"bil.rA",
	"bil.s",
	"bilA.i",
	"bilA.iS",
	"bilg.",
	"bilg.S",
	"bim.",
	"bim.S",
	"bim.s",
	"bin.",
	"bin.S",
	"bin.s",
	"binS.",
	"binS.s",
	"bins.",
	"bins.S",
	"bip.Al",
	"biq.lA",
	"bir.",
	"bir.A",
	"bir.AS",
	"bir.As",
	"bir.S",
	"bir.a",
	"bir.aS",
	"bir.eS",
	"bir.s",
	"birD.",
	"birD.S",
	"birD.s",
	"birc.",
	"birc.S",
	"bird.",
	"bird.S",
	"birf.",
	"birf.S",
	"bis.",
	"bis.S",
	"bis.b",
	"bis.bS",
	"bis.s",
	"bit.iA",
	"biv.S",
	"biv.e",
	"biv.eS",
	"biv.s",
	"bk.Ar",
	"bk.ar",
	"blA.",
	"blA.S",
	"blA.a",
	"blA.aS",
	"blA.as",
	"blA.e",
	"blA.eDoES",
	"blA.ee",
	"blA.s",
	"blA.um",
	"bla.",
	"bla.A",
	"bla.AS",
	"bla.As",
	"bla.S",
	"bla.a",
	"bla.aS",
	"bla.e",
	"bla.s",
	"ble.oW",
	"blem.A",
	"blub.",
	"blub.S",
	"bmA.SacES",
	"bmA.an",
	"bmA.er",
	"bmA.it",
	"bmA.le",
	"bmA.o",
	"bmA.oS",
	"bmA.os",
	"bmA.ry",
	"bmA.uShES",
	"bmAS.a",
	"bmAS.al",
	"bmAS.ar",
	"bmAS.as",
	"bmAS.o",
	"bmAS.os",
	"bmAS.ur",
	"bmAW.le",
	"bmAW.ly",
	"bmAb.i",
	"bmAb.iS",
	"bmAg.",
	"bmAg.S",
	"bmAg.a",
	"bmAg.aS",
	"bmAg.e",
	"bmAg.eS",
	"bmAg.o",
	"bmAg.oS",
	"bmAg.s",
	"bmAh.a",
	"bmAi.",
	"bmAi.S",
	"bmAi.i",
	"bmAi.s",
	"bmAi.uS",
	"bmAj.",
	"bmAj.S",
	"bmAj.e",
	"bmAj.eD",
	"bmAj.eS",
	"bmAj.o",
	"bmAj.s",
	"bmAj.u",
	"bmAj.uS",
	"bmAl.",
	"bmAl.Da",
	"bmAl.S",
	"bmAl.eD",
	"bmAl.s",
	"bmAl.y",
	"bmAm.a",
	"bmAm.aS",
	"bmAm.o",
	"bmAm.oS",
	"bmAs.a",
	"bmAs.aS",
	"bmAs.o",
	"bmAs.oS",
	"bmAz.o",
	"bmAz.oS",
	"bma.An",
	"bma.SAcES",
	"bma.o",
	"bma.oS",
	"bmaS.A",
	"bmaS.Al",
	"bmaS.Ar",
	"bmaS.As",
	"bmaS.a",
	"bmaS.o",
	"bmag.",
	"bmag.A",
	"bmag.AS",
	"bmag.S",
	"bmah.A",
	"bmai.",
	"bmai.S",
	"bmaj.",
	"bmaj.S",
	"bmal.",
	"bmal.DA",
	"bmal.S",
	"bmam.A",
	"bmam.AS",
	"bmas.A",
	"bmas.AS",
	"bme.Ar",
	"bme.Ay",
	"bme.eD",
	"bme.oW",
	"bme.uS",
	"bmeW.",
	"bmeW.S",
	"bmeW.s",
	"bmek.",
	"bmek.S",
	"bmew.",
	"bmew.S",
	"bmi.Ar",
	"bmi.eD",
	"bmiD.o",
	"bmiD.oS",
	"bmiS.A",
	"bmiS.As",
	"bmiS.a",
	"bmil.",
	"bmil.A",
	"bmil.AS",
	"bmil.S",
	"bmin.",
	"bmin.S",
	"bmis.A",
	"bmis.AS",
	"bmiz.",
	"bmiz.S",
	"bmo.u",
	"bmo.uS",
	"bmoW.",
	"bmoW.At",
	"bmoW.S",
	"bmoW.eD",
	"bmoW.s",
	"bmoW.y",
	"bmob.",
	"bmob.S",
	"bmoc.",
	"bmoc.S",
	"bmot.",
	"bmot.S",
	"bmow.",
	"bmow.S",
	"bmu.o",
	"bmu.oS",
	"bmu.rA",
	"bmuD.",
	"bmuD.S",
	"bmuD.o",
	"bmuD.oS",
	"bmuD.s",
	"bmud.",
	"bmud.S",
	"bmun.",
	"bmun.S",
	"bmur.A",
	"bmur.AS",
	"bni.y",
	"bnu.Ag",
	"bnu.An",
	"bnu.Ar",
	"bnu.e",
	"bnu.eD",
	"bnu.iASES",
	"bnu.iD",
	"bnuS.eD",
	"bnuS.oW",
	"bo.",
	"bo.A",
	"bo.AS",
	"bo.As",
	"bo.DurES",
	"bo.S",
	"bo.a",
	"bo.aS",
	"bo.as",
	"bo.e",
	"bo.eS",
	"bo.es",
	"bo.ey",
	"bo.i",
	"bo.iA",
	"bo.iS",
	"bo.ia",
	"bo.is",
	"bo.it",
	"bo.lAtES",
	"bo.o",
	"bo.oS",
	"bo.oe",
	"bo.ol",
	"bo.os",
	"bo.s",
	"bo.vS",
	"bo.vs",
	"boD.",
	"boD.S",
	"boD.by",
	"boD.e",
	"boD.eS",
	"boD.es",
	"boD.ie",
	"boD.lA",
	"boD.la",
	"boD.rA",
	"boD.ra",
	"boD.ro",
	"boD.s",
	"boD.y",
	"boDA.e",
	"boDA.eS",
	"boDA.es",
	"boDA.o",
	"boDA.oS",
	"boDA.os",
	"boDa.e",
	"boDa.eS",
	"boDa.o",
	"boDa.oS",
	"boS.",
	"boS.A",
	"boS.As",
	"boS.a",
	"boS.as",
	"boS.er",
	"boS.s",
	"boSD.o",
	"boSD.os",
	"boSd.o",
	"boSi.Ar",
	"boWS.",
	"boWS.s",
	"boWs.",
	"boWs.S",
	"boWs.s",
	"bob.",
	"bob.A",
	"bob.AS",
	"bob.Ac",
	"bob.Ak",
	"bob.As",
	"bob.S",
	"bob.a",
	"bob.aS",
	"bob.o",
	"bob.oS",
	"bob.s",
	"boc.",
	"boc.S",
	"boc.b",
	"boc.bS",
	"boc.iA",
	"boc.rA",
	"boc.s",
	"boc.zA",
	"bod.",
	"bod.S",
	"bod.e",
	"bod.eS",
	"bod.lA",
	"bod.rA",
	"bod.s",
	"bod.y",
	"bodA.e",
	"bodA.eS",
	"bodA.o",
	"bodA.oS",
	"bof.",
	"bof.S",
	"bof.s",
	"bog.",
	"bog.An",
	"bog.Ar",
	"bog.S",
	"bog.i",
	"bog.iS",
	"bog.o",
	"bog.oS",
	"bog.s",
	"bog.y",
	"boh.",
	"boh.S",
	"boh.o",
	"boh.oS",
	"boh.s",
	"bohD.i",
	"bohD.iS",
	"boj.",
	"boj.S",
	"boj.e",
	"boj.eD",
	"boj.eS",
	"boj.s",
	"bok.",
	"bok.An",
	"bok.S",
	"bok.o",
	"bok.oS",
	"bok.s",
	"bol.",
	"bol.Ar",
	"bol.S",
	"bol.e",
	"bol.eD",
	"bol.eS",
	"bol.i",
	"bol.o",
	"bol.oS",
	"bol.s",
	"bol.uS",
	"bolS.",
	"bolS.s",
	"bolb.",
	"bolb.S",
	"bolf.",
	"bolf.S",
	"bolg.",
	"bolg.S",
	"bols.",
	"bols.S",
	"bom.",
	"bom.S",
	"bom.e",
	"bom.eS",
	"bom.s",
	"bom.y",
	"bon.",
	"bon.S",
	"bon.s",
	"bonS.",
	"bonS.s",
	"bonk.",
	"bonk.S",
	"bons.",
	"bons.S",
	"booD.",
	"booD.S",
	"booD.s",
	"boob.",
	"boob.S",
	"bood.",
	"bood.S",
	"boom.S",
	"boon.",
	"boon.S",
	"bor.",
	"bor.S",
	"bor.e",
	"bor.eD",
	"bor.eS",
	"bor.s",
	"borA.a",
	"borA.aS",
	"bora.A",
	"bora.AS",
	"borp.",
	"borp.S",
	"bos.",
	"bos.A",
	"bos.AS",
	"bos.As",
	"bos.S",
	"bos.a",
	"bos.aS",
	"bos.s",
	"bosD.o",
	"bosD.oS",
	"bot.y",
	"botS.",
	"botS.s",
	"bots.",
	"bots.S",
	"bowS.",
	"bowS.s",
	"bows.",
	"bows.S",
	"boy.",
	"boy.S",
	"boy.s",
	"boz.o",
	"boz.oS",
	"boz.u",
	"boz.uS",
	"bpu.oW",
	"bpu.y",
	"brA.",
	"brA.S",
	"brA.a",
	"brA.aS",
	"brA.as",
	"brA.or",
	"brA.s",
	"brAD.",
	"brAD.S",
	"brAD.ar",
	"brAD.s",
	"brAW.",
	"brAW.S",
	"brAW.le",
	"brAW.ly",
	"brAW.ot",
	"brAW.s",
	"brAW.y",
	"brAb.",
	"brAb.S",
	"brAb.e",
	"brAb.eD",
	"brAb.eS",
	"brAb.s",
	"brAb.y",
	"brAc.",
	"brAc.S",
	"brAc.o",
	"brAc.oS",
	"brAc.s",
	"brAc.y",
	"brAd.",
	"brAd.S",
	"brAd.s",
	"brAe.uD",
	"brAg.",
	"brAg.S",
	"brAg.e",
	"brAg.eD",
	"brAg.eS",
	"brAg.o",
	"brAg.oS",
	"brAg.s",
	"brAw.",
	"brAw.S",
	"brAw.s",
	"brAw.y",
	"bra.",
	"bra.A",
	"bra.AS",
	"bra.As",
	"bra.S",
	"bra.a",
	"bra.aS",
	"bra.s",
	"braD.",
	"braD.Ar",
	"braD.S",
	"braD.s",
	"braW.",
	"braW.S",
	"braW.s",
	"braW.y",
	"brab.",
	"brab.S",
	"brac.",
	"brac.S",
	"brad.",
	"brad.S",
	"brag.",
	"brag.S",
	"braw.",
	"braw.S",
	"bre.iA",
	"breD.y",
	"breh.",
	"breh.S",
	"brek.",
	"brek.S",
	"brev.",
	"brev.S",
	"brey.A",
	"brey.AS",
	"briA.uS",
	"bro.",
	"bro.S",
	"bro.eD",
	"bro.s",
	"bro.y",
	"broD.",
	"broD.A",
	"broD.AS",
	"broD.As",
	"broD.S",
	"broD.a",
	"broD.aS",
	"broD.s",
	"broS.",
	"broS.eD",
	"broS.o",
	"broS.s",
	"brod.",
	"brod.A",
	"brod.AS",
	"brod.S",
	"brof.",
	"brof.AD",
	"brof.S",
	"bros.",
	"bros.S",
	"bru.",
	"bru.An",
	"bru.S",
	"bru.iA",
	"bru.s",
	"bruD.Ar",
	"bruS.eD",
	"brub.",
	"brub.S",
	"bruc.",
	"bruc.S",
	"bsi.A",
	"bsi.AS",
	"bsi.As",
	"bsi.a",
	"bsi.aS",
	"bsiD.Ar",
	"buAD.",
	"buAD.S",
	"buAD.e",
	"buAD.eS",
	"buAD.ed",
	"buAD.er",
	"buAD.es",
	"buAD.ry",
	"buAD.s",
	"buAD.y",
	"buAS.a",
	"buAS.as",
	"buAd.",
	"buAd.S",
	"buAd.e",
	"buAd.eD",
	"buAd.eS",
	"buAd.s",
	"buAd.y",
	"buAm.y",
	"buAs.a",
	"buAs.aS",
	"buAt.e",
	"buAt.eS",
	"buD.",
	"buD.S",
	"buD.bo",
	"buD.s",
	"buS.",
	"buS.A",
	"buS.Ah",
	"buS.As",
	"buS.DucES",
	"buS.a",
	"buS.ah",
	"buS.as",
	"buS.bAsES",
	"buS.by",
	"buS.coDES",
	"buS.er",
	"buS.hA",
	"buS.ha",
	"buS.lAtES",
	"buS.rAcES",
	"buS.s",
	"buS.sAlES",
	"buS.siDES",
	"buSt.A",
	"buSt.As",
	"buSt.a",
	"buSt.o",
	"buaD.",
	"buaD.S",
	"buaD.e",
	"buaD.eS",
	"buaD.s",
	"buaD.y",
	"buaS.A",
	"buaS.As",
	"buaS.a",
	"buad.",
	"buad.S",
	"buas.A",
	"buas.AS",
	"bub.",
	"bub.A",
	"bub.AS",
	"bub.Al",
	"bub.As",
	"bub.S",
	"bub.a",
	"bub.aS",
	"bub.bA",
	"bub.o",
	"bub.s",
	"bub.u",
	"bub.uS",
	"buc.",
	"buc.S",
	"buc.e",
	"buc.eD",
	"buc.eS",
	"buc.s",
	"bucS.A",
	"bucS.As",
	"bucS.a",
	"bucs.A",
	"bucs.AS",
	"bud.",
	"bud.S",
	"bud.s",
	"buf.",
	"buf.Ar",
	"buf.S",
	"buf.Sy",
	"buf.s",
	"bug.",
	"bug.S",
	"bug.s",
	"buh.",
	"buh.S",
	"buh.s",
	"buhc.",
	"buhc.S",
	"buj.A",
	"buj.AS",
	"buj.As",
	"buj.a",
	"buj.aS",
	"buj.e",
	"buj.eS",
	"bul.e",
	"bul.eD",
	"bul.eS",
	"bul.rA",
	"bulS.",
	"bulS.b",
	"bulS.s",
	"bulb.",
	"bulb.S",
	"bulc.",
	"bulc.S",
	"bulf.",
	"bulf.S",
	"buls.",
	"buls.S",
	"bun.",
	"bun.S",
	"bun.iA",
	"bun.s",
	"bunS.",
	"bunS.s",
	"bunk.",
	"bunk.S",
	"buns.",
	"buns.S",
	"buo.AaSES",
	"buo.aASES",
	"buoD.t",
	"buoD.tS",
	"bup.",
	"bup.S",
	"bup.e",
	"bup.eS",
	"bup.iS",
	"bup.s",
	"bur.",
	"bur.ASsES",
	"bur.Ai",
	"bur.AsSES",
	"bur.S",
	"bur.e",
	"bur.eS",
	"bur.s",
	"bur.uS",
	"bur.y",
	"burD.",
	"burD.S",
	"burD.s",
	"burd.",
	"burd.S",
	"burg.",
	"burg.S",
	"bus.",
	"bus.A",
	"bus.AS",
	"bus.Ah",
	"bus.As",
	"bus.S",
	"bus.SAlES",
	"bus.SiDES",
	"bus.a",
	"bus.aS",
	"bus.bASES",
	"bus.hA",
	"bus.s",
	"bust.A",
	"bust.AS",
	"but.",
	"but.A",
	"but.AS",
	"but.Ae",
	"but.Al",
	"but.Ar",
	"but.As",
	"but.S",
	"but.a",
	"but.aS",
	"but.e",
	"but.eD",
	"but.eS",
	"but.s",
	"butS.",
	"butS.s",
	"buts.",
	"buts.S",
	"bwAD.ry",
	"bwAS.laDES",
	"bwaS.lADES",
	"bwen.",
	"bwen.S",
	"bxo.oW",
	"by.et",
	"byAD.ed",
	"byAD.oy",
	"byAd.eD",
	"byAm.e",
	"byAm.eS",
	"byS.be",
	"byS.il",
	"byS.o",
	"byS.oW",
	"byS.oe",
	"byS.ow",
	"byg.e",
	"byg.eD",
	"byg.eS",
	"byk.o",
	"byk.oS",
	"byr.At",
	"bys.o",
	"bys.oW"
]