[
	"zies.a",
	"z.a",
	"z.aire",
	"z.eas",
	"zia.le",
	"zit.",
	"z.antes",
	"z.etas",
	"z.ines",
	"zan.ir",
	"zan.is",
	"zel.",
	"ztir.es",
	"z.est",
	"z.ila",
	"z.atis",
	"zal.ies",
	"zan.i",
	"zert.",
	"zir.",
	"z.ari",
	"z.as",
	"z.ati",
	"zal.ier",
	"zan.irs",
	"znes.a",
	"z.ante",
	"z.el",
	"z.elants",
	"z.ens",
	"zan.e",
	"zis.el",
	"ztir.",
	"zt.ar",
	"z.elant",
	"z.its",
	"zal.e",
	"zan.es",
	"zes.",
	"ztis.",
	"z.els",
	"z.en",
	"z.ins",
	"za.ines",
	"zis.ar",
	"z.anier",
	"z.ea",
	"z.eal",
	"z.eins",
	"zal.iest",
	"zas.",
	"zis.e",
	"zit.es",
	"z.eta",
	"z.in",
	"zal.es",
	"zar.e",
	"za.ine",
	"znar.el",
	"z.anies",
	"z.ein",
	"z.ite",
	"zir.as",
	"znats.e",
	"z.ine",
	"zer.",
	"zis.er",
	"zi.ar",
	"ztasre.",
	"z.aires",
	"z.e",
	"zir.a",
	"zi.ars",
	"z.ilas",
	"zar.es",
	"zia.les",
	"ztren.",
	"zt.ars",
	"z.aniest",
	"znar.els",
	"z.aris",
	"z.eals",
	"z.eatin",
	"z.eatins",
	"z.it"
]