[
	"D.E",
	"D.EF",
	"D.EFI",
	"D.EFO",
	"D.EI",
	"D.EIF",
	"D.EV",
	"D.EVI",
	"D.EVO",
	"D.I",
	"D.IE",
	"D.IF",
	"D.IV",
	"D.IVE",
	"D.IVI",
	"D.IVO",
	"D.O",
	"D.OE",
	"D.OF",
	"D.OVE",
	"D.OVIE",
	"DE.",
	"DEF.",
	"DEIV.",
	"DEIVI.",
	"DI.",
	"DI.E",
	"DIF.",
	"DIF.O",
	"DIOF.",
	"DIOV.",
	"DIV.",
	"DIV.E",
	"DIV.EO",
	"DO.",
	"DO.E",
	"DOEF."
]