[
	"WO.",
	"WOD.",
	"WOR.",
	"WORD.",
	"WORa.",
	"WORb.",
	"WORc.",
	"WORd.",
	"WORf.",
	"WORg.",
	"WORp.",
	"WORt.",
	"WORv.",
	"WOb.",
	"WOc.",
	"WOd.",
	"WOh.",
	"WOhD.",
	"WOj.",
	"WOk.",
	"WOl.",
	"WOm.",
	"WOn.",
	"WOp.",
	"WOr.",
	"WOrD.",
	"WOs.",
	"WOt.",
	"WOv.",
	"WOw.",
	"WOy.",
	"Wa.",
	"WaD.",
	"WaR.",
	"WaRD.",
	"We.",
	"WeD.",
	"WeR.",
	"WeRD.",
	"Wo.",
	"WoD.",
	"WoR.",
	"WoRD."
]