[
	"R.AG",
	"R.AGE",
	"R.AGEE",
	"R.AGEES",
	"R.AGER",
	"R.AGERS",
	"R.AGES",
	"R.AGS",
	"R.ARE",
	"R.AREE",
	"R.ARES",
	"R.AS",
	"R.ASE",
	"R.ASER",
	"R.AW",
	"R.AWER",
	"R.AWS",
	"R.E",
	"R.EAR",
	"R.EARS",
	"R.EE",
	"R.EES",
	"R.EG",
	"R.EGAR",
	"R.EGARS",
	"R.EGEAR",
	"R.EGEARS",
	"R.EGES",
	"R.EGREW",
	"R.EGS",
	"R.ES",
	"R.ESAW",
	"R.ESEW",
	"R.EW",
	"R.EWEAR",
	"R.EWEARS",
	"R.EWS",
	"RA.",
	"RA.E",
	"RA.EG",
	"RA.ERE",
	"RA.ES",
	"RA.EW",
	"RA.S",
	"RA.SE",
	"RAE.",
	"RAE.S",
	"RAEG.",
	"RAEG.E",
	"RAEG.ES",
	"RAEG.S",
	"RAEGER.",
	"RAEGER.S",
	"RAER.",
	"RAER.S",
	"RAES.",
	"RAES.E",
	"RAES.ER",
	"RAEW.",
	"RAEW.ER",
	"RAEW.ERS",
	"RAEW.S",
	"RAEWER.",
	"RAEWER.S",
	"RAEWS.",
	"RAEWS.ER",
	"RAG.",
	"RAG.E",
	"RAG.ES",
	"RAG.RE",
	"RAG.RES",
	"RAG.S",
	"RAGER.",
	"RAGER.S",
	"RAGES.",
	"RAR.E",
	"RAR.EE",
	"RAR.ES",
	"RAS.",
	"RAS.EE",
	"RAS.GE",
	"RAW.",
	"RAW.E",
	"RAW.ES",
	"RAW.RE",
	"RAW.S",
	"RAWES.",
	"RAWS.E",
	"RE.",
	"RE.A",
	"RE.AS",
	"RE.ASE",
	"RE.ASER",
	"RE.E",
	"RE.ES",
	"RE.G",
	"RE.GS",
	"RE.R",
	"RE.RS",
	"RE.S",
	"REES.",
	"REEW.",
	"REEWS.",
	"REG.",
	"REG.E",
	"REG.ES",
	"REG.S",
	"REGA.",
	"REGA.S",
	"REGAE.",
	"REGAE.S",
	"REGAR.",
	"REGAR.S",
	"REGAS.",
	"REGAW.",
	"REGAW.ER",
	"REGAW.ERS",
	"REGAW.S",
	"REGAWS.",
	"REGE.",
	"REGE.S",
	"REGRES.",
	"RERA.E",
	"RERAES.",
	"RERAEW.",
	"RERAEW.S",
	"RERAEWS.",
	"REREGAW.",
	"REREGAW.S",
	"RERES.",
	"RES.",
	"RES.A",
	"RES.E",
	"RES.ER",
	"RES.GE",
	"RES.GER",
	"RES.R",
	"RES.RA",
	"RES.RAE",
	"RES.RE",
	"RESAE.",
	"RESAERG.",
	"RESAR.",
	"RESARE.",
	"REW.E",
	"REWAR.",
	"REWAS.",
	"REWE.",
	"REWE.S",
	"REWES.",
	"RG.EASE",
	"RG.EASER",
	"RG.EE",
	"RG.EES",
	"RG.ESE",
	"RG.EW",
	"RG.EWS",
	"RG.R",
	"RGA.EE",
	"RGA.EES",
	"RGAE.E",
	"RGAE.ES",
	"RGER.EW",
	"RRAG.E",
	"RRAG.ES",
	"RRAW.E",
	"RRE.",
	"RRE.S",
	"RRES.",
	"RRES.A",
	"RRES.AE",
	"RRES.E",
	"RRG."
]