[
	"R.AG",
	"R.AGE",
	"R.AGEE",
	"R.AGEES",
	"R.AGES",
	"R.AGS",
	"R.AS",
	"R.ASE",
	"R.AW",
	"R.AWS",
	"R.E",
	"R.EE",
	"R.EES",
	"R.EG",
	"R.EGES",
	"R.EGS",
	"R.ES",
	"R.ESAW",
	"R.ESEW",
	"R.EW",
	"R.EWS",
	"RA.",
	"RA.E",
	"RA.EG",
	"RA.ES",
	"RA.EW",
	"RA.S",
	"RA.SE",
	"RAE.",
	"RAE.S",
	"RAEG.",
	"RAEG.E",
	"RAEG.ES",
	"RAEG.S",
	"RAES.",
	"RAES.E",
	"RAEW.",
	"RAEW.S",
	"RAEWS.",
	"RAG.",
	"RAG.E",
	"RAG.ES",
	"RAG.S",
	"RAGES.",
	"RAS.",
	"RAS.EE",
	"RAS.GE",
	"RAW.",
	"RAW.E",
	"RAW.ES",
	"RAW.S",
	"RAWES.",
	"RAWS.E",
	"RE.",
	"RE.A",
	"RE.AS",
	"RE.ASE",
	"RE.E",
	"RE.ES",
	"RE.G",
	"RE.GS",
	"RE.S",
	"REES.",
	"REEW.",
	"REEWS.",
	"REG.",
	"REG.E",
	"REG.ES",
	"REG.S",
	"REGA.",
	"REGA.S",
	"REGAE.",
	"REGAE.S",
	"REGAS.",
	"REGAW.",
	"REGAW.S",
	"REGAWS.",
	"REGE.",
	"REGE.S",
	"RES.",
	"RES.A",
	"RES.E",
	"RES.GE",
	"RESAE.",
	"REW.E",
	"REWAS.",
	"REWE.",
	"REWE.S",
	"REWES.",
	"RG.EASE",
	"RG.EE",
	"RG.EES",
	"RG.ESE",
	"RG.EW",
	"RG.EWS",
	"RGA.EE",
	"RGA.EES",
	"RGAE.E",
	"RGAE.ES"
]