{
	"Board": [
		[
			{
				"Bonus": 87,
				"Letter": 65,
				"Blank": false,
				"Round": 0,
				"Player": ""
			},
			{
				"Bonus": 0,
				"Letter": 66,
				"Blank": false,
				"Round": 0,
				"Player": ""
			},
			{
				"Bonus": 0,
				"Letter": 67,
				"Blank": false,
				"Round": 0,
				"Player": ""
			},
			{
				"Bonus": 108,
				"Letter": 68,
				"Blank": false,
				"Round": 0,
				"Player": ""
			},
			{
				"Bonus": 0,
				"Letter": 69,
				"Blank": false,
				"Round": 0,
				"Player": ""
			},
			{
				"Bonus": 0,
				"Letter": 70,
				"Blank": false,
				"Round": 0,
				"Player": ""
			},
			{
				"Bonus": 0,
				"Letter": 71,
				"Blank": false,
				"Round": 0,
				"Player": ""
			},
			{
				"Bonus": 87,
				"Letter": 72,
				"Blank": false,
				"Round": 0,
				"Player": ""
			},
			{
				"Bonus": 0,
				"Letter": 73,
				"Blank": false,
				"Round": 0,
				"Player": ""
			},
			{
				"Bonus": 0,
				"Letter": 74,
				"Blank": false,
				"Round": 0,
				"Player": ""
			},
			{
				"Bonus": 0,
				"Letter": 75,
				"Blank": false,
				"Round": 0,
				"Player": ""
			},
			{
				"Bonus": 108,
				"Letter": 76,
				"Blank": false,
				"Round": 0,
				"Player": ""
			},
			{
				"Bonus": 0,
				"Letter": 77,
				"Blank": false,
				"Round": 0,
				"Player": ""
			},
			{
				"Bonus": 0,
				"Letter": 78,
				"Blank": false,
				"Round": 0,
				"Player": ""
			},
			{
				"Bonus": 87,
				"Letter": 79,
				"Blank": false,
				"Round": 0,
				"Player": ""
			}
		],
		[
			{
				"Bonus": 0,
				"Letter": 80,
				"Blank": false,
				"Round": 0,
				"Player": ""
			},
			{
				"Bonus": 119,
				"Letter": 81,
				"Blank": false,
				"Round": 0,
				"Player": ""
			},
			{
				"Bonus": 0,
				"Letter": 82,
				"Blank": false,
				"Round": 0,
				"Player": ""
			},
			{
				"Bonus": 0,
				"Letter": 83,
				"Blank": false,
				"Round": 0,
				"Player": ""
			},
			{
				"Bonus": 0,
				"Letter": 84,
				"Blank": false,
				"Round": 0,
				"Player": ""
			},
			{
				"Bonus": 76,
				"Letter": 85,
				"Blank": false,
				"Round": 0,
				"Player": ""
			},
			{
				"Bonus": 0,
				"Letter": 86,
				"Blank": false,
				"Round": 0,
				"Player": ""
			},
			{
				"Bonus": 0,
				"Letter": 87,
				"Blank": false,
				"Round": 0,
				"Player": ""
			},
			{
				"Bonus": 0,
				"Letter": 88,
				"Blank": false,
				"Round": 0,
				"Player": ""
			},
			{
				"Bonus": 76,
				"Letter": 89,
				"Blank": false,
				"Round": 0,
				"Player": ""
			},
			{
				"Bonus": 0,
				"Letter": 90,
				"Blank": false,
				"Round": 0,
				"Player": ""
			},
			{
				"Bonus": 0,
				"Letter": 0,
				"Blank": false,
				"Round": 0,
				"Player": ""
			},
			{
				"Bonus": 0,
				"Letter": 0,
				"Blank": false,
				"Round": 0,
				"Player": ""
			},
			{
				"Bonus": 119,
				"Letter": 0,
				"Blank": false,
				"Round": 0,
				"Player": ""
			},
			{
				"Bonus": 0,
				"Letter": 0,
				"Blank": false,
				"Round": 0,
				"Player": ""
			}
		],
		[
			{
				"Bonus": 0,
				"Letter": 0,
				"Blank": false,
				"Round": 0,
				"Player": ""
			},
			{
				"Bonus": 0,
				"Letter": 0,
				"Blank": false,
				"Round": 0,
				"Player": ""
			},
			{
				"Bonus": 119,
				"Letter": 0,
				"Blank": false,
				"Round": 0,
				"Player": ""
			},
			{
				"Bonus": 0,
				"Letter": 0,
				"Blank": false,
				"Round": 0,
				"Player": ""
			},
			{
				"Bonus": 0,
				"Letter": 0,
				"Blank": false,
				"Round": 0,
				"Player": ""
			},
			{
				"Bonus": 0,
				"Letter": 0,
				"Blank": false,
				"Round": 0,
				"Player": ""
			},
			{
				"Bonus": 108,
				"Letter": 0,
				"Blank": false,
				"Round": 0,
				"Player": ""
			},
			{
				"Bonus": 0,
				"Letter": 0,
				"Blank": false,
				"Round": 0,
				"Player": ""
			},
			{
				"Bonus": 108,
				"Letter": 0,
				"Blank": false,
				"Round": 0,
				"Player": ""
			},
			{
				"Bonus": 0,
				"Letter": 0,
				"Blank": false,
				"Round": 0,
				"Player": ""
			},
			{
				"Bonus": 0,
				"Letter": 0,
				"Blank": false,
				"Round": 0,
				"Player": ""
			},
			{
				"Bonus": 0,
				"Letter": 0,
				"Blank": false,
				"Round": 0,
				"Player": ""
			},
			{
				"Bonus": 119,
				"Letter": 0,
				"Blank": false,
				"Round": 0,
				"Player": ""
			},
			{
				"Bonus": 0,
				"Letter": 0,
				"Blank": false,
				"Round": 0,
				"Player": ""
			},
			{
				"Bonus": 0,
				"Letter": 0,
				"Blank": false,
				"Round": 0,
				"Player": ""
			}
		],
		[
			{
				"Bonus": 108,
				"Letter": 0,
				"Blank": false,
				"Round": 0,
				"Player": ""
			},
			{
				"Bonus": 0,
				"Letter": 0,
				"Blank": false,
				"Round": 0,
				"Player": ""
			},
			{
				"Bonus": 0,
				"Letter": 0,
				"Blank": false,
				"Round": 0,
				"Player": ""
			},
			{
				"Bonus": 119,
				"Letter": 0,
				"Blank": false,
				"Round": 0,
				"Player": ""
			},
			{
				"Bonus": 0,
				"Letter": 0,
				"Blank": false,
				"Round": 0,
				"Player": ""
			},
			{
				"Bonus": 0,
				"Letter": 0,
				"Blank": false,
				"Round": 0,
				"Player": ""
			},
			{
				"Bonus": 0,
				"Letter": 0,
				"Blank": false,
				"Round": 0,
				"Player": ""
			},
			{
				"Bonus": 108,
				"Letter": 0,
				"Blank": false,
				"Round": 0,
				"Player": ""
			},
			{
				"Bonus": 0,
				"Letter": 0,
				"Blank": false,
				"Round": 0,
				"Player": ""
			},
			{
				"Bonus": 0,
				"Letter": 0,
				"Blank": false,
				"Round": 0,
				"Player": ""
			},
			{
				"Bonus": 0,
				"Letter": 0,
				"Blank": false,
				"Round": 0,
				"Player": ""
			},
			{
				"Bonus": 119,
				"Letter": 0,
				"Blank": false,
				"Round": 0,
				"Player": ""
			},
			{
				"Bonus": 0,
				"Letter": 0,
				"Blank": false,
				"Round": 0,
				"Player": ""
			},
			{
				"Bonus": 0,
				"Letter": 0,
				"Blank": false,
				"Round": 0,
				"Player": ""
			},
			{
				"Bonus": 108,
				"Letter": 0,
				"Blank": false,
				"Round": 0,
				"Player": ""
			}
		],
		[
			{
				"Bonus": 0,
				"Letter": 0,
				"Blank": false,
				"Round": 0,
				"Player": ""
			},
			{
				"Bonus": 0,
				"Letter": 0,
				"Blank": false,
				"Round": 0,
				"Player": ""
			},
			{
				"Bonus": 0,
				"Letter": 0,
				"Blank": false,
				"Round": 0,
				"Player": ""
			},
			{
				"Bonus": 0,
				"Letter": 0,
				"Blank": false,
				"Round": 0,
				"Player": ""
			},
			{
				"Bonus": 119,
				"Letter": 0,
				"Blank": false,
				"Round": 0,
				"Player": ""
			},
			{
				"Bonus": 0,
				"Letter": 0,
				"Blank": false,
				"Round": 0,
				"Player": ""
			},
			{
				"Bonus": 0,
				"Letter": 0,
				"Blank": false,
				"Round": 0,
				"Player": ""
			},
			{
				"Bonus": 0,
				"Letter": 0,
				"Blank": false,
				"Round": 0,
				"Player": ""
			},
			{
				"Bonus": 0,
				"Letter": 0,
				"Blank": false,
				"Round": 0,
				"Player": ""
			},
			{
				"Bonus": 0,
				"Letter": 0,
				"Blank": false,
				"Round": 0,
				"Player": ""
			},
			{
				"Bonus": 119,
				"Letter": 0,
				"Blank": false,
				"Round": 0,
				"Player": ""
			},
			{
				"Bonus": 0,
				"Letter": 0,
				"Blank": false,
				"Round": 0,
				"Player": ""
			},
			{
				"Bonus": 0,
				"Letter": 0,
				"Blank": false,
				"Round": 0,
				"Player": ""
			},
			{
				"Bonus": 0,
				"Letter": 0,
				"Blank": false,
				"Round": 0,
				"Player": ""
			},
			{
				"Bonus": 0,
				"Letter": 0,
				"Blank": false,
				"Round": 0,
				"Player": ""
			}
		],
		[
			{
				"Bonus": 0,
				"Letter": 0,
				"Blank": false,
				"Round": 0,
				"Player": ""
			},
			{
				"Bonus": 76,
				"Letter": 0,
				"Blank": false,
				"Round": 0,
				"Player": ""
			},
			{
				"Bonus": 0,
				"Letter": 0,
				"Blank": false,
				"Round": 0,
				"Player": ""
			},
			{
				"Bonus": 0,
				"Letter": 0,
				"Blank": false,
				"Round": 0,
				"Player": ""
			},
			{
				"Bonus": 0,
				"Letter": 0,
				"Blank": false,
				"Round": 0,
				"Player": ""
			},
			{
				"Bonus": 76,
				"Letter": 0,
				"Blank": false,
				"Round": 0,
				"Player": ""
			},
			{
				"Bonus": 0,
				"Letter": 0,
				"Blank": false,
				"Round": 0,
				"Player": ""
			},
			{
				"Bonus": 0,
				"Letter": 0,
				"Blank": false,
				"Round": 0,
				"Player": ""
			},
			{
				"Bonus": 0,
				"Letter": 0,
				"Blank": false,
				"Round": 0,
				"Player": ""
			},
			{
				"Bonus": 76,
				"Letter": 0,
				"Blank": false,
				"Round": 0,
				"Player": ""
			},
			{
				"Bonus": 0,
				"Letter": 0,
				"Blank": false,
				"Round": 0,
				"Player": ""
			},
			{
				"Bonus": 0,
				"Letter": 0,
				"Blank": false,
				"Round": 0,
				"Player": ""
			},
			{
				"Bonus": 0,
				"Letter": 0,
				"Blank": false,
				"Round": 0,
				"Player": ""
			},
			{
				"Bonus": 76,
				"Letter": 0,
				"Blank": false,
				"Round": 0,
				"Player": ""
			},
			{
				"Bonus": 0,
				"Letter": 0,
				"Blank": false,
				"Round": 0,
				"Player": ""
			}
		],
		[
			{
				"Bonus": 0,
				"Letter": 0,
				"Blank": false,
				"Round": 0,
				"Player": ""
			},
			{
				"Bonus": 0,
				"Letter": 0,
				"Blank": false,
				"Round": 0,
				"Player": ""
			},
			{
				"Bonus": 108,
				"Letter": 0,
				"Blank": false,
				"Round": 0,
				"Player": ""
			},
			{
				"Bonus": 0,
				"Letter": 0,
				"Blank": false,
				"Round": 0,
				"Player": ""
			},
			{
				"Bonus": 0,
				"Letter": 0,
				"Blank": false,
				"Round": 0,
				"Player": ""
			},
			{
				"Bonus": 0,
				"Letter": 0,
				"Blank": false,
				"Round": 0,
				"Player": ""
			},
			{
				"Bonus": 108,
				"Letter": 0,
				"Blank": false,
				"Round": 0,
				"Player": ""
			},
			{
				"Bonus": 0,
				"Letter": 0,
				"Blank": false,
				"Round": 0,
				"Player": ""
			},
			{
				"Bonus": 108,
				"Letter": 0,
				"Blank": false,
				"Round": 0,
				"Player": ""
			},
			{
				"Bonus": 0,
				"Letter": 0,
				"Blank": false,
				"Round": 0,
				"Player": ""
			},
			{
				"Bonus": 0,
				"Letter": 0,
				"Blank": false,
				"Round": 0,
				"Player": ""
			},
			{
				"Bonus": 0,
				"Letter": 0,
				"Blank": false,
				"Round": 0,
				"Player": ""
			},
			{
				"Bonus": 108,
				"Letter": 0,
				"Blank": false,
				"Round": 0,
				"Player": ""
			},
			{
				"Bonus": 0,
				"Letter": 0,
				"Blank": false,
				"Round": 0,
				"Player": ""
			},
			{
				"Bonus": 0,
				"Letter": 0,
				"Blank": false,
				"Round": 0,
				"Player": ""
			}
		],
		[
			{
				"Bonus": 87,
				"Letter": 0,
				"Blank": false,
				"Round": 0,
				"Player": ""
			},
			{
				"Bonus": 0,
				"Letter": 0,
				"Blank": false,
				"Round": 0,
				"Player": ""
			},
			{
				"Bonus": 0,
				"Letter": 0,
				"Blank": false,
				"Round": 0,
				"Player": ""
			},
			{
				"Bonus": 108,
				"Letter": 0,
				"Blank": false,
				"Round": 0,
				"Player": ""
			},
			{
				"Bonus": 0,
				"Letter": 0,
				"Blank": false,
				"Round": 0,
				"Player": ""
			},
			{
				"Bonus": 0,
				"Letter": 0,
				"Blank": false,
				"Round": 0,
				"Player": ""
			},
			{
				"Bonus": 0,
				"Letter": 0,
				"Blank": false,
				"Round": 0,
				"Player": ""
			},
			{
				"Bonus": 115,
				"Letter": 83,
				"Blank": false,
				"Round": 0,
				"Player": "Olek"
			},
			{
				"Bonus": 0,
				"Letter": 79,
				"Blank": false,
				"Round": 0,
				"Player": "Olek"
			},
			{
				"Bonus": 0,
				"Letter": 83,
				"Blank": false,
				"Round": 0,
				"Player": "Olek"
			},
			{
				"Bonus": 0,
				"Letter": 0,
				"Blank": false,
				"Round": 0,
				"Player": ""
			},
			{
				"Bonus": 108,
				"Letter": 0,
				"Blank": false,
				"Round": 0,
				"Player": ""
			},
			{
				"Bonus": 0,
				"Letter": 0,
				"Blank": false,
				"Round": 0,
				"Player": ""
			},
			{
				"Bonus": 0,
				"Letter": 0,
				"Blank": false,
				"Round": 0,
				"Player": ""
			},
			{
				"Bonus": 87,
				"Letter": 0,
				"Blank": false,
				"Round": 0,
				"Player": ""
			}
		],
		[
			{
				"Bonus": 0,
				"Letter": 0,
				"Blank": false,
				"Round": 0,
				"Player": ""
			},
			{
				"Bonus": 0,
				"Letter": 0,
				"Blank": false,
				"Round": 0,
				"Player": ""
			},
			{
				"Bonus": 108,
				"Letter": 0,
				"Blank": false,
				"Round": 0,
				"Player": ""
			},
			{
				"Bonus": 0,
				"Letter": 0,
				"Blank": false,
				"Round": 0,
				"Player": ""
			},
			{
				"Bonus": 0,
				"Letter": 0,
				"Blank": false,
				"Round": 0,
				"Player": ""
			},
			{
				"Bonus": 0,
				"Letter": 0,
				"Blank": false,
				"Round": 0,
				"Player": ""
			},
			{
				"Bonus": 108,
				"Letter": 0,
				"Blank": false,
				"Round": 0,
				"Player": ""
			},
			{
				"Bonus": 0,
				"Letter": 0,
				"Blank": false,
				"Round": 0,
				"Player": ""
			},
			{
				"Bonus": 108,
				"Letter": 0,
				"Blank": false,
				"Round": 0,
				"Player": ""
			},
			{
				"Bonus": 0,
				"Letter": 0,
				"Blank": false,
				"Round": 0,
				"Player": ""
			},
			{
				"Bonus": 0,
				"Letter": 0,
				"Blank": false,
				"Round": 0,
				"Player": ""
			},
			{
				"Bonus": 0,
				"Letter": 0,
				"Blank": false,
				"Round": 0,
				"Player": ""
			},
			{
				"Bonus": 108,
				"Letter": 0,
				"Blank": false,
				"Round": 0,
				"Player": ""
			},
			{
				"Bonus": 0,
				"Letter": 0,
				"Blank": false,
				"Round": 0,
				"Player": ""
			},
			{
				"Bonus": 0,
				"Letter": 0,
				"Blank": false,
				"Round": 0,
				"Player": ""
			}
		],
		[
			{
				"Bonus": 0,
				"Letter": 0,
				"Blank": false,
				"Round": 0,
				"Player": ""
			},
			{
				"Bonus": 76,
				"Letter": 0,
				"Blank": false,
				"Round": 0,
				"Player": ""
			},
			{
				"Bonus": 0,
				"Letter": 0,
				"Blank": false,
				"Round": 0,
				"Player": ""
			},
			{
				"Bonus": 0,
				"Letter": 0,
				"Blank": false,
				"Round": 0,
				"Player": ""
			},
			{
				"Bonus": 0,
				"Letter": 0,
				"Blank": false,
				"Round": 0,
				"Player": ""
			},
			{
				"Bonus": 76,
				"Letter": 0,
				"Blank": false,
				"Round": 0,
				"Player": ""
			},
			{
				"Bonus": 0,
				"Letter": 0,
				"Blank": false,
				"Round": 0,
				"Player": ""
			},
			{
				"Bonus": 0,
				"Letter": 0,
				"Blank": false,
				"Round": 0,
				"Player": ""
			},
			{
				"Bonus": 0,
				"Letter": 0,
				"Blank": false,
				"Round": 0,
				"Player": ""
			},
			{
				"Bonus": 76,
				"Letter": 0,
				"Blank": false,
				"Round": 0,
				"Player": ""
			},
			{
				"Bonus": 0,
				"Letter": 0,
				"Blank": false,
				"Round": 0,
				"Player": ""
			},
			{
				"Bonus": 0,
				"Letter": 0,
				"Blank": false,
				"Round": 0,
				"Player": ""
			},
			{
				"Bonus": 0,
				"Letter": 0,
				"Blank": false,
				"Round": 0,
				"Player": ""
			},
			{
				"Bonus": 76,
				"Letter": 0,
				"Blank": false,
				"Round": 0,
				"Player": ""
			},
			{
				"Bonus": 0,
				"Letter": 0,
				"Blank": false,
				"Round": 0,
				"Player": ""
			}
		],
		[
			{
				"Bonus": 0,
				"Letter": 0,
				"Blank": false,
				"Round": 0,
				"Player": ""
			},
			{
				"Bonus": 0,
				"Letter": 0,
				"Blank": false,
				"Round": 0,
				"Player": ""
			},
			{
				"Bonus": 0,
				"Letter": 0,
				"Blank": false,
				"Round": 0,
				"Player": ""
			},
			{
				"Bonus": 0,
				"Letter": 0,
				"Blank": false,
				"Round": 0,
				"Player": ""
			},
			{
				"Bonus": 119,
				"Letter": 0,
				"Blank": false,
				"Round": 0,
				"Player": ""
			},
			{
				"Bonus": 0,
				"Letter": 0,
				"Blank": false,
				"Round": 0,
				"Player": ""
			},
			{
				"Bonus": 0,
				"Letter": 0,
				"Blank": false,
				"Round": 0,
				"Player": ""
			},
			{
				"Bonus": 0,
				"Letter": 0,
				"Blank": false,
				"Round": 0,
				"Player": ""
			},
			{
				"Bonus": 0,
				"Letter": 0,
				"Blank": false,
				"Round": 0,
				"Player": ""
			},
			{
				"Bonus": 0,
				"Letter": 0,
				"Blank": false,
				"Round": 0,
				"Player": ""
			},
			{
				"Bonus": 119,
				"Letter": 0,
				"Blank": false,
				"Round": 0,
				"Player": ""
			},
			{
				"Bonus": 0,
				"Letter": 0,
				"Blank": false,
				"Round": 0,
				"Player": ""
			},
			{
				"Bonus": 0,
				"Letter": 0,
				"Blank": false,
				"Round": 0,
				"Player": ""
			},
			{
				"Bonus": 0,
				"Letter": 0,
				"Blank": false,
				"Round": 0,
				"Player": ""
			},
			{
				"Bonus": 0,
				"Letter": 0,
				"Blank": false,
				"Round": 0,
				"Player": ""
			}
		],
		[
			{
				"Bonus": 108,
				"Letter": 0,
				"Blank": false,
				"Round": 0,
				"Player": ""
			},
			{
				"Bonus": 0,
				"Letter": 0,
				"Blank": false,
				"Round": 0,
				"Player": ""
			},
			{
				"Bonus": 0,
				"Letter": 0,
				"Blank": false,
				"Round": 0,
				"Player": ""
			},
			{
				"Bonus": 119,
				"Letter": 0,
				"Blank": false,
				"Round": 0,
				"Player": ""
			},
			{
				"Bonus": 0,
				"Letter": 0,
				"Blank": false,
				"Round": 0,
				"Player": ""
			},
			{
				"Bonus": 0,
				"Letter": 0,
				"Blank": false,
				"Round": 0,
				"Player": ""
			},
			{
				"Bonus": 0,
				"Letter": 0,
				"Blank": false,
				"Round": 0,
				"Player": ""
			},
			{
				"Bonus": 108,
				"Letter": 0,
				"Blank": false,
				"Round": 0,
				"Player": ""
			},
			{
				"Bonus": 0,
				"Letter": 0,
				"Blank": false,
				"Round": 0,
				"Player": ""
			},
			{
				"Bonus": 0,
				"Letter": 0,
				"Blank": false,
				"Round": 0,
				"Player": ""
			},
			{
				"Bonus": 0,
				"Letter": 0,
				"Blank": false,
				"Round": 0,
				"Player": ""
			},
			{
				"Bonus": 119,
				"Letter": 0,
				"Blank": false,
				"Round": 0,
				"Player": ""
			},
			{
				"Bonus": 0,
				"Letter": 0,
				"Blank": false,
				"Round": 0,
				"Player": ""
			},
			{
				"Bonus": 0,
				"Letter": 0,
				"Blank": false,
				"Round": 0,
				"Player": ""
			},
			{
				"Bonus": 108,
				"Letter": 0,
				"Blank": false,
				"Round": 0,
				"Player": ""
			}
		],
		[
			{
				"Bonus": 0,
				"Letter": 0,
				"Blank": false,
				"Round": 0,
				"Player": ""
			},
			{
				"Bonus": 0,
				"Letter": 0,
				"Blank": false,
				"Round": 0,
				"Player": ""
			},
			{
				"Bonus": 119,
				"Letter": 0,
				"Blank": false,
				"Round": 0,
				"Player": ""
			},
			{
				"Bonus": 0,
				"Letter": 0,
				"Blank": false,
				"Round": 0,
				"Player": ""
			},
			{
				"Bonus": 0,
				"Letter": 0,
				"Blank": false,
				"Round": 0,
				"Player": ""
			},
			{
				"Bonus": 0,
				"Letter": 0,
				"Blank": false,
				"Round": 0,
				"Player": ""
			},
			{
				"Bonus": 108,
				"Letter": 0,
				"Blank": false,
				"Round": 0,
				"Player": ""
			},
			{
				"Bonus": 0,
				"Letter": 0,
				"Blank": false,
				"Round": 0,
				"Player": ""
			},
			{
				"Bonus": 108,
				"Letter": 0,
				"Blank": false,
				"Round": 0,
				"Player": ""
			},
			{
				"Bonus": 0,
				"Letter": 0,
				"Blank": false,
				"Round": 0,
				"Player": ""
			},
			{
				"Bonus": 0,
				"Letter": 0,
				"Blank": false,
				"Round": 0,
				"Player": ""
			},
			{
				"Bonus": 0,
				"Letter": 0,
				"Blank": false,
				"Round": 0,
				"Player": ""
			},
			{
				"Bonus": 119,
				"Letter": 0,
				"Blank": false,
				"Round": 0,
				"Player": ""
			},
			{
				"Bonus": 0,
				"Letter": 0,
				"Blank": false,
				"Round": 0,
				"Player": ""
			},
			{
				"Bonus": 0,
				"Letter": 0,
				"Blank": false,
				"Round": 0,
				"Player": ""
			}
		],
		[
			{
				"Bonus": 0,
				"Letter": 0,
				"Blank": false,
				"Round": 0,
				"Player": ""
			},
			{
				"Bonus": 119,
				"Letter": 0,
				"Blank": false,
				"Round": 0,
				"Player": ""
			},
			{
				"Bonus": 0,
				"Letter": 0,
				"Blank": false,
				"Round": 0,
				"Player": ""
			},
			{
				"Bonus": 0,
				"Letter": 0,
				"Blank": false,
				"Round": 0,
				"Player": ""
			},
			{
				"Bonus": 0,
				"Letter": 0,
				"Blank": false,
				"Round": 0,
				"Player": ""
			},
			{
				"Bonus": 76,
				"Letter": 0,
				"Blank": false,
				"Round": 0,
				"Player": ""
			},
			{
				"Bonus": 0,
				"Letter": 0,
				"Blank": false,
				"Round": 0,
				"Player": ""
			},
			{
				"Bonus": 0,
				"Letter": 0,
				"Blank": false,
				"Round": 0,
				"Player": ""
			},
			{
				"Bonus": 0,
				"Letter": 0,
				"Blank": false,
				"Round": 0,
				"Player": ""
			},
			{
				"Bonus": 76,
				"Letter": 0,
				"Blank": false,
				"Round": 0,
				"Player": ""
			},
			{
				"Bonus": 0,
				"Letter": 0,
				"Blank": false,
				"Round": 0,
				"Player": ""
			},
			{
				"Bonus": 0,
				"Letter": 0,
				"Blank": false,
				"Round": 0,
				"Player": ""
			},
			{
				"Bonus": 0,
				"Letter": 0,
				"Blank": false,
				"Round": 0,
				"Player": ""
			},
			{
				"Bonus": 119,
				"Letter": 0,
				"Blank": false,
				"Round": 0,
				"Player": ""
			},
			{
				"Bonus": 0,
				"Letter": 0,
				"Blank": false,
				"Round": 0,
				"Player": ""
			}
		],
		[
			{
				"Bonus": 87,
				"Letter": 0,
				"Blank": false,
				"Round": 0,
				"Player": ""
			},
			{
				"Bonus": 0,
				"Letter": 0,
				"Blank": false,
				"Round": 0,
				"Player": ""
			},
			{
				"Bonus": 0,
				"Letter": 0,
				"Blank": false,
				"Round": 0,
				"Player": ""
			},
			{
				"Bonus": 108,
				"Letter": 0,
				"Blank": false,
				"Round": 0,
				"Player": ""
			},
			{
				"Bonus": 0,
				"Letter": 0,
				"Blank": false,
				"Round": 0,
				"Player": ""
			},
			{
				"Bonus": 0,
				"Letter": 0,
				"Blank": false,
				"Round": 0,
				"Player": ""
			},
			{
				"Bonus": 0,
				"Letter": 0,
				"Blank": false,
				"Round": 0,
				"Player": ""
			},
			{
				"Bonus": 87,
				"Letter": 0,
				"Blank": false,
				"Round": 0,
				"Player": ""
			},
			{
				"Bonus": 0,
				"Letter": 0,
				"Blank": false,
				"Round": 0,
				"Player": ""
			},
			{
				"Bonus": 0,
				"Letter": 0,
				"Blank": false,
				"Round": 0,
				"Player": ""
			},
			{
				"Bonus": 0,
				"Letter": 0,
				"Blank": false,
				"Round": 0,
				"Player": ""
			},
			{
				"Bonus": 108,
				"Letter": 0,
				"Blank": false,
				"Round": 0,
				"Player": ""
			},
			{
				"Bonus": 0,
				"Letter": 0,
				"Blank": false,
				"Round": 0,
				"Player": ""
			},
			{
				"Bonus": 0,
				"Letter": 0,
				"Blank": false,
				"Round": 0,
				"Player": ""
			},
			{
				"Bonus": 87,
				"Letter": 0,
				"Blank": false,
				"Round": 0,
				"Player": ""
			}
		]
	],
	"Players": [
		{
			"Name": "Olek",
			"Points": 122,
			"Rack": []
		},
		{
			"Name": "Zuza",
			"Points": 143,
			"Rack": [
				84,
				69,
				83,
				84,
				83,
				80,
				78
			]
		}
	],
	"Bag": [],
	"LettterPoints": {
		"100": 2,
		"101": 2,
		"102": 2,
		"103": 3,
		"104": 3,
		"105": 3,
		"106": 4,
		"107": 4,
		"108": 4,
		"109": 1,
		"110": 1,
		"111": 1,
		"112": 2,
		"114": 2,
		"115": 2,
		"116": 3,
		"117": 3,
		"119": 3,
		"120": 4,
		"121": 4,
		"122": 4,
		"97": 1,
		"98": 1,
		"99": 1
	},
	"Dict": {
		"IsWord": false,
		"Children": {
			"66": {
				"IsWord": false,
				"Children": {
					"46": {
						"IsWord": false,
						"Children": {
							"79": {
								"IsWord": false,
								"Children": {
									"79": {
										"IsWord": false,
										"Children": {
											"75": {
												"IsWord": true,
												"Children": {
													"83": {
														"IsWord": true,
														"Children": {}
													}
												}
											}
										}
									},
									"83": {
										"IsWord": false,
										"Children": {
											"83": {
												"IsWord": true,
												"Children": {}
											}
										}
									}
								}
							}
						}
					}
				}
			},
			"68": {
				"IsWord": false,
				"Children": {
					"82": {
						"IsWord": false,
						"Children": {
							"79": {
								"IsWord": false,
								"Children": {
									"87": {
										"IsWord": false,
										"Children": {
											"46": {
												"IsWord": true,
												"Children": {
													"83": {
														"IsWord": true,
														"Children": {}
													}
												}
											}
										}
									}
								}
							}
						}
					}
				}
			},
			"69": {
				"IsWord": false,
				"Children": {
					"76": {
						"IsWord": false,
						"Children": {
							"72": {
								"IsWord": false,
								"Children": {
									"84": {
										"IsWord": false,
										"Children": {
											"82": {
												"IsWord": false,
												"Children": {
													"79": {
														"IsWord": false,
														"Children": {
															"87": {
																"IsWord": false,
																"Children": {
																	"46": {
																		"IsWord": false,
																		"Children": {
																			"83": {
																				"IsWord": false,
																				"Children": {
																					"83": {
																						"IsWord": true,
																						"Children": {}
																					}
																				}
																			}
																		}
																	}
																}
															}
														}
													}
												}
											}
										}
									}
								}
							}
						}
					},
					"86": {
						"IsWord": false,
						"Children": {
							"79": {
								"IsWord": false,
								"Children": {
									"76": {
										"IsWord": false,
										"Children": {
											"46": {
												"IsWord": false,
												"Children": {
													"82": {
														"IsWord": true,
														"Children": {}
													}
												}
											}
										}
									}
								}
							}
						}
					},
					"87": {
						"IsWord": false,
						"Children": {
							"46": {
								"IsWord": false,
								"Children": {
									"83": {
										"IsWord": false,
										"Children": {
											"84": {
												"IsWord": true,
												"Children": {}
											}
										}
									}
								}
							}
						}
					}
				}
			},
			"70": {
				"IsWord": false,
				"Children": {
					"72": {
						"IsWord": false,
						"Children": {
							"84": {
								"IsWord": false,
								"Children": {
									"82": {
										"IsWord": false,
										"Children": {
											"79": {
												"IsWord": false,
												"Children": {
													"87": {
														"IsWord": false,
														"Children": {
															"46": {
																"IsWord": false,
																"Children": {
																	"85": {
																		"IsWord": false,
																		"Children": {
																			"76": {
																				"IsWord": true,
																				"Children": {}
																			}
																		}
																	}
																}
															}
														}
													}
												}
											}
										}
									}
								}
							}
						}
					}
				}
			},
			"72": {
				"IsWord": false,
				"Children": {
					"84": {
						"IsWord": false,
						"Children": {
							"82": {
								"IsWord": false,
								"Children": {
									"79": {
										"IsWord": false,
										"Children": {
											"87": {
												"IsWord": false,
												"Children": {
													"46": {
														"IsWord": false,
														"Children": {
															"70": {
																"IsWord": false,
																"Children": {
																	"85": {
																		"IsWord": false,
																		"Children": {
																			"76": {
																				"IsWord": true,
																				"Children": {}
																			}
																		}
																	}
																}
															},
															"76": {
																"IsWord": false,
																"Children": {
																	"69": {
																		"IsWord": false,
																		"Children": {
																			"83": {
																				"IsWord": false,
																				"Children": {
																					"83": {
																						"IsWord": true,
																						"Children": {}
																					}
																				}
																			}
																		}
																	}
																}
															}
														}
													}
												}
											}
										}
									}
								}
							}
						}
					}
				}
			},
			"75": {
				"IsWord": false,
				"Children": {
					"79": {
						"IsWord": false,
						"Children": {
							"79": {
								"IsWord": false,
								"Children": {
									"66": {
										"IsWord": false,
										"Children": {
											"46": {
												"IsWord": true,
												"Children": {
													"83": {
														"IsWord": true,
														"Children": {}
													}
												}
											}
										}
									}
								}
							}
						}
					},
					"82": {
						"IsWord": false,
						"Children": {
							"79": {
								"IsWord": false,
								"Children": {
									"87": {
										"IsWord": false,
										"Children": {
											"46": {
												"IsWord": true,
												"Children": {}
											}
										}
									}
								}
							}
						}
					}
				}
			},
			"76": {
				"IsWord": false,
				"Children": {
					"46": {
						"IsWord": false,
						"Children": {
							"79": {
								"IsWord": false,
								"Children": {
									"86": {
										"IsWord": false,
										"Children": {
											"69": {
												"IsWord": false,
												"Children": {
													"82": {
														"IsWord": true,
														"Children": {}
													}
												}
											}
										}
									}
								}
							}
						}
					},
					"72": {
						"IsWord": false,
						"Children": {
							"84": {
								"IsWord": false,
								"Children": {
									"82": {
										"IsWord": false,
										"Children": {
											"79": {
												"IsWord": false,
												"Children": {
													"87": {
														"IsWord": false,
														"Children": {
															"46": {
																"IsWord": false,
																"Children": {
																	"69": {
																		"IsWord": false,
																		"Children": {
																			"83": {
																				"IsWord": false,
																				"Children": {
																					"83": {
																						"IsWord": true,
																						"Children": {}
																					}
																				}
																			}
																		}
																	}
																}
															}
														}
													}
												}
											}
										}
									}
								}
							}
						}
					},
					"85": {
						"IsWord": false,
						"Children": {
							"70": {
								"IsWord": false,
								"Children": {
									"72": {
										"IsWord": false,
										"Children": {
											"84": {
												"IsWord": false,
												"Children": {
													"82": {
														"IsWord": false,
														"Children": {
															"79": {
																"IsWord": false,
																"Children": {
																	"87": {
																		"IsWord": false,
																		"Children": {
																			"46": {
																				"IsWord": true,
																				"Children": {}
																			}
																		}
																	}
																}
															}
														}
													}
												}
											}
										}
									}
								}
							}
						}
					}
				}
			},
			"79": {
				"IsWord": false,
				"Children": {
					"66": {
						"IsWord": false,
						"Children": {
							"46": {
								"IsWord": false,
								"Children": {
									"79": {
										"IsWord": false,
										"Children": {
											"75": {
												"IsWord": true,
												"Children": {
													"83": {
														"IsWord": true,
														"Children": {}
													}
												}
											}
										}
									},
									"83": {
										"IsWord": false,
										"Children": {
											"83": {
												"IsWord": true,
												"Children": {}
											}
										}
									}
								}
							}
						}
					},
					"76": {
						"IsWord": false,
						"Children": {
							"46": {
								"IsWord": false,
								"Children": {
									"86": {
										"IsWord": false,
										"Children": {
											"69": {
												"IsWord": false,
												"Children": {
													"82": {
														"IsWord": true,
														"Children": {}
													}
												}
											}
										}
									}
								}
							}
						}
					},
					"79": {
						"IsWord": false,
						"Children": {
							"66": {
								"IsWord": false,
								"Children": {
									"46": {
										"IsWord": false,
										"Children": {
											"75": {
												"IsWord": true,
												"Children": {
													"83": {
														"IsWord": true,
														"Children": {}
													}
												}
											}
										}
									}
								}
							}
						}
					},
					"83": {
						"IsWord": false,
						"Children": {
							"46": {
								"IsWord": false,
								"Children": {
									"83": {
										"IsWord": true,
										"Children": {}
									}
								}
							}
						}
					},
					"87": {
						"IsWord": false,
						"Children": {
							"46": {
								"IsWord": false,
								"Children": {
									"82": {
										"IsWord": false,
										"Children": {
											"68": {
												"IsWord": true,
												"Children": {
													"83": {
														"IsWord": true,
														"Children": {}
													}
												}
											},
											"75": {
												"IsWord": true,
												"Children": {}
											},
											"84": {
												"IsWord": false,
												"Children": {
													"72": {
														"IsWord": false,
														"Children": {
															"70": {
																"IsWord": false,
																"Children": {
																	"85": {
																		"IsWord": false,
																		"Children": {
																			"76": {
																				"IsWord": true,
																				"Children": {}
																			}
																		}
																	}
																}
															},
															"76": {
																"IsWord": false,
																"Children": {
																	"69": {
																		"IsWord": false,
																		"Children": {
																			"83": {
																				"IsWord": false,
																				"Children": {
																					"83": {
																						"IsWord": true,
																						"Children": {}
																					}
																				}
																			}
																		}
																	}
																}
															}
														}
													}
												}
											}
										}
									}
								}
							}
						}
					}
				}
			},
			"82": {
				"IsWord": false,
				"Children": {
					"69": {
						"IsWord": false,
						"Children": {
							"86": {
								"IsWord": false,
								"Children": {
									"79": {
										"IsWord": false,
										"Children": {
											"76": {
												"IsWord": false,
												"Children": {
													"46": {
														"IsWord": true,
														"Children": {}
													}
												}
											}
										}
									}
								}
							}
						}
					},
					"79": {
						"IsWord": false,
						"Children": {
							"87": {
								"IsWord": false,
								"Children": {
									"46": {
										"IsWord": false,
										"Children": {
											"68": {
												"IsWord": true,
												"Children": {
													"83": {
														"IsWord": true,
														"Children": {}
													}
												}
											},
											"75": {
												"IsWord": true,
												"Children": {}
											},
											"84": {
												"IsWord": false,
												"Children": {
													"72": {
														"IsWord": false,
														"Children": {
															"70": {
																"IsWord": false,
																"Children": {
																	"85": {
																		"IsWord": false,
																		"Children": {
																			"76": {
																				"IsWord": true,
																				"Children": {}
																			}
																		}
																	}
																}
															},
															"76": {
																"IsWord": false,
																"Children": {
																	"69": {
																		"IsWord": false,
																		"Children": {
																			"83": {
																				"IsWord": false,
																				"Children": {
																					"83": {
																						"IsWord": true,
																						"Children": {}
																					}
																				}
																			}
																		}
																	}
																}
															}
														}
													}
												}
											}
										}
									}
								}
							}
						}
					}
				}
			},
			"83": {
				"IsWord": false,
				"Children": {
					"46": {
						"IsWord": false,
						"Children": {
							"79": {
								"IsWord": false,
								"Children": {
									"83": {
										"IsWord": true,
										"Children": {}
									}
								}
							}
						}
					},
					"68": {
						"IsWord": false,
						"Children": {
							"82": {
								"IsWord": false,
								"Children": {
									"79": {
										"IsWord": false,
										"Children": {
											"87": {
												"IsWord": false,
												"Children": {
													"46": {
														"IsWord": true,
														"Children": {}
													}
												}
											}
										}
									}
								}
							}
						}
					},
					"69": {
						"IsWord": false,
						"Children": {
							"76": {
								"IsWord": false,
								"Children": {
									"72": {
										"IsWord": false,
										"Children": {
											"84": {
												"IsWord": false,
												"Children": {
													"82": {
														"IsWord": false,
														"Children": {
															"79": {
																"IsWord": false,
																"Children": {
																	"87": {
																		"IsWord": false,
																		"Children": {
																			"46": {
																				"IsWord": false,
																				"Children": {
																					"83": {
																						"IsWord": true,
																						"Children": {}
																					}
																				}
																			}
																		}
																	}
																}
															}
														}
													}
												}
											}
										}
									}
								}
							},
							"87": {
								"IsWord": false,
								"Children": {
									"46": {
										"IsWord": false,
										"Children": {
											"84": {
												"IsWord": true,
												"Children": {}
											}
										}
									}
								}
							}
						}
					},
					"75": {
						"IsWord": false,
						"Children": {
							"79": {
								"IsWord": false,
								"Children": {
									"79": {
										"IsWord": false,
										"Children": {
											"66": {
												"IsWord": false,
												"Children": {
													"46": {
														"IsWord": true,
														"Children": {}
													}
												}
											}
										}
									}
								}
							}
						}
					},
					"79": {
						"IsWord": false,
						"Children": {
							"66": {
								"IsWord": false,
								"Children": {
									"46": {
										"IsWord": false,
										"Children": {
											"83": {
												"IsWord": true,
												"Children": {}
											}
										}
									}
								}
							},
							"83": {
								"IsWord": false,
								"Children": {
									"46": {
										"IsWord": true,
										"Children": {}
									}
								}
							}
						}
					},
					"83": {
						"IsWord": false,
						"Children": {
							"69": {
								"IsWord": false,
								"Children": {
									"76": {
										"IsWord": false,
										"Children": {
											"72": {
												"IsWord": false,
												"Children": {
													"84": {
														"IsWord": false,
														"Children": {
															"82": {
																"IsWord": false,
																"Children": {
																	"79": {
																		"IsWord": false,
																		"Children": {
																			"87": {
																				"IsWord": false,
																				"Children": {
																					"46": {
																						"IsWord": true,
																						"Children": {}
																					}
																				}
																			}
																		}
																	}
																}
															}
														}
													}
												}
											}
										}
									}
								}
							},
							"79": {
								"IsWord": false,
								"Children": {
									"66": {
										"IsWord": false,
										"Children": {
											"46": {
												"IsWord": true,
												"Children": {}
											}
										}
									}
								}
							}
						}
					}
				}
			},
			"84": {
				"IsWord": false,
				"Children": {
					"82": {
						"IsWord": false,
						"Children": {
							"79": {
								"IsWord": false,
								"Children": {
									"87": {
										"IsWord": false,
										"Children": {
											"46": {
												"IsWord": false,
												"Children": {
													"72": {
														"IsWord": false,
														"Children": {
															"70": {
																"IsWord": false,
																"Children": {
																	"85": {
																		"IsWord": false,
																		"Children": {
																			"76": {
																				"IsWord": true,
																				"Children": {}
																			}
																		}
																	}
																}
															},
															"76": {
																"IsWord": false,
																"Children": {
																	"69": {
																		"IsWord": false,
																		"Children": {
																			"83": {
																				"IsWord": false,
																				"Children": {
																					"83": {
																						"IsWord": true,
																						"Children": {}
																					}
																				}
																			}
																		}
																	}
																}
															}
														}
													}
												}
											}
										}
									}
								}
							}
						}
					},
					"83": {
						"IsWord": false,
						"Children": {
							"69": {
								"IsWord": false,
								"Children": {
									"87": {
										"IsWord": false,
										"Children": {
											"46": {
												"IsWord": true,
												"Children": {}
											}
										}
									}
								}
							}
						}
					}
				}
			},
			"85": {
				"IsWord": false,
				"Children": {
					"70": {
						"IsWord": false,
						"Children": {
							"72": {
								"IsWord": false,
								"Children": {
									"84": {
										"IsWord": false,
										"Children": {
											"82": {
												"IsWord": false,
												"Children": {
													"79": {
														"IsWord": false,
														"Children": {
															"87": {
																"IsWord": false,
																"Children": {
																	"46": {
																		"IsWord": false,
																		"Children": {
																			"76": {
																				"IsWord": true,
																				"Children": {}
																			}
																		}
																	}
																}
															}
														}
													}
												}
											}
										}
									}
								}
							}
						}
					}
				}
			},
			"86": {
				"IsWord": false,
				"Children": {
					"79": {
						"IsWord": false,
						"Children": {
							"76": {
								"IsWord": false,
								"Children": {
									"46": {
										"IsWord": false,
										"Children": {
											"69": {
												"IsWord": false,
												"Children": {
													"82": {
														"IsWord": true,
														"Children": {}
													}
												}
											}
										}
									}
								}
							}
						}
					}
				}
			},
			"87": {
				"IsWord": false,
				"Children": {
					"46": {
						"IsWord": false,
						"Children": {
							"69": {
								"IsWord": false,
								"Children": {
									"83": {
										"IsWord": false,
										"Children": {
											"84": {
												"IsWord": true,
												"Children": {}
											}
										}
									}
								}
							},
							"79": {
								"IsWord": false,
								"Children": {
									"82": {
										"IsWord": false,
										"Children": {
											"68": {
												"IsWord": true,
												"Children": {
													"83": {
														"IsWord": true,
														"Children": {}
													}
												}
											},
											"75": {
												"IsWord": true,
												"Children": {}
											},
											"84": {
												"IsWord": false,
												"Children": {
													"72": {
														"IsWord": false,
														"Children": {
															"70": {
																"IsWord": false,
																"Children": {
																	"85": {
																		"IsWord": false,
																		"Children": {
																			"76": {
																				"IsWord": true,
																				"Children": {}
																			}
																		}
																	}
																}
															},
															"76": {
																"IsWord": false,
																"Children": {
																	"69": {
																		"IsWord": false,
																		"Children": {
																			"83": {
																				"IsWord": false,
																				"Children": {
																					"83": {
																						"IsWord": true,
																						"Children": {}
																					}
																				}
																			}
																		}
																	}
																}
															}
														}
													}
												}
											}
										}
									}
								}
							}
						}
					}
				}
			}
		}
	},
	"RackSize": 7,
	"Stats": {
		"CurrentRound": 1,
		"Finished": true,
		"Winner": {
			"Name": "Zuza",
			"Points": 143,
			"Rack": [
				84,
				69,
				83,
				84,
				83,
				80,
				78
			]
		}
	}
}