{
	"Board": [
		[
			{
				"Bonus": 87,
				"Letter": 0
			},
			{
				"Bonus": 48,
				"Letter": 0
			},
			{
				"Bonus": 48,
				"Letter": 0
			},
			{
				"Bonus": 108,
				"Letter": 0
			},
			{
				"Bonus": 48,
				"Letter": 0
			},
			{
				"Bonus": 48,
				"Letter": 0
			},
			{
				"Bonus": 48,
				"Letter": 0
			},
			{
				"Bonus": 87,
				"Letter": 0
			},
			{
				"Bonus": 48,
				"Letter": 0
			},
			{
				"Bonus": 48,
				"Letter": 0
			},
			{
				"Bonus": 48,
				"Letter": 0
			},
			{
				"Bonus": 108,
				"Letter": 0
			},
			{
				"Bonus": 48,
				"Letter": 0
			},
			{
				"Bonus": 48,
				"Letter": 0
			},
			{
				"Bonus": 87,
				"Letter": 0
			}
		],
		[
			{
				"Bonus": 48,
				"Letter": 0
			},
			{
				"Bonus": 119,
				"Letter": 0
			},
			{
				"Bonus": 48,
				"Letter": 0
			},
			{
				"Bonus": 48,
				"Letter": 0
			},
			{
				"Bonus": 48,
				"Letter": 0
			},
			{
				"Bonus": 76,
				"Letter": 0
			},
			{
				"Bonus": 48,
				"Letter": 0
			},
			{
				"Bonus": 48,
				"Letter": 0
			},
			{
				"Bonus": 48,
				"Letter": 0
			},
			{
				"Bonus": 76,
				"Letter": 0
			},
			{
				"Bonus": 48,
				"Letter": 0
			},
			{
				"Bonus": 48,
				"Letter": 0
			},
			{
				"Bonus": 48,
				"Letter": 0
			},
			{
				"Bonus": 119,
				"Letter": 0
			},
			{
				"Bonus": 48,
				"Letter": 0
			}
		],
		[
			{
				"Bonus": 48,
				"Letter": 0
			},
			{
				"Bonus": 48,
				"Letter": 0
			},
			{
				"Bonus": 119,
				"Letter": 0
			},
			{
				"Bonus": 48,
				"Letter": 0
			},
			{
				"Bonus": 48,
				"Letter": 0
			},
			{
				"Bonus": 48,
				"Letter": 0
			},
			{
				"Bonus": 108,
				"Letter": 0
			},
			{
				"Bonus": 48,
				"Letter": 0
			},
			{
				"Bonus": 108,
				"Letter": 0
			},
			{
				"Bonus": 48,
				"Letter": 0
			},
			{
				"Bonus": 48,
				"Letter": 0
			},
			{
				"Bonus": 48,
				"Letter": 0
			},
			{
				"Bonus": 119,
				"Letter": 0
			},
			{
				"Bonus": 48,
				"Letter": 0
			},
			{
				"Bonus": 48,
				"Letter": 0
			}
		],
		[
			{
				"Bonus": 108,
				"Letter": 0
			},
			{
				"Bonus": 48,
				"Letter": 0
			},
			{
				"Bonus": 48,
				"Letter": 0
			},
			{
				"Bonus": 119,
				"Letter": 0
			},
			{
				"Bonus": 48,
				"Letter": 0
			},
			{
				"Bonus": 48,
				"Letter": 0
			},
			{
				"Bonus": 48,
				"Letter": 0
			},
			{
				"Bonus": 108,
				"Letter": 0
			},
			{
				"Bonus": 48,
				"Letter": 0
			},
			{
				"Bonus": 48,
				"Letter": 0
			},
			{
				"Bonus": 48,
				"Letter": 0
			},
			{
				"Bonus": 119,
				"Letter": 0
			},
			{
				"Bonus": 48,
				"Letter": 0
			},
			{
				"Bonus": 48,
				"Letter": 0
			},
			{
				"Bonus": 108,
				"Letter": 0
			}
		],
		[
			{
				"Bonus": 48,
				"Letter": 0
			},
			{
				"Bonus": 48,
				"Letter": 0
			},
			{
				"Bonus": 48,
				"Letter": 0
			},
			{
				"Bonus": 48,
				"Letter": 0
			},
			{
				"Bonus": 119,
				"Letter": 0
			},
			{
				"Bonus": 48,
				"Letter": 0
			},
			{
				"Bonus": 48,
				"Letter": 0
			},
			{
				"Bonus": 48,
				"Letter": 0
			},
			{
				"Bonus": 48,
				"Letter": 0
			},
			{
				"Bonus": 48,
				"Letter": 0
			},
			{
				"Bonus": 119,
				"Letter": 0
			},
			{
				"Bonus": 48,
				"Letter": 0
			},
			{
				"Bonus": 48,
				"Letter": 0
			},
			{
				"Bonus": 48,
				"Letter": 0
			},
			{
				"Bonus": 48,
				"Letter": 0
			}
		],
		[
			{
				"Bonus": 48,
				"Letter": 0
			},
			{
				"Bonus": 76,
				"Letter": 0
			},
			{
				"Bonus": 48,
				"Letter": 0
			},
			{
				"Bonus": 48,
				"Letter": 0
			},
			{
				"Bonus": 48,
				"Letter": 0
			},
			{
				"Bonus": 76,
				"Letter": 0
			},
			{
				"Bonus": 48,
				"Letter": 0
			},
			{
				"Bonus": 48,
				"Letter": 0
			},
			{
				"Bonus": 48,
				"Letter": 0
			},
			{
				"Bonus": 76,
				"Letter": 0
			},
			{
				"Bonus": 48,
				"Letter": 0
			},
			{
				"Bonus": 48,
				"Letter": 0
			},
			{
				"Bonus": 48,
				"Letter": 0
			},
			{
				"Bonus": 76,
				"Letter": 0
			},
			{
				"Bonus": 48,
				"Letter": 0
			}
		],
		[
			{
				"Bonus": 48,
				"Letter": 0
			},
			{
				"Bonus": 48,
				"Letter": 0
			},
			{
				"Bonus": 108,
				"Letter": 0
			},
			{
				"Bonus": 48,
				"Letter": 0
			},
			{
				"Bonus": 48,
				"Letter": 0
			},
			{
				"Bonus": 48,
				"Letter": 0
			},
			{
				"Bonus": 108,
				"Letter": 0
			},
			{
				"Bonus": 48,
				"Letter": 0
			},
			{
				"Bonus": 108,
				"Letter": 0
			},
			{
				"Bonus": 48,
				"Letter": 0
			},
			{
				"Bonus": 48,
				"Letter": 0
			},
			{
				"Bonus": 48,
				"Letter": 0
			},
			{
				"Bonus": 108,
				"Letter": 0
			},
			{
				"Bonus": 48,
				"Letter": 0
			},
			{
				"Bonus": 48,
				"Letter": 0
			}
		],
		[
			{
				"Bonus": 87,
				"Letter": 0
			},
			{
				"Bonus": 48,
				"Letter": 0
			},
			{
				"Bonus": 48,
				"Letter": 0
			},
			{
				"Bonus": 108,
				"Letter": 0
			},
			{
				"Bonus": 48,
				"Letter": 0
			},
			{
				"Bonus": 48,
				"Letter": 0
			},
			{
				"Bonus": 48,
				"Letter": 0
			},
			{
				"Bonus": 115,
				"Letter": 0
			},
			{
				"Bonus": 48,
				"Letter": 0
			},
			{
				"Bonus": 48,
				"Letter": 0
			},
			{
				"Bonus": 48,
				"Letter": 0
			},
			{
				"Bonus": 108,
				"Letter": 0
			},
			{
				"Bonus": 48,
				"Letter": 0
			},
			{
				"Bonus": 48,
				"Letter": 0
			},
			{
				"Bonus": 87,
				"Letter": 0
			}
		],
		[
			{
				"Bonus": 48,
				"Letter": 0
			},
			{
				"Bonus": 48,
				"Letter": 0
			},
			{
				"Bonus": 108,
				"Letter": 0
			},
			{
				"Bonus": 48,
				"Letter": 0
			},
			{
				"Bonus": 48,
				"Letter": 0
			},
			{
				"Bonus": 48,
				"Letter": 0
			},
			{
				"Bonus": 108,
				"Letter": 0
			},
			{
				"Bonus": 48,
				"Letter": 0
			},
			{
				"Bonus": 108,
				"Letter": 0
			},
			{
				"Bonus": 48,
				"Letter": 0
			},
			{
				"Bonus": 48,
				"Letter": 0
			},
			{
				"Bonus": 48,
				"Letter": 0
			},
			{
				"Bonus": 108,
				"Letter": 0
			},
			{
				"Bonus": 48,
				"Letter": 0
			},
			{
				"Bonus": 48,
				"Letter": 0
			}
		],
		[
			{
				"Bonus": 48,
				"Letter": 0
			},
			{
				"Bonus": 76,
				"Letter": 0
			},
			{
				"Bonus": 48,
				"Letter": 0
			},
			{
				"Bonus": 48,
				"Letter": 0
			},
			{
				"Bonus": 48,
				"Letter": 0
			},
			{
				"Bonus": 76,
				"Letter": 0
			},
			{
				"Bonus": 48,
				"Letter": 0
			},
			{
				"Bonus": 48,
				"Letter": 0
			},
			{
				"Bonus": 48,
				"Letter": 0
			},
			{
				"Bonus": 76,
				"Letter": 0
			},
			{
				"Bonus": 48,
				"Letter": 0
			},
			{
				"Bonus": 48,
				"Letter": 0
			},
			{
				"Bonus": 48,
				"Letter": 0
			},
			{
				"Bonus": 76,
				"Letter": 0
			},
			{
				"Bonus": 48,
				"Letter": 0
			}
		],
		[
			{
				"Bonus": 48,
				"Letter": 0
			},
			{
				"Bonus": 48,
				"Letter": 0
			},
			{
				"Bonus": 48,
				"Letter": 0
			},
			{
				"Bonus": 48,
				"Letter": 0
			},
			{
				"Bonus": 119,
				"Letter": 0
			},
			{
				"Bonus": 48,
				"Letter": 0
			},
			{
				"Bonus": 48,
				"Letter": 0
			},
			{
				"Bonus": 48,
				"Letter": 0
			},
			{
				"Bonus": 48,
				"Letter": 0
			},
			{
				"Bonus": 48,
				"Letter": 0
			},
			{
				"Bonus": 119,
				"Letter": 0
			},
			{
				"Bonus": 48,
				"Letter": 0
			},
			{
				"Bonus": 48,
				"Letter": 0
			},
			{
				"Bonus": 48,
				"Letter": 0
			},
			{
				"Bonus": 48,
				"Letter": 0
			}
		],
		[
			{
				"Bonus": 108,
				"Letter": 0
			},
			{
				"Bonus": 48,
				"Letter": 0
			},
			{
				"Bonus": 48,
				"Letter": 0
			},
			{
				"Bonus": 119,
				"Letter": 0
			},
			{
				"Bonus": 48,
				"Letter": 0
			},
			{
				"Bonus": 48,
				"Letter": 0
			},
			{
				"Bonus": 48,
				"Letter": 0
			},
			{
				"Bonus": 108,
				"Letter": 0
			},
			{
				"Bonus": 48,
				"Letter": 0
			},
			{
				"Bonus": 48,
				"Letter": 0
			},
			{
				"Bonus": 48,
				"Letter": 0
			},
			{
				"Bonus": 119,
				"Letter": 0
			},
			{
				"Bonus": 48,
				"Letter": 0
			},
			{
				"Bonus": 48,
				"Letter": 0
			},
			{
				"Bonus": 108,
				"Letter": 0
			}
		],
		[
			{
				"Bonus": 48,
				"Letter": 0
			},
			{
				"Bonus": 48,
				"Letter": 0
			},
			{
				"Bonus": 119,
				"Letter": 0
			},
			{
				"Bonus": 48,
				"Letter": 0
			},
			{
				"Bonus": 48,
				"Letter": 0
			},
			{
				"Bonus": 48,
				"Letter": 0
			},
			{
				"Bonus": 108,
				"Letter": 0
			},
			{
				"Bonus": 48,
				"Letter": 0
			},
			{
				"Bonus": 108,
				"Letter": 0
			},
			{
				"Bonus": 48,
				"Letter": 0
			},
			{
				"Bonus": 48,
				"Letter": 0
			},
			{
				"Bonus": 48,
				"Letter": 0
			},
			{
				"Bonus": 119,
				"Letter": 0
			},
			{
				"Bonus": 48,
				"Letter": 0
			},
			{
				"Bonus": 48,
				"Letter": 0
			}
		],
		[
			{
				"Bonus": 48,
				"Letter": 0
			},
			{
				"Bonus": 119,
				"Letter": 0
			},
			{
				"Bonus": 48,
				"Letter": 0
			},
			{
				"Bonus": 48,
				"Letter": 0
			},
			{
				"Bonus": 48,
				"Letter": 0
			},
			{
				"Bonus": 76,
				"Letter": 0
			},
			{
				"Bonus": 48,
				"Letter": 0
			},
			{
				"Bonus": 48,
				"Letter": 0
			},
			{
				"Bonus": 48,
				"Letter": 0
			},
			{
				"Bonus": 76,
				"Letter": 0
			},
			{
				"Bonus": 48,
				"Letter": 0
			},
			{
				"Bonus": 48,
				"Letter": 0
			},
			{
				"Bonus": 48,
				"Letter": 0
			},
			{
				"Bonus": 119,
				"Letter": 0
			},
			{
				"Bonus": 48,
				"Letter": 0
			}
		],
		[
			{
				"Bonus": 87,
				"Letter": 0
			},
			{
				"Bonus": 48,
				"Letter": 0
			},
			{
				"Bonus": 48,
				"Letter": 0
			},
			{
				"Bonus": 108,
				"Letter": 0
			},
			{
				"Bonus": 48,
				"Letter": 0
			},
			{
				"Bonus": 48,
				"Letter": 0
			},
			{
				"Bonus": 48,
				"Letter": 0
			},
			{
				"Bonus": 87,
				"Letter": 0
			},
			{
				"Bonus": 48,
				"Letter": 0
			},
			{
				"Bonus": 48,
				"Letter": 0
			},
			{
				"Bonus": 48,
				"Letter": 0
			},
			{
				"Bonus": 108,
				"Letter": 0
			},
			{
				"Bonus": 48,
				"Letter": 0
			},
			{
				"Bonus": 48,
				"Letter": 0
			},
			{
				"Bonus": 87,
				"Letter": 0
			}
		]
	],
	"Players": [
		{
			"Name": "Olek",
			"Points": 0,
			"Rack": [
				87,
				79,
				82,
				68,
				83,
				66,
				72
			]
		},
		{
			"Name": "Zuzanna",
			"Points": 0,
			"Rack": [
				84,
				69,
				83,
				84,
				83,
				80,
				78
			]
		}
	],
	"Bag": [
		95,
		95,
		69,
		69,
		69,
		69,
		69,
		69,
		69,
		69,
		69,
		69,
		69,
		69,
		65,
		65,
		65,
		65,
		65,
		65,
		65,
		65,
		65,
		73,
		73,
		73,
		73,
		73,
		73,
		73,
		73,
		73,
		79,
		79,
		79,
		79,
		79,
		79,
		79,
		79,
		78,
		78,
		78,
		78,
		78,
		78,
		82,
		82,
		82,
		82,
		82,
		82,
		84,
		84,
		84,
		84,
		84,
		84,
		76,
		76,
		76,
		76,
		83,
		83,
		83,
		83,
		85,
		85,
		85,
		85,
		68,
		68,
		68,
		68,
		71,
		71,
		71,
		66,
		66,
		67,
		67,
		77,
		77,
		80,
		80,
		70,
		70,
		72,
		72,
		86,
		86,
		87,
		87,
		89,
		89,
		75,
		74,
		88,
		81,
		90
	],
	"LettterPoints": {
		"65": 1,
		"66": 3,
		"67": 3,
		"68": 2,
		"69": 1,
		"70": 4,
		"71": 2,
		"72": 4,
		"73": 1,
		"74": 8,
		"75": 5,
		"76": 1,
		"77": 3,
		"78": 1,
		"79": 1,
		"80": 3,
		"81": 10,
		"82": 1,
		"83": 1,
		"84": 1,
		"85": 1,
		"86": 4,
		"87": 4,
		"88": 8,
		"89": 4,
		"90": 10,
		"95": 0
	},
	"Dict": {
		"IsWord": false,
		"Children": {
			"66": {
				"IsWord": false,
				"Children": {
					"46": {
						"IsWord": false,
						"Children": {
							"79": {
								"IsWord": false,
								"Children": {
									"79": {
										"IsWord": false,
										"Children": {
											"75": {
												"IsWord": true,
												"Children": {
													"83": {
														"IsWord": true,
														"Children": {}
													}
												}
											}
										}
									},
									"83": {
										"IsWord": false,
										"Children": {
											"83": {
												"IsWord": true,
												"Children": {}
											}
										}
									}
								}
							}
						}
					}
				}
			},
			"68": {
				"IsWord": false,
				"Children": {
					"82": {
						"IsWord": false,
						"Children": {
							"79": {
								"IsWord": false,
								"Children": {
									"87": {
										"IsWord": false,
										"Children": {
											"46": {
												"IsWord": true,
												"Children": {
													"83": {
														"IsWord": true,
														"Children": {}
													}
												}
											}
										}
									}
								}
							}
						}
					}
				}
			},
			"69": {
				"IsWord": false,
				"Children": {
					"76": {
						"IsWord": false,
						"Children": {
							"72": {
								"IsWord": false,
								"Children": {
									"84": {
										"IsWord": false,
										"Children": {
											"82": {
												"IsWord": false,
												"Children": {
													"79": {
														"IsWord": false,
														"Children": {
															"87": {
																"IsWord": false,
																"Children": {
																	"46": {
																		"IsWord": false,
																		"Children": {
																			"83": {
																				"IsWord": false,
																				"Children": {
																					"83": {
																						"IsWord": true,
																						"Children": {}
																					}
																				}
																			}
																		}
																	}
																}
															}
														}
													}
												}
											}
										}
									}
								}
							}
						}
					},
					"86": {
						"IsWord": false,
						"Children": {
							"79": {
								"IsWord": false,
								"Children": {
									"76": {
										"IsWord": false,
										"Children": {
											"46": {
												"IsWord": false,
												"Children": {
													"82": {
														"IsWord": true,
														"Children": {}
													}
												}
											}
										}
									}
								}
							}
						}
					},
					"87": {
						"IsWord": false,
						"Children": {
							"46": {
								"IsWord": false,
								"Children": {
									"83": {
										"IsWord": false,
										"Children": {
											"84": {
												"IsWord": true,
												"Children": {}
											}
										}
									}
								}
							}
						}
					}
				}
			},
			"70": {
				"IsWord": false,
				"Children": {
					"72": {
						"IsWord": false,
						"Children": {
							"84": {
								"IsWord": false,
								"Children": {
									"82": {
										"IsWord": false,
										"Children": {
											"79": {
												"IsWord": false,
												"Children": {
													"87": {
														"IsWord": false,
														"Children": {
															"46": {
																"IsWord": false,
																"Children": {
																	"85": {
																		"IsWord": false,
																		"Children": {
																			"76": {
																				"IsWord": true,
																				"Children": {}
																			}
																		}
																	}
																}
															}
														}
													}
												}
											}
										}
									}
								}
							}
						}
					}
				}
			},
			"72": {
				"IsWord": false,
				"Children": {
					"84": {
						"IsWord": false,
						"Children": {
							"82": {
								"IsWord": false,
								"Children": {
									"79": {
										"IsWord": false,
										"Children": {
											"87": {
												"IsWord": false,
												"Children": {
													"46": {
														"IsWord": false,
														"Children": {
															"70": {
																"IsWord": false,
																"Children": {
																	"85": {
																		"IsWord": false,
																		"Children": {
																			"76": {
																				"IsWord": true,
																				"Children": {}
																			}
																		}
																	}
																}
															},
															"76": {
																"IsWord": false,
																"Children": {
																	"69": {
																		"IsWord": false,
																		"Children": {
																			"83": {
																				"IsWord": false,
																				"Children": {
																					"83": {
																						"IsWord": true,
																						"Children": {}
																					}
																				}
																			}
																		}
																	}
																}
															}
														}
													}
												}
											}
										}
									}
								}
							}
						}
					}
				}
			},
			"75": {
				"IsWord": false,
				"Children": {
					"79": {
						"IsWord": false,
						"Children": {
							"79": {
								"IsWord": false,
								"Children": {
									"66": {
										"IsWord": false,
										"Children": {
											"46": {
												"IsWord": true,
												"Children": {
													"83": {
														"IsWord": true,
														"Children": {}
													}
												}
											}
										}
									}
								}
							}
						}
					},
					"82": {
						"IsWord": false,
						"Children": {
							"79": {
								"IsWord": false,
								"Children": {
									"87": {
										"IsWord": false,
										"Children": {
											"46": {
												"IsWord": true,
												"Children": {}
											}
										}
									}
								}
							}
						}
					}
				}
			},
			"76": {
				"IsWord": false,
				"Children": {
					"46": {
						"IsWord": false,
						"Children": {
							"79": {
								"IsWord": false,
								"Children": {
									"86": {
										"IsWord": false,
										"Children": {
											"69": {
												"IsWord": false,
												"Children": {
													"82": {
														"IsWord": true,
														"Children": {}
													}
												}
											}
										}
									}
								}
							}
						}
					},
					"72": {
						"IsWord": false,
						"Children": {
							"84": {
								"IsWord": false,
								"Children": {
									"82": {
										"IsWord": false,
										"Children": {
											"79": {
												"IsWord": false,
												"Children": {
													"87": {
														"IsWord": false,
														"Children": {
															"46": {
																"IsWord": false,
																"Children": {
																	"69": {
																		"IsWord": false,
																		"Children": {
																			"83": {
																				"IsWord": false,
																				"Children": {
																					"83": {
																						"IsWord": true,
																						"Children": {}
																					}
																				}
																			}
																		}
																	}
																}
															}
														}
													}
												}
											}
										}
									}
								}
							}
						}
					},
					"85": {
						"IsWord": false,
						"Children": {
							"70": {
								"IsWord": false,
								"Children": {
									"72": {
										"IsWord": false,
										"Children": {
											"84": {
												"IsWord": false,
												"Children": {
													"82": {
														"IsWord": false,
														"Children": {
															"79": {
																"IsWord": false,
																"Children": {
																	"87": {
																		"IsWord": false,
																		"Children": {
																			"46": {
																				"IsWord": true,
																				"Children": {}
																			}
																		}
																	}
																}
															}
														}
													}
												}
											}
										}
									}
								}
							}
						}
					}
				}
			},
			"79": {
				"IsWord": false,
				"Children": {
					"66": {
						"IsWord": false,
						"Children": {
							"46": {
								"IsWord": false,
								"Children": {
									"79": {
										"IsWord": false,
										"Children": {
											"75": {
												"IsWord": true,
												"Children": {
													"83": {
														"IsWord": true,
														"Children": {}
													}
												}
											}
										}
									},
									"83": {
										"IsWord": false,
										"Children": {
											"83": {
												"IsWord": true,
												"Children": {}
											}
										}
									}
								}
							}
						}
					},
					"76": {
						"IsWord": false,
						"Children": {
							"46": {
								"IsWord": false,
								"Children": {
									"86": {
										"IsWord": false,
										"Children": {
											"69": {
												"IsWord": false,
												"Children": {
													"82": {
														"IsWord": true,
														"Children": {}
													}
												}
											}
										}
									}
								}
							}
						}
					},
					"79": {
						"IsWord": false,
						"Children": {
							"66": {
								"IsWord": false,
								"Children": {
									"46": {
										"IsWord": false,
										"Children": {
											"75": {
												"IsWord": true,
												"Children": {
													"83": {
														"IsWord": true,
														"Children": {}
													}
												}
											}
										}
									}
								}
							}
						}
					},
					"83": {
						"IsWord": false,
						"Children": {
							"46": {
								"IsWord": false,
								"Children": {
									"83": {
										"IsWord": true,
										"Children": {}
									}
								}
							}
						}
					},
					"87": {
						"IsWord": false,
						"Children": {
							"46": {
								"IsWord": false,
								"Children": {
									"82": {
										"IsWord": false,
										"Children": {
											"68": {
												"IsWord": true,
												"Children": {
													"83": {
														"IsWord": true,
														"Children": {}
													}
												}
											},
											"75": {
												"IsWord": true,
												"Children": {}
											},
											"84": {
												"IsWord": false,
												"Children": {
													"72": {
														"IsWord": false,
														"Children": {
															"70": {
																"IsWord": false,
																"Children": {
																	"85": {
																		"IsWord": false,
																		"Children": {
																			"76": {
																				"IsWord": true,
																				"Children": {}
																			}
																		}
																	}
																}
															},
															"76": {
																"IsWord": false,
																"Children": {
																	"69": {
																		"IsWord": false,
																		"Children": {
																			"83": {
																				"IsWord": false,
																				"Children": {
																					"83": {
																						"IsWord": true,
																						"Children": {}
																					}
																				}
																			}
																		}
																	}
																}
															}
														}
													}
												}
											}
										}
									}
								}
							}
						}
					}
				}
			},
			"82": {
				"IsWord": false,
				"Children": {
					"69": {
						"IsWord": false,
						"Children": {
							"86": {
								"IsWord": false,
								"Children": {
									"79": {
										"IsWord": false,
										"Children": {
											"76": {
												"IsWord": false,
												"Children": {
													"46": {
														"IsWord": true,
														"Children": {}
													}
												}
											}
										}
									}
								}
							}
						}
					},
					"79": {
						"IsWord": false,
						"Children": {
							"87": {
								"IsWord": false,
								"Children": {
									"46": {
										"IsWord": false,
										"Children": {
											"68": {
												"IsWord": true,
												"Children": {
													"83": {
														"IsWord": true,
														"Children": {}
													}
												}
											},
											"75": {
												"IsWord": true,
												"Children": {}
											},
											"84": {
												"IsWord": false,
												"Children": {
													"72": {
														"IsWord": false,
														"Children": {
															"70": {
																"IsWord": false,
																"Children": {
																	"85": {
																		"IsWord": false,
																		"Children": {
																			"76": {
																				"IsWord": true,
																				"Children": {}
																			}
																		}
																	}
																}
															},
															"76": {
																"IsWord": false,
																"Children": {
																	"69": {
																		"IsWord": false,
																		"Children": {
																			"83": {
																				"IsWord": false,
																				"Children": {
																					"83": {
																						"IsWord": true,
																						"Children": {}
																					}
																				}
																			}
																		}
																	}
																}
															}
														}
													}
												}
											}
										}
									}
								}
							}
						}
					}
				}
			},
			"83": {
				"IsWord": false,
				"Children": {
					"46": {
						"IsWord": false,
						"Children": {
							"79": {
								"IsWord": false,
								"Children": {
									"83": {
										"IsWord": true,
										"Children": {}
									}
								}
							}
						}
					},
					"68": {
						"IsWord": false,
						"Children": {
							"82": {
								"IsWord": false,
								"Children": {
									"79": {
										"IsWord": false,
										"Children": {
											"87": {
												"IsWord": false,
												"Children": {
													"46": {
														"IsWord": true,
														"Children": {}
													}
												}
											}
										}
									}
								}
							}
						}
					},
					"69": {
						"IsWord": false,
						"Children": {
							"76": {
								"IsWord": false,
								"Children": {
									"72": {
										"IsWord": false,
										"Children": {
											"84": {
												"IsWord": false,
												"Children": {
													"82": {
														"IsWord": false,
														"Children": {
															"79": {
																"IsWord": false,
																"Children": {
																	"87": {
																		"IsWord": false,
																		"Children": {
																			"46": {
																				"IsWord": false,
																				"Children": {
																					"83": {
																						"IsWord": true,
																						"Children": {}
																					}
																				}
																			}
																		}
																	}
																}
															}
														}
													}
												}
											}
										}
									}
								}
							},
							"87": {
								"IsWord": false,
								"Children": {
									"46": {
										"IsWord": false,
										"Children": {
											"84": {
												"IsWord": true,
												"Children": {}
											}
										}
									}
								}
							}
						}
					},
					"75": {
						"IsWord": false,
						"Children": {
							"79": {
								"IsWord": false,
								"Children": {
									"79": {
										"IsWord": false,
										"Children": {
											"66": {
												"IsWord": false,
												"Children": {
													"46": {
														"IsWord": true,
														"Children": {}
													}
												}
											}
										}
									}
								}
							}
						}
					},
					"79": {
						"IsWord": false,
						"Children": {
							"66": {
								"IsWord": false,
								"Children": {
									"46": {
										"IsWord": false,
										"Children": {
											"83": {
												"IsWord": true,
												"Children": {}
											}
										}
									}
								}
							},
							"83": {
								"IsWord": false,
								"Children": {
									"46": {
										"IsWord": true,
										"Children": {}
									}
								}
							}
						}
					},
					"83": {
						"IsWord": false,
						"Children": {
							"69": {
								"IsWord": false,
								"Children": {
									"76": {
										"IsWord": false,
										"Children": {
											"72": {
												"IsWord": false,
												"Children": {
													"84": {
														"IsWord": false,
														"Children": {
															"82": {
																"IsWord": false,
																"Children": {
																	"79": {
																		"IsWord": false,
																		"Children": {
																			"87": {
																				"IsWord": false,
																				"Children": {
																					"46": {
																						"IsWord": true,
																						"Children": {}
																					}
																				}
																			}
																		}
																	}
																}
															}
														}
													}
												}
											}
										}
									}
								}
							},
							"79": {
								"IsWord": false,
								"Children": {
									"66": {
										"IsWord": false,
										"Children": {
											"46": {
												"IsWord": true,
												"Children": {}
											}
										}
									}
								}
							}
						}
					}
				}
			},
			"84": {
				"IsWord": false,
				"Children": {
					"82": {
						"IsWord": false,
						"Children": {
							"79": {
								"IsWord": false,
								"Children": {
									"87": {
										"IsWord": false,
										"Children": {
											"46": {
												"IsWord": false,
												"Children": {
													"72": {
														"IsWord": false,
														"Children": {
															"70": {
																"IsWord": false,
																"Children": {
																	"85": {
																		"IsWord": false,
																		"Children": {
																			"76": {
																				"IsWord": true,
																				"Children": {}
																			}
																		}
																	}
																}
															},
															"76": {
																"IsWord": false,
																"Children": {
																	"69": {
																		"IsWord": false,
																		"Children": {
																			"83": {
																				"IsWord": false,
																				"Children": {
																					"83": {
																						"IsWord": true,
																						"Children": {}
																					}
																				}
																			}
																		}
																	}
																}
															}
														}
													}
												}
											}
										}
									}
								}
							}
						}
					},
					"83": {
						"IsWord": false,
						"Children": {
							"69": {
								"IsWord": false,
								"Children": {
									"87": {
										"IsWord": false,
										"Children": {
											"46": {
												"IsWord": true,
												"Children": {}
											}
										}
									}
								}
							}
						}
					}
				}
			},
			"85": {
				"IsWord": false,
				"Children": {
					"70": {
						"IsWord": false,
						"Children": {
							"72": {
								"IsWord": false,
								"Children": {
									"84": {
										"IsWord": false,
										"Children": {
											"82": {
												"IsWord": false,
												"Children": {
													"79": {
														"IsWord": false,
														"Children": {
															"87": {
																"IsWord": false,
																"Children": {
																	"46": {
																		"IsWord": false,
																		"Children": {
																			"76": {
																				"IsWord": true,
																				"Children": {}
																			}
																		}
																	}
																}
															}
														}
													}
												}
											}
										}
									}
								}
							}
						}
					}
				}
			},
			"86": {
				"IsWord": false,
				"Children": {
					"79": {
						"IsWord": false,
						"Children": {
							"76": {
								"IsWord": false,
								"Children": {
									"46": {
										"IsWord": false,
										"Children": {
											"69": {
												"IsWord": false,
												"Children": {
													"82": {
														"IsWord": true,
														"Children": {}
													}
												}
											}
										}
									}
								}
							}
						}
					}
				}
			},
			"87": {
				"IsWord": false,
				"Children": {
					"46": {
						"IsWord": false,
						"Children": {
							"69": {
								"IsWord": false,
								"Children": {
									"83": {
										"IsWord": false,
										"Children": {
											"84": {
												"IsWord": true,
												"Children": {}
											}
										}
									}
								}
							},
							"79": {
								"IsWord": false,
								"Children": {
									"82": {
										"IsWord": false,
										"Children": {
											"68": {
												"IsWord": true,
												"Children": {
													"83": {
														"IsWord": true,
														"Children": {}
													}
												}
											},
											"75": {
												"IsWord": true,
												"Children": {}
											},
											"84": {
												"IsWord": false,
												"Children": {
													"72": {
														"IsWord": false,
														"Children": {
															"70": {
																"IsWord": false,
																"Children": {
																	"85": {
																		"IsWord": false,
																		"Children": {
																			"76": {
																				"IsWord": true,
																				"Children": {}
																			}
																		}
																	}
																}
															},
															"76": {
																"IsWord": false,
																"Children": {
																	"69": {
																		"IsWord": false,
																		"Children": {
																			"83": {
																				"IsWord": false,
																				"Children": {
																					"83": {
																						"IsWord": true,
																						"Children": {}
																					}
																				}
																			}
																		}
																	}
																}
															}
														}
													}
												}
											}
										}
									}
								}
							}
						}
					}
				}
			}
		}
	},
	"RackSize": 7,
	"Stats": {
		"CurrentRound": 0,
		"Finished": false,
		"Winner": {
			"Name": "",
			"Points": 0,
			"Rack": null
		}
	}
}