[
	[
		{
			"Bonus": 87,
			"Letter": 87,
			"Blank": false,
			"Round": 0,
			"Player": "none"
		},
		{
			"Bonus": 119,
			"Letter": 0,
			"Blank": false,
			"Round": 0,
			"Player": ""
		},
		{
			"Bonus": 87,
			"Letter": 0,
			"Blank": false,
			"Round": 0,
			"Player": ""
		},
		{
			"Bonus": 0,
			"Letter": 0,
			"Blank": false,
			"Round": 0,
			"Player": ""
		},
		{
			"Bonus": 0,
			"Letter": 0,
			"Blank": false,
			"Round": 0,
			"Player": ""
		},
		{
			"Bonus": 87,
			"Letter": 0,
			"Blank": false,
			"Round": 0,
			"Player": ""
		},
		{
			"Bonus": 119,
			"Letter": 0,
			"Blank": false,
			"Round": 0,
			"Player": ""
		},
		{
			"Bonus": 87,
			"Letter": 0,
			"Blank": false,
			"Round": 0,
			"Player": ""
		},
		{
			"Bonus": 0,
			"Letter": 0,
			"Blank": false,
			"Round": 0,
			"Player": ""
		},
		{
			"Bonus": 0,
			"Letter": 0,
			"Blank": false,
			"Round": 0,
			"Player": ""
		},
		{
			"Bonus": 87,
			"Letter": 0,
			"Blank": false,
			"Round": 0,
			"Player": ""
		},
		{
			"Bonus": 119,
			"Letter": 0,
			"Blank": false,
			"Round": 0,
			"Player": ""
		},
		{
			"Bonus": 87,
			"Letter": 0,
			"Blank": false,
			"Round": 0,
			"Player": ""
		},
		{
			"Bonus": 0,
			"Letter": 0,
			"Blank": false,
			"Round": 0,
			"Player": ""
		},
		{
			"Bonus": 0,
			"Letter": 0,
			"Blank": false,
			"Round": 0,
			"Player": ""
		}
	],
	[
		{
			"Bonus": 108,
			"Letter": 79,
			"Blank": false,
			"Round": 0,
			"Player": "none"
		},
		{
			"Bonus": 76,
			"Letter": 0,
			"Blank": false,
			"Round": 0,
			"Player": ""
		},
		{
			"Bonus": 0,
			"Letter": 0,
			"Blank": false,
			"Round": 0,
			"Player": ""
		},
		{
			"Bonus": 108,
			"Letter": 0,
			"Blank": false,
			"Round": 0,
			"Player": ""
		},
		{
			"Bonus": 76,
			"Letter": 0,
			"Blank": false,
			"Round": 0,
			"Player": ""
		},
		{
			"Bonus": 0,
			"Letter": 0,
			"Blank": false,
			"Round": 0,
			"Player": ""
		},
		{
			"Bonus": 108,
			"Letter": 0,
			"Blank": false,
			"Round": 0,
			"Player": ""
		},
		{
			"Bonus": 76,
			"Letter": 0,
			"Blank": false,
			"Round": 0,
			"Player": ""
		},
		{
			"Bonus": 0,
			"Letter": 0,
			"Blank": false,
			"Round": 0,
			"Player": ""
		},
		{
			"Bonus": 108,
			"Letter": 0,
			"Blank": false,
			"Round": 0,
			"Player": ""
		},
		{
			"Bonus": 76,
			"Letter": 0,
			"Blank": false,
			"Round": 0,
			"Player": ""
		},
		{
			"Bonus": 0,
			"Letter": 0,
			"Blank": false,
			"Round": 0,
			"Player": ""
		},
		{
			"Bonus": 108,
			"Letter": 0,
			"Blank": false,
			"Round": 0,
			"Player": ""
		},
		{
			"Bonus": 76,
			"Letter": 0,
			"Blank": false,
			"Round": 0,
			"Player": ""
		},
		{
			"Bonus": 0,
			"Letter": 0,
			"Blank": false,
			"Round": 0,
			"Player": ""
		}
	],
	[
		{
			"Bonus": 87,
			"Letter": 114,
			"Blank": true,
			"Round": 0,
			"Player": "none"
		},
		{
			"Bonus": 119,
			"Letter": 0,
			"Blank": false,
			"Round": 0,
			"Player": ""
		},
		{
			"Bonus": 87,
			"Letter": 0,
			"Blank": false,
			"Round": 0,
			"Player": ""
		},
		{
			"Bonus": 0,
			"Letter": 0,
			"Blank": false,
			"Round": 0,
			"Player": ""
		},
		{
			"Bonus": 0,
			"Letter": 0,
			"Blank": false,
			"Round": 0,
			"Player": ""
		},
		{
			"Bonus": 87,
			"Letter": 0,
			"Blank": false,
			"Round": 0,
			"Player": ""
		},
		{
			"Bonus": 119,
			"Letter": 0,
			"Blank": false,
			"Round": 0,
			"Player": ""
		},
		{
			"Bonus": 87,
			"Letter": 0,
			"Blank": false,
			"Round": 0,
			"Player": ""
		},
		{
			"Bonus": 0,
			"Letter": 0,
			"Blank": false,
			"Round": 0,
			"Player": ""
		},
		{
			"Bonus": 0,
			"Letter": 0,
			"Blank": false,
			"Round": 0,
			"Player": ""
		},
		{
			"Bonus": 87,
			"Letter": 0,
			"Blank": false,
			"Round": 0,
			"Player": ""
		},
		{
			"Bonus": 119,
			"Letter": 0,
			"Blank": false,
			"Round": 0,
			"Player": ""
		},
		{
			"Bonus": 87,
			"Letter": 0,
			"Blank": false,
			"Round": 0,
			"Player": ""
		},
		{
			"Bonus": 0,
			"Letter": 0,
			"Blank": false,
			"Round": 0,
			"Player": ""
		},
		{
			"Bonus": 0,
			"Letter": 0,
			"Blank": false,
			"Round": 0,
			"Player": ""
		}
	],
	[
		{
			"Bonus": 0,
			"Letter": 100,
			"Blank": true,
			"Round": 0,
			"Player": "none"
		},
		{
			"Bonus": 0,
			"Letter": 0,
			"Blank": false,
			"Round": 0,
			"Player": ""
		},
		{
			"Bonus": 0,
			"Letter": 0,
			"Blank": false,
			"Round": 0,
			"Player": ""
		},
		{
			"Bonus": 0,
			"Letter": 0,
			"Blank": false,
			"Round": 0,
			"Player": ""
		},
		{
			"Bonus": 0,
			"Letter": 0,
			"Blank": false,
			"Round": 0,
			"Player": ""
		},
		{
			"Bonus": 0,
			"Letter": 0,
			"Blank": false,
			"Round": 0,
			"Player": ""
		},
		{
			"Bonus": 0,
			"Letter": 0,
			"Blank": false,
			"Round": 0,
			"Player": ""
		},
		{
			"Bonus": 0,
			"Letter": 0,
			"Blank": false,
			"Round": 0,
			"Player": ""
		},
		{
			"Bonus": 0,
			"Letter": 0,
			"Blank": false,
			"Round": 0,
			"Player": ""
		},
		{
			"Bonus": 0,
			"Letter": 0,
			"Blank": false,
			"Round": 0,
			"Player": ""
		},
		{
			"Bonus": 0,
			"Letter": 0,
			"Blank": false,
			"Round": 0,
			"Player": ""
		},
		{
			"Bonus": 0,
			"Letter": 0,
			"Blank": false,
			"Round": 0,
			"Player": ""
		},
		{
			"Bonus": 0,
			"Letter": 0,
			"Blank": false,
			"Round": 0,
			"Player": ""
		},
		{
			"Bonus": 0,
			"Letter": 0,
			"Blank": false,
			"Round": 0,
			"Player": ""
		},
		{
			"Bonus": 0,
			"Letter": 0,
			"Blank": false,
			"Round": 0,
			"Player": ""
		}
	],
	[
		{
			"Bonus": 0,
			"Letter": 83,
			"Blank": false,
			"Round": 0,
			"Player": "none"
		},
		{
			"Bonus": 0,
			"Letter": 0,
			"Blank": false,
			"Round": 0,
			"Player": ""
		},
		{
			"Bonus": 0,
			"Letter": 0,
			"Blank": false,
			"Round": 0,
			"Player": ""
		},
		{
			"Bonus": 0,
			"Letter": 0,
			"Blank": false,
			"Round": 0,
			"Player": ""
		},
		{
			"Bonus": 0,
			"Letter": 0,
			"Blank": false,
			"Round": 0,
			"Player": ""
		},
		{
			"Bonus": 0,
			"Letter": 0,
			"Blank": false,
			"Round": 0,
			"Player": ""
		},
		{
			"Bonus": 0,
			"Letter": 0,
			"Blank": false,
			"Round": 0,
			"Player": ""
		},
		{
			"Bonus": 0,
			"Letter": 0,
			"Blank": false,
			"Round": 0,
			"Player": ""
		},
		{
			"Bonus": 0,
			"Letter": 0,
			"Blank": false,
			"Round": 0,
			"Player": ""
		},
		{
			"Bonus": 0,
			"Letter": 0,
			"Blank": false,
			"Round": 0,
			"Player": ""
		},
		{
			"Bonus": 0,
			"Letter": 0,
			"Blank": false,
			"Round": 0,
			"Player": ""
		},
		{
			"Bonus": 0,
			"Letter": 0,
			"Blank": false,
			"Round": 0,
			"Player": ""
		},
		{
			"Bonus": 0,
			"Letter": 0,
			"Blank": false,
			"Round": 0,
			"Player": ""
		},
		{
			"Bonus": 0,
			"Letter": 0,
			"Blank": false,
			"Round": 0,
			"Player": ""
		},
		{
			"Bonus": 0,
			"Letter": 0,
			"Blank": false,
			"Round": 0,
			"Player": ""
		}
	],
	[
		{
			"Bonus": 0,
			"Letter": 0,
			"Blank": false,
			"Round": 0,
			"Player": ""
		},
		{
			"Bonus": 0,
			"Letter": 0,
			"Blank": false,
			"Round": 0,
			"Player": ""
		},
		{
			"Bonus": 0,
			"Letter": 0,
			"Blank": false,
			"Round": 0,
			"Player": ""
		},
		{
			"Bonus": 0,
			"Letter": 0,
			"Blank": false,
			"Round": 0,
			"Player": ""
		},
		{
			"Bonus": 0,
			"Letter": 0,
			"Blank": false,
			"Round": 0,
			"Player": ""
		},
		{
			"Bonus": 0,
			"Letter": 0,
			"Blank": false,
			"Round": 0,
			"Player": ""
		},
		{
			"Bonus": 0,
			"Letter": 0,
			"Blank": false,
			"Round": 0,
			"Player": ""
		},
		{
			"Bonus": 0,
			"Letter": 0,
			"Blank": false,
			"Round": 0,
			"Player": ""
		},
		{
			"Bonus": 0,
			"Letter": 0,
			"Blank": false,
			"Round": 0,
			"Player": ""
		},
		{
			"Bonus": 0,
			"Letter": 0,
			"Blank": false,
			"Round": 0,
			"Player": ""
		},
		{
			"Bonus": 0,
			"Letter": 0,
			"Blank": false,
			"Round": 0,
			"Player": ""
		},
		{
			"Bonus": 0,
			"Letter": 0,
			"Blank": false,
			"Round": 0,
			"Player": ""
		},
		{
			"Bonus": 0,
			"Letter": 0,
			"Blank": false,
			"Round": 0,
			"Player": ""
		},
		{
			"Bonus": 0,
			"Letter": 0,
			"Blank": false,
			"Round": 0,
			"Player": ""
		},
		{
			"Bonus": 0,
			"Letter": 0,
			"Blank": false,
			"Round": 0,
			"Player": ""
		}
	],
	[
		{
			"Bonus": 108,
			"Letter": 0,
			"Blank": false,
			"Round": 0,
			"Player": ""
		},
		{
			"Bonus": 76,
			"Letter": 0,
			"Blank": false,
			"Round": 0,
			"Player": ""
		},
		{
			"Bonus": 0,
			"Letter": 0,
			"Blank": false,
			"Round": 0,
			"Player": ""
		},
		{
			"Bonus": 108,
			"Letter": 0,
			"Blank": false,
			"Round": 0,
			"Player": ""
		},
		{
			"Bonus": 76,
			"Letter": 0,
			"Blank": false,
			"Round": 0,
			"Player": ""
		},
		{
			"Bonus": 0,
			"Letter": 0,
			"Blank": false,
			"Round": 0,
			"Player": ""
		},
		{
			"Bonus": 108,
			"Letter": 0,
			"Blank": false,
			"Round": 0,
			"Player": ""
		},
		{
			"Bonus": 76,
			"Letter": 0,
			"Blank": false,
			"Round": 0,
			"Player": ""
		},
		{
			"Bonus": 0,
			"Letter": 0,
			"Blank": false,
			"Round": 0,
			"Player": ""
		},
		{
			"Bonus": 108,
			"Letter": 0,
			"Blank": false,
			"Round": 0,
			"Player": ""
		},
		{
			"Bonus": 76,
			"Letter": 0,
			"Blank": false,
			"Round": 0,
			"Player": ""
		},
		{
			"Bonus": 0,
			"Letter": 0,
			"Blank": false,
			"Round": 0,
			"Player": ""
		},
		{
			"Bonus": 108,
			"Letter": 0,
			"Blank": false,
			"Round": 0,
			"Player": ""
		},
		{
			"Bonus": 76,
			"Letter": 0,
			"Blank": false,
			"Round": 0,
			"Player": ""
		},
		{
			"Bonus": 0,
			"Letter": 0,
			"Blank": false,
			"Round": 0,
			"Player": ""
		}
	],
	[
		{
			"Bonus": 87,
			"Letter": 0,
			"Blank": false,
			"Round": 0,
			"Player": ""
		},
		{
			"Bonus": 0,
			"Letter": 0,
			"Blank": false,
			"Round": 0,
			"Player": ""
		},
		{
			"Bonus": 0,
			"Letter": 0,
			"Blank": false,
			"Round": 0,
			"Player": ""
		},
		{
			"Bonus": 0,
			"Letter": 0,
			"Blank": false,
			"Round": 0,
			"Player": ""
		},
		{
			"Bonus": 0,
			"Letter": 0,
			"Blank": false,
			"Round": 0,
			"Player": ""
		},
		{
			"Bonus": 0,
			"Letter": 0,
			"Blank": false,
			"Round": 0,
			"Player": ""
		},
		{
			"Bonus": 0,
			"Letter": 0,
			"Blank": false,
			"Round": 0,
			"Player": ""
		},
		{
			"Bonus": 115,
			"Letter": 0,
			"Blank": false,
			"Round": 0,
			"Player": ""
		},
		{
			"Bonus": 0,
			"Letter": 0,
			"Blank": false,
			"Round": 0,
			"Player": ""
		},
		{
			"Bonus": 0,
			"Letter": 0,
			"Blank": false,
			"Round": 0,
			"Player": ""
		},
		{
			"Bonus": 0,
			"Letter": 0,
			"Blank": false,
			"Round": 0,
			"Player": ""
		},
		{
			"Bonus": 0,
			"Letter": 0,
			"Blank": false,
			"Round": 0,
			"Player": ""
		},
		{
			"Bonus": 0,
			"Letter": 0,
			"Blank": false,
			"Round": 0,
			"Player": ""
		},
		{
			"Bonus": 0,
			"Letter": 0,
			"Blank": false,
			"Round": 0,
			"Player": ""
		},
		{
			"Bonus": 87,
			"Letter": 0,
			"Blank": false,
			"Round": 0,
			"Player": ""
		}
	],
	[
		{
			"Bonus": 108,
			"Letter": 0,
			"Blank": false,
			"Round": 0,
			"Player": ""
		},
		{
			"Bonus": 76,
			"Letter": 0,
			"Blank": false,
			"Round": 0,
			"Player": ""
		},
		{
			"Bonus": 0,
			"Letter": 0,
			"Blank": false,
			"Round": 0,
			"Player": ""
		},
		{
			"Bonus": 108,
			"Letter": 0,
			"Blank": false,
			"Round": 0,
			"Player": ""
		},
		{
			"Bonus": 76,
			"Letter": 0,
			"Blank": false,
			"Round": 0,
			"Player": ""
		},
		{
			"Bonus": 0,
			"Letter": 0,
			"Blank": false,
			"Round": 0,
			"Player": ""
		},
		{
			"Bonus": 108,
			"Letter": 0,
			"Blank": false,
			"Round": 0,
			"Player": ""
		},
		{
			"Bonus": 76,
			"Letter": 0,
			"Blank": false,
			"Round": 0,
			"Player": ""
		},
		{
			"Bonus": 0,
			"Letter": 0,
			"Blank": false,
			"Round": 0,
			"Player": ""
		},
		{
			"Bonus": 108,
			"Letter": 0,
			"Blank": false,
			"Round": 0,
			"Player": ""
		},
		{
			"Bonus": 76,
			"Letter": 0,
			"Blank": false,
			"Round": 0,
			"Player": ""
		},
		{
			"Bonus": 0,
			"Letter": 0,
			"Blank": false,
			"Round": 0,
			"Player": ""
		},
		{
			"Bonus": 108,
			"Letter": 0,
			"Blank": false,
			"Round": 0,
			"Player": ""
		},
		{
			"Bonus": 76,
			"Letter": 0,
			"Blank": false,
			"Round": 0,
			"Player": ""
		},
		{
			"Bonus": 0,
			"Letter": 0,
			"Blank": false,
			"Round": 0,
			"Player": ""
		}
	],
	[
		{
			"Bonus": 0,
			"Letter": 0,
			"Blank": false,
			"Round": 0,
			"Player": ""
		},
		{
			"Bonus": 0,
			"Letter": 0,
			"Blank": false,
			"Round": 0,
			"Player": ""
		},
		{
			"Bonus": 0,
			"Letter": 0,
			"Blank": false,
			"Round": 0,
			"Player": ""
		},
		{
			"Bonus": 0,
			"Letter": 0,
			"Blank": false,
			"Round": 0,
			"Player": ""
		},
		{
			"Bonus": 0,
			"Letter": 0,
			"Blank": false,
			"Round": 0,
			"Player": ""
		},
		{
			"Bonus": 0,
			"Letter": 0,
			"Blank": false,
			"Round": 0,
			"Player": ""
		},
		{
			"Bonus": 0,
			"Letter": 0,
			"Blank": false,
			"Round": 0,
			"Player": ""
		},
		{
			"Bonus": 0,
			"Letter": 0,
			"Blank": false,
			"Round": 0,
			"Player": ""
		},
		{
			"Bonus": 0,
			"Letter": 0,
			"Blank": false,
			"Round": 0,
			"Player": ""
		},
		{
			"Bonus": 0,
			"Letter": 0,
			"Blank": false,
			"Round": 0,
			"Player": ""
		},
		{
			"Bonus": 0,
			"Letter": 0,
			"Blank": false,
			"Round": 0,
			"Player": ""
		},
		{
			"Bonus": 0,
			"Letter": 0,
			"Blank": false,
			"Round": 0,
			"Player": ""
		},
		{
			"Bonus": 0,
			"Letter": 0,
			"Blank": false,
			"Round": 0,
			"Player": ""
		},
		{
			"Bonus": 0,
			"Letter": 0,
			"Blank": false,
			"Round": 0,
			"Player": ""
		},
		{
			"Bonus": 0,
			"Letter": 0,
			"Blank": false,
			"Round": 0,
			"Player": ""
		}
	],
	[
		{
			"Bonus": 0,
			"Letter": 0,
			"Blank": false,
			"Round": 0,
			"Player": ""
		},
		{
			"Bonus": 0,
			"Letter": 0,
			"Blank": false,
			"Round": 0,
			"Player": ""
		},
		{
			"Bonus": 0,
			"Letter": 0,
			"Blank": false,
			"Round": 0,
			"Player": ""
		},
		{
			"Bonus": 0,
			"Letter": 0,
			"Blank": false,
			"Round": 0,
			"Player": ""
		},
		{
			"Bonus": 0,
			"Letter": 0,
			"Blank": false,
			"Round": 0,
			"Player": ""
		},
		{
			"Bonus": 0,
			"Letter": 0,
			"Blank": false,
			"Round": 0,
			"Player": ""
		},
		{
			"Bonus": 0,
			"Letter": 0,
			"Blank": false,
			"Round": 0,
			"Player": ""
		},
		{
			"Bonus": 0,
			"Letter": 0,
			"Blank": false,
			"Round": 0,
			"Player": ""
		},
		{
			"Bonus": 0,
			"Letter": 0,
			"Blank": false,
			"Round": 0,
			"Player": ""
		},
		{
			"Bonus": 0,
			"Letter": 0,
			"Blank": false,
			"Round": 0,
			"Player": ""
		},
		{
			"Bonus": 0,
			"Letter": 0,
			"Blank": false,
			"Round": 0,
			"Player": ""
		},
		{
			"Bonus": 0,
			"Letter": 0,
			"Blank": false,
			"Round": 0,
			"Player": ""
		},
		{
			"Bonus": 0,
			"Letter": 0,
			"Blank": false,
			"Round": 0,
			"Player": ""
		},
		{
			"Bonus": 0,
			"Letter": 0,
			"Blank": false,
			"Round": 0,
			"Player": ""
		},
		{
			"Bonus": 0,
			"Letter": 0,
			"Blank": false,
			"Round": 0,
			"Player": ""
		}
	],
	[
		{
			"Bonus": 0,
			"Letter": 0,
			"Blank": false,
			"Round": 0,
			"Player": ""
		},
		{
			"Bonus": 0,
			"Letter": 0,
			"Blank": false,
			"Round": 0,
			"Player": ""
		},
		{
			"Bonus": 0,
			"Letter": 0,
			"Blank": false,
			"Round": 0,
			"Player": ""
		},
		{
			"Bonus": 0,
			"Letter": 0,
			"Blank": false,
			"Round": 0,
			"Player": ""
		},
		{
			"Bonus": 0,
			"Letter": 0,
			"Blank": false,
			"Round": 0,
			"Player": ""
		},
		{
			"Bonus": 0,
			"Letter": 0,
			"Blank": false,
			"Round": 0,
			"Player": ""
		},
		{
			"Bonus": 0,
			"Letter": 0,
			"Blank": false,
			"Round": 0,
			"Player": ""
		},
		{
			"Bonus": 0,
			"Letter": 0,
			"Blank": false,
			"Round": 0,
			"Player": ""
		},
		{
			"Bonus": 0,
			"Letter": 0,
			"Blank": false,
			"Round": 0,
			"Player": ""
		},
		{
			"Bonus": 0,
			"Letter": 0,
			"Blank": false,
			"Round": 0,
			"Player": ""
		},
		{
			"Bonus": 0,
			"Letter": 0,
			"Blank": false,
			"Round": 0,
			"Player": ""
		},
		{
			"Bonus": 0,
			"Letter": 0,
			"Blank": false,
			"Round": 0,
			"Player": ""
		},
		{
			"Bonus": 0,
			"Letter": 0,
			"Blank": false,
			"Round": 0,
			"Player": ""
		},
		{
			"Bonus": 0,
			"Letter": 0,
			"Blank": false,
			"Round": 0,
			"Player": ""
		},
		{
			"Bonus": 0,
			"Letter": 0,
			"Blank": false,
			"Round": 0,
			"Player": ""
		}
	],
	[
		{
			"Bonus": 87,
			"Letter": 0,
			"Blank": false,
			"Round": 0,
			"Player": ""
		},
		{
			"Bonus": 119,
			"Letter": 0,
			"Blank": false,
			"Round": 0,
			"Player": ""
		},
		{
			"Bonus": 87,
			"Letter": 0,
			"Blank": false,
			"Round": 0,
			"Player": ""
		},
		{
			"Bonus": 0,
			"Letter": 0,
			"Blank": false,
			"Round": 0,
			"Player": ""
		},
		{
			"Bonus": 0,
			"Letter": 0,
			"Blank": false,
			"Round": 0,
			"Player": ""
		},
		{
			"Bonus": 87,
			"Letter": 0,
			"Blank": false,
			"Round": 0,
			"Player": ""
		},
		{
			"Bonus": 119,
			"Letter": 0,
			"Blank": false,
			"Round": 0,
			"Player": ""
		},
		{
			"Bonus": 87,
			"Letter": 0,
			"Blank": false,
			"Round": 0,
			"Player": ""
		},
		{
			"Bonus": 0,
			"Letter": 0,
			"Blank": false,
			"Round": 0,
			"Player": ""
		},
		{
			"Bonus": 0,
			"Letter": 0,
			"Blank": false,
			"Round": 0,
			"Player": ""
		},
		{
			"Bonus": 87,
			"Letter": 0,
			"Blank": false,
			"Round": 0,
			"Player": ""
		},
		{
			"Bonus": 119,
			"Letter": 0,
			"Blank": false,
			"Round": 0,
			"Player": ""
		},
		{
			"Bonus": 87,
			"Letter": 0,
			"Blank": false,
			"Round": 0,
			"Player": ""
		},
		{
			"Bonus": 0,
			"Letter": 0,
			"Blank": false,
			"Round": 0,
			"Player": ""
		},
		{
			"Bonus": 0,
			"Letter": 0,
			"Blank": false,
			"Round": 0,
			"Player": ""
		}
	],
	[
		{
			"Bonus": 108,
			"Letter": 0,
			"Blank": false,
			"Round": 0,
			"Player": ""
		},
		{
			"Bonus": 76,
			"Letter": 0,
			"Blank": false,
			"Round": 0,
			"Player": ""
		},
		{
			"Bonus": 0,
			"Letter": 0,
			"Blank": false,
			"Round": 0,
			"Player": ""
		},
		{
			"Bonus": 108,
			"Letter": 0,
			"Blank": false,
			"Round": 0,
			"Player": ""
		},
		{
			"Bonus": 76,
			"Letter": 0,
			"Blank": false,
			"Round": 0,
			"Player": ""
		},
		{
			"Bonus": 0,
			"Letter": 0,
			"Blank": false,
			"Round": 0,
			"Player": ""
		},
		{
			"Bonus": 108,
			"Letter": 0,
			"Blank": false,
			"Round": 0,
			"Player": ""
		},
		{
			"Bonus": 76,
			"Letter": 0,
			"Blank": false,
			"Round": 0,
			"Player": ""
		},
		{
			"Bonus": 0,
			"Letter": 0,
			"Blank": false,
			"Round": 0,
			"Player": ""
		},
		{
			"Bonus": 108,
			"Letter": 0,
			"Blank": false,
			"Round": 0,
			"Player": ""
		},
		{
			"Bonus": 76,
			"Letter": 0,
			"Blank": false,
			"Round": 0,
			"Player": ""
		},
		{
			"Bonus": 0,
			"Letter": 0,
			"Blank": false,
			"Round": 0,
			"Player": ""
		},
		{
			"Bonus": 108,
			"Letter": 0,
			"Blank": false,
			"Round": 0,
			"Player": ""
		},
		{
			"Bonus": 76,
			"Letter": 0,
			"Blank": false,
			"Round": 0,
			"Player": ""
		},
		{
			"Bonus": 0,
			"Letter": 0,
			"Blank": false,
			"Round": 0,
			"Player": ""
		}
	],
	[
		{
			"Bonus": 87,
			"Letter": 0,
			"Blank": false,
			"Round": 0,
			"Player": ""
		},
		{
			"Bonus": 119,
			"Letter": 0,
			"Blank": false,
			"Round": 0,
			"Player": ""
		},
		{
			"Bonus": 87,
			"Letter": 0,
			"Blank": false,
			"Round": 0,
			"Player": ""
		},
		{
			"Bonus": 0,
			"Letter": 0,
			"Blank": false,
			"Round": 0,
			"Player": ""
		},
		{
			"Bonus": 0,
			"Letter": 0,
			"Blank": false,
			"Round": 0,
			"Player": ""
		},
		{
			"Bonus": 87,
			"Letter": 0,
			"Blank": false,
			"Round": 0,
			"Player": ""
		},
		{
			"Bonus": 119,
			"Letter": 0,
			"Blank": false,
			"Round": 0,
			"Player": ""
		},
		{
			"Bonus": 87,
			"Letter": 0,
			"Blank": false,
			"Round": 0,
			"Player": ""
		},
		{
			"Bonus": 0,
			"Letter": 0,
			"Blank": false,
			"Round": 0,
			"Player": ""
		},
		{
			"Bonus": 0,
			"Letter": 0,
			"Blank": false,
			"Round": 0,
			"Player": ""
		},
		{
			"Bonus": 87,
			"Letter": 0,
			"Blank": false,
			"Round": 0,
			"Player": ""
		},
		{
			"Bonus": 119,
			"Letter": 0,
			"Blank": false,
			"Round": 0,
			"Player": ""
		},
		{
			"Bonus": 87,
			"Letter": 0,
			"Blank": false,
			"Round": 0,
			"Player": ""
		},
		{
			"Bonus": 0,
			"Letter": 0,
			"Blank": false,
			"Round": 0,
			"Player": ""
		},
		{
			"Bonus": 0,
			"Letter": 0,
			"Blank": false,
			"Round": 0,
			"Player": ""
		}
	]
]