[
	"A.A",
	"A.AS",
	"A.CE",
	"A.CED",
	"A.CER",
	"A.CERS",
	"A.CES",
	"A.CRE",
	"A.CRED",
	"A.CRES",
	"A.D",
	"A.DAW",
	"A.DAWED",
	"A.DAWS",
	"A.DD",
	"A.DDED",
	"A.DDER",
	"A.DDERS",
	"A.DDRESS",
	"A.DDRESSED",
	"A.DDRESSER",
	"A.DDRESSERS",
	"A.DDRESSES",
	"A.DDS",
	"A.DRAD",
	"A.DREAD",
	"A.DREADED",
	"A.DREADS",
	"A.DRED",
	"A.DS",
	"A.DWARD",
	"A.DWARDED",
	"A.DWARDS",
	"A.DWARE",
	"A.DWARES",
	"A.E",
	"A.EDES",
	"A.ESC",
	"A.ESCES",
	"A.FAR",
	"A.FARA",
	"A.FARAS",
	"A.FARS",
	"A.FEAR",
	"A.FEARD",
	"A.FEARED",
	"A.FEARS",
	"A.R",
	"A.RAR",
	"A.RARS",
	"A.RC",
	"A.RCADE",
	"A.RCADED",
	"A.RCADES",
	"A.RCED",
	"A.RCS",
	"A.RD",
	"A.RDS",
	"A.RE",
	"A.REA",
	"A.READ",
	"A.READS",
	"A.REAE",
	"A.REAR",
	"A.REARS",
	"A.REAS",
	"A.RECA",
	"A.RECAS",
	"A.RED",
	"A.REDD",
	"A.REDE",
	"A.REDES",
	"A.RERE",
	"A.RES",
	"A.REW",
	"A.RF",
	"A.RFS",
	"A.RRAS",
	"A.RRASED",
	"A.RRASES",
	"A.RS",
	"A.RSE",
	"A.RSED",
	"A.RSES",
	"A.S",
	"A.SAR",
	"A.SCARED",
	"A.SCESES",
	"A.SEA",
	"A.SS",
	"A.SSES",
	"A.W",
	"A.WA",
	"A.WARD",
	"A.WARDED",
	"A.WARDEE",
	"A.WARDEES",
	"A.WARDER",
	"A.WARDERS",
	"A.WARDS",
	"A.WARE",
	"A.WARER",
	"A.WE",
	"A.WED",
	"A.WEE",
	"A.WES",
	"AA.",
	"AA.S",
	"AAC.",
	"AAC.ED",
	"AAC.S",
	"AAF.",
	"AAF.S",
	"AAW.C",
	"AAW.CS",
	"AC.A",
	"AC.AED",
	"AC.AS",
	"AC.D",
	"AC.DE",
	"AC.DEE",
	"AC.DEES",
	"AC.DES",
	"AC.DRE",
	"AC.DRES",
	"AC.DS",
	"AC.ESAR",
	"AC.ESARS",
	"AC.ESE",
	"AC.F",
	"AC.FARD",
	"AC.FARDS",
	"AC.FE",
	"AC.FES",
	"AC.FS",
	"AC.R",
	"AC.RAFE",
	"AC.RAFES",
	"AC.RD",
	"AC.RDED",
	"AC.RDER",
	"AC.RDERS",
	"AC.RDS",
	"AC.RE",
	"AC.RED",
	"AC.REER",
	"AC.REERS",
	"AC.RER",
	"AC.RERS",
	"AC.RES",
	"AC.RESS",
	"AC.RESSED",
	"AC.RESSER",
	"AC.RESSERS",
	"AC.RESSES",
	"AC.REWARE",
	"AC.REWARES",
	"AC.RFARE",
	"AC.RFARES",
	"AC.RR",
	"AC.RRS",
	"AC.RS",
	"AC.RSE",
	"AC.RSES",
	"AC.SA",
	"AC.SAS",
	"AC.SE",
	"AC.SEASE",
	"AC.SEASES",
	"AC.SED",
	"AC.SES",
	"AC.W",
	"AC.WED",
	"AC.WS",
	"ACAF.DE",
	"ACAF.DES",
	"ACAR.",
	"ACARF.S",
	"ACARF.SES",
	"ACE.D",
	"ACE.DS",
	"ACED.D",
	"ACED.DE",
	"ACED.DES",
	"ACED.DS",
	"ACED.F",
	"ACED.FS",
	"ACED.RE",
	"ACED.RES",
	"ACERA.",
	"ACERA.S",
	"ACRA.DE",
	"ACRA.DED",
	"ACRA.DES",
	"ACS.D",
	"ACS.DS",
	"ACS.R",
	"ACS.RE",
	"ACS.RED",
	"ACS.REDER",
	"ACS.RER",
	"ACS.RERS",
	"ACS.RES",
	"ACS.REWARE",
	"ACS.REWARES",
	"ACS.RF",
	"ACS.RFED",
	"ACS.RFER",
	"ACS.RFERS",
	"ACS.RFS",
	"ACS.RRE",
	"ACS.RRED",
	"ACS.RRES",
	"ACS.RS",
	"ACS.W",
	"ACS.WS",
	"ACSA.RED",
	"ACSAR.SSE",
	"ACSE.R",
	"ACSE.RS",
	"ACSERF.DE",
	"ACSERF.DES",
	"ACWARD.RD",
	"ACWARD.RDS",
	"AD.",
	"AD.CE",
	"AD.CES",
	"AD.D",
	"AD.DA",
	"AD.DAS",
	"AD.DS",
	"AD.E",
	"AD.ES",
	"AD.RAF",
	"AD.RAFS",
	"AD.RE",
	"AD.RED",
	"AD.RER",
	"AD.RERS",
	"AD.RES",
	"AD.RRE",
	"AD.RRED",
	"AD.RRES",
	"AD.S",
	"AD.W",
	"AD.WD",
	"AD.WDED",
	"AD.WDS",
	"AD.WED",
	"AD.WS",
	"ADA.W",
	"ADA.WED",
	"ADA.WS",
	"ADAD.",
	"ADAD.S",
	"ADAR.R",
	"ADAR.RS",
	"ADEC.R",
	"ADEC.RED",
	"ADEC.RS",
	"ADESER.",
	"ADESER.S",
	"ADRAS.R",
	"ADRAS.RS",
	"ADRASC.S",
	"ADRASC.SES",
	"ADWARC.D",
	"ADWARC.DS",
	"AE.",
	"AE.R",
	"AE.RD",
	"AE.RDED",
	"AE.RDS",
	"AE.RED",
	"AE.RS",
	"AE.S",
	"AE.SE",
	"AE.SED",
	"AE.SER",
	"AE.SERS",
	"AE.SES",
	"AEC.S",
	"AEC.SE",
	"AEC.SED",
	"AEC.SES",
	"AED.D",
	"AED.DED",
	"AED.DER",
	"AED.DERS",
	"AED.DS",
	"AED.F",
	"AED.FER",
	"AED.R",
	"AED.RE",
	"AED.RED",
	"AED.RER",
	"AED.RES",
	"AED.RS",
	"AED.W",
	"AED.WED",
	"AED.WS",
	"AEDER.R",
	"AEDER.RS",
	"AEF.R",
	"AEF.RE",
	"AEF.RED",
	"AEF.RER",
	"AEF.RERS",
	"AEF.RES",
	"AEF.RS",
	"AEF.SE",
	"AEF.SED",
	"AEF.SES",
	"AEFA.R",
	"AEFA.RD",
	"AEFA.RED",
	"AEFA.RS",
	"AER.D",
	"AER.DD",
	"AER.DDED",
	"AER.DDRESS",
	"AER.DDS",
	"AER.DER",
	"AER.DERS",
	"AER.DS",
	"AER.R",
	"AER.RED",
	"AER.RS",
	"AERA.",
	"AERA.D",
	"AERA.DS",
	"AERA.E",
	"AERA.R",
	"AERA.RS",
	"AERA.S",
	"AERC.SE",
	"AERC.SED",
	"AERC.SER",
	"AERC.SERS",
	"AERC.SES",
	"AERD.D",
	"AERD.DED",
	"AERD.DER",
	"AERD.DERS",
	"AERD.DS",
	"AERD.R",
	"AERD.RE",
	"AERD.RES",
	"AERD.RS",
	"AERDA.D",
	"AERDA.DED",
	"AERDA.DS",
	"AERER.D",
	"AERER.DS",
	"AES.",
	"AES.FARER",
	"AES.FARERS",
	"AES.R",
	"AES.RCE",
	"AES.RCED",
	"AES.RCES",
	"AES.RE",
	"AES.RED",
	"AES.RER",
	"AES.RS",
	"AES.S",
	"AES.SE",
	"AES.SED",
	"AES.SES",
	"AES.WARD",
	"AES.WARDS",
	"AES.WARE",
	"AES.WARES",
	"AESA.",
	"AESAC.SE",
	"AESAC.SES",
	"AESDER.R",
	"AEW.R",
	"AEW.RED",
	"AEW.RER",
	"AEW.RERS",
	"AEW.RS",
	"AEWER.R",
	"AEWER.RS",
	"AEWS.R",
	"AEWS.RD",
	"AEWS.RDS",
	"AEWS.RER",
	"AEWS.RERS",
	"AEWS.RS",
	"AF.",
	"AF.A",
	"AF.AS",
	"AF.CADE",
	"AF.CADES",
	"AF.CE",
	"AF.CED",
	"AF.CER",
	"AF.CERS",
	"AF.CES",
	"AF.D",
	"AF.DE",
	"AF.DED",
	"AF.DER",
	"AF.DERS",
	"AF.DES",
	"AF.DS",
	"AF.E",
	"AF.ECES",
	"AF.R",
	"AF.RAD",
	"AF.RADS",
	"AF.RCE",
	"AF.RCED",
	"AF.RCER",
	"AF.RCERS",
	"AF.RCES",
	"AF.RD",
	"AF.RDED",
	"AF.RDS",
	"AF.RE",
	"AF.RED",
	"AF.RER",
	"AF.RERS",
	"AF.RES",
	"AF.RRED",
	"AF.RS",
	"AF.RSE",
	"AF.RSED",
	"AF.RSES",
	"AF.S",
	"AF.SCES",
	"AF.W",
	"AF.WS",
	"AFA.R",
	"AFA.RA",
	"AFA.RAS",
	"AFA.RS",
	"AFAC.RD",
	"AFAC.RDS",
	"AFAES.RER",
	"AFAES.RERS",
	"AFED.CE",
	"AFED.CED",
	"AFED.CER",
	"AFED.CERS",
	"AFED.CES",
	"AFER.CE",
	"AFER.CED",
	"AFER.CES",
	"AFRAC.RE",
	"AFRAC.RES",
	"AFRAW.RE",
	"AFRAW.RED",
	"AFRAW.RES",
	"AR.CA",
	"AR.CE",
	"AR.CED",
	"AR.CER",
	"AR.CERS",
	"AR.CES",
	"AR.D",
	"AR.DAR",
	"AR.DARS",
	"AR.DDED",
	"AR.DDER",
	"AR.DE",
	"AR.DS",
	"AR.RE",
	"AR.RED",
	"AR.REE",
	"AR.RES",
	"AR.S",
	"AR.SCASSE",
	"AR.SE",
	"AR.SED",
	"AR.SER",
	"AR.SERS",
	"AR.SES",
	"AR.SSE",
	"AR.SSES",
	"AR.W",
	"AR.WER",
	"AR.WS",
	"ARA.R",
	"ARA.RS",
	"ARAC.FE",
	"ARAC.FES",
	"ARAD.F",
	"ARAD.FS",
	"ARAF.D",
	"ARAF.DS",
	"ARAFA.",
	"ARAFA.S",
	"ARC.RE",
	"ARC.RES",
	"ARC.SES",
	"ARC.SS",
	"ARC.SSER",
	"ARC.W",
	"ARC.WDAD",
	"ARC.WDADS",
	"ARC.WS",
	"ARCAS.",
	"ARCS.E",
	"ARCS.ES",
	"ARCS.W",
	"ARCS.WS",
	"ARD.C",
	"ARD.D",
	"ARD.W",
	"ARD.WCARD",
	"ARD.WCARDS",
	"ARD.WEE",
	"ARD.WEES",
	"ARD.WER",
	"ARD.WERS",
	"ARD.WS",
	"ARDA.D",
	"ARDER.W",
	"ARDER.WS",
	"ARE.",
	"ARE.S",
	"ARE.SE",
	"ARE.SED",
	"ARE.SER",
	"ARE.SERS",
	"ARE.SES",
	"ARES.",
	"ARES.C",
	"ARES.CS",
	"ARF.",
	"ARF.CAS",
	"ARF.CASES",
	"ARF.E",
	"ARF.S",
	"ARF.SS",
	"ARF.SSES",
	"ARRA.S",
	"ARRA.SED",
	"ARRA.SES",
	"ARRES.",
	"ARRES.E",
	"ARRES.S",
	"ARW.SSE",
	"ARW.SSES",
	"AS.C",
	"AS.CRA",
	"AS.CRED",
	"AS.CREDER",
	"AS.CS",
	"AS.D",
	"AS.DDED",
	"AS.DDER",
	"AS.DE",
	"AS.DES",
	"AS.DS",
	"AS.E",
	"AS.FE",
	"AS.FED",
	"AS.FER",
	"AS.FES",
	"AS.R",
	"AS.RD",
	"AS.RDAR",
	"AS.RDARS",
	"AS.RDS",
	"AS.RED",
	"AS.REE",
	"AS.REES",
	"AS.RS",
	"AS.RSAR",
	"AS.RSARS",
	"AS.SER",
	"AS.SERS",
	"AS.SS",
	"AS.SSE",
	"AS.SSED",
	"AS.W",
	"AS.WDER",
	"AS.WDERED",
	"AS.WDERS",
	"AS.WED",
	"AS.WER",
	"AS.WERS",
	"AS.WS",
	"ASA.R",
	"ASAC.",
	"ASAC.S",
	"ASC.RDAS",
	"ASC.RDASES",
	"ASEAC.R",
	"ASEAC.RS",
	"ASEES.W",
	"ASEES.WS",
	"ASER.W",
	"ASER.WED",
	"ASER.WS",
	"ASRAS.R",
	"ASRAS.RS",
	"ASSES.",
	"AW.AC",
	"AW.ACS",
	"AW.D",
	"AW.DD",
	"AW.DDED",
	"AW.DDER",
	"AW.DDERS",
	"AW.DDS",
	"AW.DE",
	"AW.DED",
	"AW.DER",
	"AW.DERS",
	"AW.DES",
	"AW.DS",
	"AW.E",
	"AW.ES",
	"AW.FER",
	"AW.FERED",
	"AW.FERS",
	"AW.R",
	"AW.RD",
	"AW.RDED",
	"AW.RDER",
	"AW.RDERED",
	"AW.RDERS",
	"AW.RDRESS",
	"AW.RDRESSES",
	"AW.RDS",
	"AW.RE",
	"AW.RED",
	"AW.RES",
	"AW.RFARE",
	"AW.RFARED",
	"AW.RFARES",
	"AW.RRE",
	"AW.RRED",
	"AW.RS",
	"AW.S",
	"AW.SE",
	"AW.SES",
	"AWA.",
	"AWA.RD",
	"AWA.RDED",
	"AWA.RDEE",
	"AWA.RDEES",
	"AWA.RDER",
	"AWA.RDERS",
	"AWA.RDS",
	"AWA.RE",
	"AWA.RER",
	"AWAES.RD",
	"AWAES.RDS",
	"AWAES.RE",
	"AWAES.RES",
	"AWD.RF",
	"AWD.RFED",
	"AWD.RFER",
	"AWD.RFS",
	"AWDA.RD",
	"AWDA.RDED",
	"AWDA.RDS",
	"AWDA.RE",
	"AWDA.RES",
	"AWDER.RE",
	"AWDER.RES",
	"AWED.R",
	"AWED.RS",
	"AWER.RD",
	"AWER.RDED",
	"AWER.RDS",
	"AWERAC.RE",
	"AWERAC.RES",
	"AWERACS.RE",
	"AWERACS.RES",
	"AWES.R",
	"AWES.RS",
	"AWS.D",
	"AWS.DS",
	"AWS.RD",
	"AWS.RDED",
	"AWS.RDS",
	"AWS.RE",
	"AWS.RF",
	"AWS.RFED",
	"AWS.RFS",
	"C.AA",
	"C.AAED",
	"C.AAS",
	"C.AD",
	"C.ADE",
	"C.ADEE",
	"C.ADEES",
	"C.ADES",
	"C.ADRE",
	"C.ADRES",
	"C.ADS",
	"C.AESAR",
	"C.AESARS",
	"C.AESE",
	"C.AF",
	"C.AFARD",
	"C.AFARDS",
	"C.AFE",
	"C.AFES",
	"C.AFS",
	"C.AR",
	"C.ARAFE",
	"C.ARAFES",
	"C.ARD",
	"C.ARDED",
	"C.ARDER",
	"C.ARDERS",
	"C.ARDS",
	"C.ARE",
	"C.ARED",
	"C.AREER",
	"C.AREERS",
	"C.ARER",
	"C.ARERS",
	"C.ARES",
	"C.ARESS",
	"C.ARESSED",
	"C.ARESSER",
	"C.ARESSERS",
	"C.ARESSES",
	"C.AREWARE",
	"C.AREWARES",
	"C.ARFARE",
	"C.ARFARES",
	"C.ARR",
	"C.ARRS",
	"C.ARS",
	"C.ARSE",
	"C.ARSES",
	"C.ASA",
	"C.ASAS",
	"C.ASE",
	"C.ASEASE",
	"C.ASEASES",
	"C.ASED",
	"C.ASES",
	"C.AW",
	"C.AWED",
	"C.AWS",
	"C.EAS",
	"C.EASE",
	"C.EASED",
	"C.EASES",
	"C.EDAR",
	"C.EDARED",
	"C.EDARS",
	"C.EDE",
	"C.EDED",
	"C.EDER",
	"C.EDERS",
	"C.EDES",
	"C.EE",
	"C.EES",
	"C.ERE",
	"C.ERED",
	"C.ERES",
	"C.ESS",
	"C.ESSE",
	"C.ESSED",
	"C.ESSER",
	"C.ESSERS",
	"C.ESSES",
	"C.RARE",
	"C.RARES",
	"C.RASES",
	"C.RASS",
	"C.RASSER",
	"C.RAW",
	"C.RAWDAD",
	"C.RAWDADS",
	"C.RAWS",
	"C.REASE",
	"C.REASED",
	"C.REASER",
	"C.REASERS",
	"C.REASES",
	"C.RED",
	"C.REDS",
	"C.REE",
	"C.REED",
	"C.REEDS",
	"C.REES",
	"C.RESS",
	"C.RESSES",
	"C.REW",
	"C.REWE",
	"C.REWED",
	"C.REWES",
	"C.REWS",
	"C.SARDAS",
	"C.SARDASES",
	"CA.E",
	"CA.ED",
	"CA.ER",
	"CA.ERS",
	"CA.ES",
	"CA.RE",
	"CA.RED",
	"CA.RES",
	"CAAW.",
	"CAAW.S",
	"CAD.E",
	"CAD.ES",
	"CAF.ADE",
	"CAF.ADES",
	"CAF.E",
	"CAF.ED",
	"CAF.ER",
	"CAF.ERS",
	"CAF.ES",
	"CAFED.E",
	"CAFED.ED",
	"CAFED.ER",
	"CAFED.ERS",
	"CAFED.ES",
	"CAFER.E",
	"CAFER.ED",
	"CAFER.ES",
	"CAR.A",
	"CAR.E",
	"CAR.ED",
	"CAR.ER",
	"CAR.ERS",
	"CAR.ES",
	"CARD.",
	"CARES.",
	"CARES.S",
	"CARF.AS",
	"CARF.ASES",
	"CAS.",
	"CAS.RA",
	"CAS.RED",
	"CAS.REDER",
	"CAS.S",
	"CE.AD",
	"CE.ADS",
	"CEAF.ES",
	"CED.AD",
	"CED.ADE",
	"CED.ADES",
	"CED.ADS",
	"CED.AF",
	"CED.AFS",
	"CED.ARE",
	"CED.ARES",
	"CED.REW",
	"CED.REWS",
	"CEF.ES",
	"CER.",
	"CER.ESS",
	"CER.S",
	"CERA.A",
	"CERA.AS",
	"CES.",
	"CES.S",
	"CRA.",
	"CRA.ADE",
	"CRA.ADED",
	"CRA.ADES",
	"CRA.ED",
	"CRA.S",
	"CRAES.E",
	"CRAES.ED",
	"CRAES.ES",
	"CRAF.E",
	"CRAF.ED",
	"CRAF.ER",
	"CRAF.ERS",
	"CRAF.ES",
	"CS.AD",
	"CS.ADS",
	"CS.AR",
	"CS.ARE",
	"CS.ARED",
	"CS.AREDER",
	"CS.ARER",
	"CS.ARERS",
	"CS.ARES",
	"CS.AREWARE",
	"CS.AREWARES",
	"CS.ARF",
	"CS.ARFED",
	"CS.ARFER",
	"CS.ARFERS",
	"CS.ARFS",
	"CS.ARRE",
	"CS.ARRED",
	"CS.ARRES",
	"CS.ARS",
	"CS.AW",
	"CS.AWS",
	"CS.RAE",
	"CS.RAES",
	"CS.RAW",
	"CS.RAWS",
	"CS.REE",
	"CS.REED",
	"CS.REEDS",
	"CS.REES",
	"CS.REW",
	"CS.REWED",
	"CS.REWER",
	"CS.REWERS",
	"CS.REWS",
	"CSA.ARED",
	"CSA.ESES",
	"CSAF.ES",
	"CSAR.ASSE",
	"CSE.AR",
	"CSE.ARS",
	"CSEA.",
	"CSEA.ES",
	"CSERF.ADE",
	"CSERF.ADES",
	"CWARD.ARD",
	"CWARD.ARDS",
	"D.A",
	"D.ACE",
	"D.ACES",
	"D.AD",
	"D.ADA",
	"D.ADAS",
	"D.ADS",
	"D.AE",
	"D.AES",
	"D.ARAF",
	"D.ARAFS",
	"D.ARE",
	"D.ARED",
	"D.ARER",
	"D.ARERS",
	"D.ARES",
	"D.ARRE",
	"D.ARRED",
	"D.ARRES",
	"D.AS",
	"D.AW",
	"D.AWD",
	"D.AWDED",
	"D.AWDS",
	"D.AWED",
	"D.AWS",
	"D.E",
	"D.EAD",
	"D.EADED",
	"D.EADER",
	"D.EADERS",
	"D.EADS",
	"D.EAF",
	"D.EAFER",
	"D.EAR",
	"D.EARE",
	"D.EARED",
	"D.EARER",
	"D.EARES",
	"D.EARS",
	"D.EAW",
	"D.EAWED",
	"D.EAWS",
	"D.ECAD",
	"D.ECADE",
	"D.ECADES",
	"D.ECADS",
	"D.ECAF",
	"D.ECAFS",
	"D.ECARE",
	"D.ECARES",
	"D.ECREW",
	"D.ECREWS",
	"D.EE",
	"D.EED",
	"D.EEDS",
	"D.EER",
	"D.EERS",
	"D.EES",
	"D.EF",
	"D.EFACE",
	"D.EFACED",
	"D.EFACER",
	"D.EFACERS",
	"D.EFACES",
	"D.EFER",
	"D.EFERS",
	"D.ERE",
	"D.ERED",
	"D.ERES",
	"D.ESSE",
	"D.ESSES",
	"D.EW",
	"D.EWAR",
	"D.EWARS",
	"D.EWED",
	"D.EWS",
	"D.RAC",
	"D.RAD",
	"D.RAW",
	"D.RAWCARD",
	"D.RAWCARDS",
	"D.RAWEE",
	"D.RAWEES",
	"D.RAWER",
	"D.RAWERS",
	"D.RAWS",
	"D.READ",
	"D.READED",
	"D.READER",
	"D.READERS",
	"D.READS",
	"D.REAR",
	"D.REARE",
	"D.REARES",
	"D.REARS",
	"D.REE",
	"D.REED",
	"D.REER",
	"D.REES",
	"D.RERE",
	"D.RERES",
	"D.RESS",
	"D.RESSED",
	"D.RESSER",
	"D.RESSERS",
	"D.RESSES",
	"D.REW",
	"D.WARF",
	"D.WARFED",
	"D.WARFER",
	"D.WARFS",
	"DA.",
	"DA.AW",
	"DA.AWED",
	"DA.AWS",
	"DA.D",
	"DA.DED",
	"DA.DER",
	"DA.DERS",
	"DA.DRESS",
	"DA.DRESSED",
	"DA.DRESSER",
	"DA.DRESSERS",
	"DA.DRESSES",
	"DA.DS",
	"DA.RAD",
	"DA.READ",
	"DA.READED",
	"DA.READS",
	"DA.RED",
	"DA.S",
	"DA.WARD",
	"DA.WARDED",
	"DA.WARDS",
	"DA.WARE",
	"DA.WARES",
	"DAC.",
	"DAC.E",
	"DAC.EE",
	"DAC.EES",
	"DAC.ES",
	"DAC.RE",
	"DAC.RES",
	"DAC.S",
	"DACAF.E",
	"DACAF.ES",
	"DACE.",
	"DACE.S",
	"DACED.",
	"DACED.E",
	"DACED.ES",
	"DACED.S",
	"DACRA.E",
	"DACRA.ED",
	"DACRA.ES",
	"DACS.",
	"DACS.S",
	"DACSERF.E",
	"DACSERF.ES",
	"DAD.",
	"DAD.A",
	"DAD.AS",
	"DAD.S",
	"DADWARC.",
	"DADWARC.S",
	"DAED.",
	"DAED.ED",
	"DAED.ER",
	"DAED.ERS",
	"DAED.S",
	"DAER.",
	"DAER.D",
	"DAER.DED",
	"DAER.DRESS",
	"DAER.DS",
	"DAER.ER",
	"DAER.ERS",
	"DAER.S",
	"DAERA.",
	"DAERA.S",
	"DAERD.",
	"DAERD.ED",
	"DAERD.ER",
	"DAERD.ERS",
	"DAERD.S",
	"DAERDA.",
	"DAERDA.ED",
	"DAERDA.S",
	"DAERER.",
	"DAERER.S",
	"DAF.",
	"DAF.E",
	"DAF.ED",
	"DAF.ER",
	"DAF.ERS",
	"DAF.ES",
	"DAF.S",
	"DAR.",
	"DAR.AR",
	"DAR.ARS",
	"DAR.DED",
	"DAR.DER",
	"DAR.E",
	"DAR.S",
	"DARAF.",
	"DARAF.S",
	"DARD.",
	"DARDA.",
	"DAS.",
	"DAS.DED",
	"DAS.DER",
	"DAS.E",
	"DAS.ES",
	"DAS.S",
	"DAW.",
	"DAW.D",
	"DAW.DED",
	"DAW.DER",
	"DAW.DERS",
	"DAW.DS",
	"DAW.E",
	"DAW.ED",
	"DAW.ER",
	"DAW.ERS",
	"DAW.ES",
	"DAW.S",
	"DAWS.",
	"DAWS.S",
	"DDA.",
	"DDA.ED",
	"DDA.ER",
	"DDA.ERS",
	"DDA.RESS",
	"DDA.RESSED",
	"DDA.RESSER",
	"DDA.RESSERS",
	"DDA.RESSES",
	"DDA.S",
	"DDAER.",
	"DDAER.ED",
	"DDAER.RESS",
	"DDAER.S",
	"DDAR.ED",
	"DDAR.ER",
	"DDAS.ED",
	"DDAS.ER",
	"DDAW.",
	"DDAW.ED",
	"DDAW.ER",
	"DDAW.ERS",
	"DDAW.S",
	"DDER.",
	"DDER.ED",
	"DDER.ER",
	"DDER.ERS",
	"DDER.S",
	"DDERA.",
	"DDEW.ED",
	"DDEW.ER",
	"DDEW.ERS",
	"DE.",
	"DE.S",
	"DEA.ES",
	"DEAAC.",
	"DEC.AR",
	"DEC.ARED",
	"DEC.ARS",
	"DEC.E",
	"DEC.ED",
	"DEC.ER",
	"DEC.ERS",
	"DEC.ES",
	"DECA.",
	"DECAF.",
	"DECAFED.",
	"DECAFER.",
	"DECAR.",
	"DECRA.",
	"DECRAES.",
	"DECRAF.",
	"DEDACRA.",
	"DEDAED.",
	"DEDAERD.",
	"DEDAERDA.",
	"DEDAF.",
	"DEDAW.",
	"DEDDA.",
	"DEDDAER.",
	"DEDDAR.",
	"DEDDAS.",
	"DEDDAW.",
	"DEDDER.",
	"DEDDEW.",
	"DEDEC.",
	"DEDER.",
	"DEDRAC.",
	"DEDRAE.",
	"DEDRAF.",
	"DEDRAW.",
	"DEDRAWA.",
	"DEDRAWDA.",
	"DEDRAWER.",
	"DEDRAWS.",
	"DEDWAD.",
	"DEED.",
	"DEED.S",
	"DEEF.",
	"DEEF.S",
	"DEER.",
	"DEER.S",
	"DEERC.",
	"DEERC.S",
	"DEERCS.",
	"DEERCS.S",
	"DEERD.",
	"DEERF.",
	"DEES.",
	"DEES.S",
	"DEEW.",
	"DEEW.S",
	"DEEWS.",
	"DEF.",
	"DEF.S",
	"DEFAS.",
	"DEFER.",
	"DEFRACS.",
	"DEFRAWD.",
	"DEFRAWS.",
	"DEFREWS.",
	"DER.",
	"DER.D",
	"DER.DED",
	"DER.DER",
	"DER.DERS",
	"DER.DS",
	"DER.E",
	"DER.EAR",
	"DER.EARS",
	"DER.ED",
	"DER.ES",
	"DER.RAW",
	"DER.RAWS",
	"DER.RESS",
	"DER.REW",
	"DER.S",
	"DER.SEAR",
	"DER.WARE",
	"DER.WARES",
	"DERA.",
	"DERA.D",
	"DERA.E",
	"DERA.ES",
	"DERAC.",
	"DERACS.",
	"DERACS.ER",
	"DERACSA.",
	"DERAD.",
	"DERADEC.",
	"DERAE.",
	"DERAED.",
	"DERAEF.",
	"DERAEFA.",
	"DERAER.",
	"DERAES.",
	"DERAEW.",
	"DERAF.",
	"DERAFRAW.",
	"DERAR.",
	"DERAS.",
	"DERAW.",
	"DERC.",
	"DERC.S",
	"DERCA.",
	"DERCAS.",
	"DERCAS.ER",
	"DERDA.",
	"DERE.",
	"DEREC.",
	"DERED.",
	"DEREDRAW.",
	"DEREDWAS.",
	"DEREFAW.",
	"DERES.",
	"DERRACS.",
	"DERRAD.",
	"DERRAF.",
	"DERRAW.",
	"DERRE.",
	"DERRES.",
	"DES.",
	"DES.ER",
	"DES.ERS",
	"DES.ES",
	"DESAC.",
	"DESAE.",
	"DESAEC.",
	"DESAEF.",
	"DESAERC.",
	"DESAES.",
	"DESAR.",
	"DESARE.",
	"DESARRA.",
	"DESER.A",
	"DESER.AS",
	"DESRA.",
	"DESRAF.",
	"DESSAS.",
	"DESSEC.",
	"DESSEF.",
	"DESSERAC.",
	"DESSERD.",
	"DESSERDDA.",
	"DESSES.",
	"DEW.",
	"DEW.DED",
	"DEW.DER",
	"DEW.DERS",
	"DEW.S",
	"DEWA.",
	"DEWAC.",
	"DEWAD.",
	"DEWADA.",
	"DEWAED.",
	"DEWAS.",
	"DEWASER.",
	"DEWED.",
	"DEWER.",
	"DEWER.S",
	"DEWERC.",
	"DEWERCS.",
	"DEWES.",
	"DEWS.E",
	"DEWS.ES",
	"DRA.",
	"DRA.S",
	"DRAC.",
	"DRAC.ED",
	"DRAC.ER",
	"DRAC.ERS",
	"DRAC.S",
	"DRACWARD.",
	"DRACWARD.S",
	"DRAE.",
	"DRAE.ED",
	"DRAE.S",
	"DRAEFA.",
	"DRAEWS.",
	"DRAEWS.S",
	"DRAF.",
	"DRAF.ED",
	"DRAF.S",
	"DRAFAC.",
	"DRAFAC.S",
	"DRAS.",
	"DRAS.AR",
	"DRAS.ARS",
	"DRAS.S",
	"DRASC.AS",
	"DRASC.ASES",
	"DRAW.",
	"DRAW.ED",
	"DRAW.ER",
	"DRAW.ERED",
	"DRAW.ERS",
	"DRAW.RESS",
	"DRAW.RESSES",
	"DRAW.S",
	"DRAWA.",
	"DRAWA.ED",
	"DRAWA.EE",
	"DRAWA.EES",
	"DRAWA.ER",
	"DRAWA.ERS",
	"DRAWA.S",
	"DRAWAES.",
	"DRAWAES.S",
	"DRAWDA.",
	"DRAWDA.ED",
	"DRAWDA.S",
	"DRAWER.",
	"DRAWER.ED",
	"DRAWER.S",
	"DRAWS.",
	"DRAWS.ED",
	"DRAWS.S",
	"DWAD.",
	"DWAD.ED",
	"DWAD.S",
	"DWARC.AD",
	"DWARC.ADS",
	"DWAS.ER",
	"DWAS.ERED",
	"DWAS.ERS",
	"E.A",
	"E.AR",
	"E.ARD",
	"E.ARDED",
	"E.ARDS",
	"E.ARED",
	"E.ARS",
	"E.AS",
	"E.ASE",
	"E.ASED",
	"E.ASER",
	"E.ASERS",
	"E.ASES",
	"E.CAD",
	"E.CADS",
	"E.D",
	"E.DS",
	"E.E",
	"E.EW",
	"E.F",
	"E.FS",
	"E.R",
	"E.RA",
	"E.RAS",
	"E.RASE",
	"E.RASED",
	"E.RASER",
	"E.RASERS",
	"E.RASES",
	"E.RE",
	"E.RED",
	"E.RES",
	"E.RF",
	"E.RR",
	"E.RRED",
	"E.RRS",
	"E.RS",
	"E.RSES",
	"E.S",
	"E.SCAR",
	"E.SCARS",
	"E.SES",
	"E.SS",
	"E.SSE",
	"E.SSES",
	"E.W",
	"E.WE",
	"E.WER",
	"E.WERS",
	"E.WES",
	"EA.",
	"EA.DES",
	"EA.SC",
	"EA.SCES",
	"EAAC.D",
	"EAC.SAR",
	"EAC.SARS",
	"EAC.SE",
	"EAD.",
	"EAD.S",
	"EAERA.",
	"EAF.",
	"EAF.CES",
	"EARCS.",
	"EARCS.S",
	"EARF.",
	"EARRES.",
	"EAS.",
	"EAW.",
	"EAW.S",
	"EC.AS",
	"EC.ASE",
	"EC.ASED",
	"EC.ASES",
	"EC.DAR",
	"EC.DARED",
	"EC.DARS",
	"EC.DE",
	"EC.DED",
	"EC.DER",
	"EC.DERS",
	"EC.DES",
	"EC.E",
	"EC.ES",
	"EC.RE",
	"EC.RED",
	"EC.RES",
	"EC.SS",
	"EC.SSE",
	"EC.SSED",
	"EC.SSER",
	"EC.SSERS",
	"EC.SSES",
	"ECA.",
	"ECA.D",
	"ECA.R",
	"ECA.RS",
	"ECA.S",
	"ECAD.",
	"ECAD.S",
	"ECAF.",
	"ECAF.D",
	"ECAF.R",
	"ECAF.RS",
	"ECAF.S",
	"ECAFED.",
	"ECAFED.D",
	"ECAFED.R",
	"ECAFED.RS",
	"ECAFED.S",
	"ECAFER.",
	"ECAFER.D",
	"ECAFER.S",
	"ECAR.",
	"ECAR.D",
	"ECAR.R",
	"ECAR.RS",
	"ECAR.S",
	"ECEAF.S",
	"ECEF.S",
	"ECER.SS",
	"ECRA.D",
	"ECRAES.",
	"ECRAES.D",
	"ECRAES.S",
	"ECRAF.",
	"ECRAF.D",
	"ECRAF.R",
	"ECRAF.RS",
	"ECRAF.S",
	"ECSA.SES",
	"ECSAF.S",
	"ECSEA.S",
	"ED.",
	"ED.AD",
	"ED.ADED",
	"ED.ADER",
	"ED.ADERS",
	"ED.ADS",
	"ED.AF",
	"ED.AFER",
	"ED.AR",
	"ED.ARE",
	"ED.ARED",
	"ED.ARER",
	"ED.ARES",
	"ED.ARS",
	"ED.AW",
	"ED.AWED",
	"ED.AWS",
	"ED.CAD",
	"ED.CADE",
	"ED.CADES",
	"ED.CADS",
	"ED.CAF",
	"ED.CAFS",
	"ED.CARE",
	"ED.CARES",
	"ED.CREW",
	"ED.CREWS",
	"ED.E",
	"ED.ED",
	"ED.EDS",
	"ED.ER",
	"ED.ERS",
	"ED.ES",
	"ED.F",
	"ED.FACE",
	"ED.FACED",
	"ED.FACER",
	"ED.FACERS",
	"ED.FACES",
	"ED.FER",
	"ED.FERS",
	"ED.RE",
	"ED.RED",
	"ED.RES",
	"ED.SSE",
	"ED.SSES",
	"ED.W",
	"ED.WAR",
	"ED.WARS",
	"ED.WED",
	"ED.WS",
	"EDAC.",
	"EDAC.E",
	"EDAC.ES",
	"EDAC.S",
	"EDACAF.",
	"EDACAF.S",
	"EDACED.",
	"EDACED.S",
	"EDACRA.",
	"EDACRA.D",
	"EDACRA.S",
	"EDACSERF.",
	"EDACSERF.S",
	"EDAED.D",
	"EDAED.R",
	"EDAED.RS",
	"EDAER.R",
	"EDAER.RS",
	"EDAERD.D",
	"EDAERD.R",
	"EDAERD.RS",
	"EDAERDA.D",
	"EDAF.",
	"EDAF.D",
	"EDAF.R",
	"EDAF.RS",
	"EDAF.S",
	"EDAR.",
	"EDAS.",
	"EDAS.S",
	"EDAW.",
	"EDAW.D",
	"EDAW.R",
	"EDAW.RS",
	"EDAW.S",
	"EDDA.D",
	"EDDA.R",
	"EDDA.RS",
	"EDDAER.D",
	"EDDAR.D",
	"EDDAR.R",
	"EDDAS.D",
	"EDDAS.R",
	"EDDAW.D",
	"EDDAW.R",
	"EDDAW.RS",
	"EDDER.D",
	"EDDER.R",
	"EDDER.RS",
	"EDDEW.D",
	"EDDEW.R",
	"EDDEW.RS",
	"EDEA.S",
	"EDEC.",
	"EDEC.D",
	"EDEC.R",
	"EDEC.RS",
	"EDEC.S",
	"EDER.",
	"EDER.AR",
	"EDER.ARS",
	"EDER.D",
	"EDER.S",
	"EDERA.",
	"EDERA.S",
	"EDERACS.R",
	"EDERCAS.R",
	"EDES.R",
	"EDES.RS",
	"EDES.S",
	"EDEWS.",
	"EDEWS.S",
	"EDRAC.D",
	"EDRAC.R",
	"EDRAC.RS",
	"EDRAE.D",
	"EDRAF.D",
	"EDRAW.D",
	"EDRAW.R",
	"EDRAW.RED",
	"EDRAW.RS",
	"EDRAWA.D",
	"EDRAWA.E",
	"EDRAWA.ES",
	"EDRAWA.R",
	"EDRAWA.RS",
	"EDRAWDA.D",
	"EDRAWER.D",
	"EDRAWS.D",
	"EDWAD.D",
	"EDWAS.R",
	"EDWAS.RED",
	"EDWAS.RS",
	"EE.",
	"EE.W",
	"EEC.",
	"EEC.S",
	"EED.",
	"EED.D",
	"EED.DS",
	"EED.R",
	"EED.RS",
	"EED.S",
	"EEDAC.",
	"EEDAC.S",
	"EEDRAWA.",
	"EEDRAWA.S",
	"EEF.",
	"EEF.D",
	"EEF.DS",
	"EEF.R",
	"EEF.RS",
	"EEF.S",
	"EER.",
	"EER.D",
	"EER.DS",
	"EER.F",
	"EER.FS",
	"EER.S",
	"EERAC.R",
	"EERAC.RS",
	"EERAR.",
	"EERAS.",
	"EERAS.S",
	"EERC.",
	"EERC.D",
	"EERC.DS",
	"EERC.S",
	"EERCS.",
	"EERCS.D",
	"EERCS.DS",
	"EERCS.S",
	"EERD.",
	"EERD.D",
	"EERD.R",
	"EERD.S",
	"EERF.",
	"EERF.D",
	"EERF.R",
	"EERF.RS",
	"EERF.S",
	"EES.",
	"EES.D",
	"EES.DS",
	"EES.R",
	"EES.RS",
	"EES.S",
	"EES.SAW",
	"EES.SAWS",
	"EEW.",
	"EEW.D",
	"EEW.DS",
	"EEW.R",
	"EEW.S",
	"EEWA.",
	"EEWARD.",
	"EEWARD.S",
	"EEWS.",
	"EEWS.D",
	"EEWS.R",
	"EEWS.RS",
	"EEWS.S",
	"EF.",
	"EF.AR",
	"EF.ARE",
	"EF.ARED",
	"EF.ARER",
	"EF.ARERS",
	"EF.ARES",
	"EF.ARS",
	"EF.ASE",
	"EF.ASED",
	"EF.ASES",
	"EF.CES",
	"EF.D",
	"EF.DS",
	"EF.E",
	"EF.ED",
	"EF.EDS",
	"EF.ER",
	"EF.ERS",
	"EF.ES",
	"EF.R",
	"EF.RE",
	"EF.RER",
	"EF.RES",
	"EF.S",
	"EF.SS",
	"EF.SSE",
	"EF.SSED",
	"EF.SSES",
	"EF.W",
	"EF.WER",
	"EF.WS",
	"EFA.AR",
	"EFA.ARD",
	"EFA.ARED",
	"EFA.ARS",
	"EFAC.",
	"EFAC.S",
	"EFAED.R",
	"EFARAC.",
	"EFARAC.S",
	"EFAS.",
	"EFAS.D",
	"EFAS.R",
	"EFAS.S",
	"EFAW.R",
	"EFAW.RED",
	"EFAW.RS",
	"EFED.R",
	"EFED.RS",
	"EFER.D",
	"EFER.R",
	"EFER.RS",
	"EFES.R",
	"EFRACS.D",
	"EFRACS.R",
	"EFRACS.RS",
	"EFRAWD.D",
	"EFRAWD.R",
	"EFRAWS.D",
	"EFREWS.D",
	"ER.",
	"ER.AD",
	"ER.ADD",
	"ER.ADDED",
	"ER.ADDRESS",
	"ER.ADDS",
	"ER.ADER",
	"ER.ADERS",
	"ER.ADS",
	"ER.AR",
	"ER.ARED",
	"ER.ARS",
	"ER.C",
	"ER.CESS",
	"ER.CS",
	"ER.D",
	"ER.DD",
	"ER.DDED",
	"ER.DDER",
	"ER.DDERS",
	"ER.DDS",
	"ER.DE",
	"ER.DEAR",
	"ER.DEARS",
	"ER.DED",
	"ER.DES",
	"ER.DRAW",
	"ER.DRAWS",
	"ER.DRESS",
	"ER.DREW",
	"ER.DS",
	"ER.DSEAR",
	"ER.DWARE",
	"ER.DWARES",
	"ER.E",
	"ER.ED",
	"ER.EDS",
	"ER.EF",
	"ER.EFS",
	"ER.ES",
	"ER.F",
	"ER.FACE",
	"ER.FACED",
	"ER.FACES",
	"ER.FED",
	"ER.FER",
	"ER.FERS",
	"ER.FS",
	"ER.READ",
	"ER.READS",
	"ER.S",
	"ER.SAW",
	"ER.SAWED",
	"ER.SAWS",
	"ER.SEDA",
	"ER.SEDAS",
	"ER.SES",
	"ER.SEW",
	"ER.SEWS",
	"ER.W",
	"ER.WARD",
	"ER.WARDED",
	"ER.WARDS",
	"ER.WEAR",
	"ER.WEARS",
	"ER.WED",
	"ER.WEDS",
	"ER.WS",
	"ERA.",
	"ERA.A",
	"ERA.AD",
	"ERA.ADS",
	"ERA.AE",
	"ERA.AR",
	"ERA.ARS",
	"ERA.AS",
	"ERA.CA",
	"ERA.CAS",
	"ERA.D",
	"ERA.DD",
	"ERA.DE",
	"ERA.DES",
	"ERA.RE",
	"ERA.S",
	"ERA.W",
	"ERAC.",
	"ERAC.D",
	"ERAC.ER",
	"ERAC.ERS",
	"ERAC.R",
	"ERAC.RS",
	"ERAC.S",
	"ERAC.SS",
	"ERAC.SSED",
	"ERAC.SSER",
	"ERAC.SSERS",
	"ERAC.SSES",
	"ERAC.WARE",
	"ERAC.WARES",
	"ERACED.",
	"ERACED.S",
	"ERACS.",
	"ERACS.D",
	"ERACS.DER",
	"ERACS.R",
	"ERACS.RS",
	"ERACS.S",
	"ERACS.WARE",
	"ERACS.WARES",
	"ERACSA.D",
	"ERAD.",
	"ERAD.D",
	"ERAD.R",
	"ERAD.RS",
	"ERAD.S",
	"ERADEC.D",
	"ERAE.D",
	"ERAED.",
	"ERAED.D",
	"ERAED.R",
	"ERAED.S",
	"ERAEF.",
	"ERAEF.D",
	"ERAEF.R",
	"ERAEF.RS",
	"ERAEF.S",
	"ERAEFA.D",
	"ERAER.D",
	"ERAERD.",
	"ERAERD.S",
	"ERAES.",
	"ERAES.D",
	"ERAES.R",
	"ERAEW.D",
	"ERAEW.R",
	"ERAEW.RS",
	"ERAEWS.R",
	"ERAEWS.RS",
	"ERAF.",
	"ERAF.D",
	"ERAF.R",
	"ERAF.RS",
	"ERAF.S",
	"ERAFAES.R",
	"ERAFAES.RS",
	"ERAFRAC.",
	"ERAFRAC.S",
	"ERAFRAW.",
	"ERAFRAW.D",
	"ERAFRAW.S",
	"ERAR.",
	"ERAR.D",
	"ERAR.E",
	"ERAR.S",
	"ERARC.",
	"ERARC.S",
	"ERAS.D",
	"ERAS.E",
	"ERAS.ES",
	"ERAW.",
	"ERAW.D",
	"ERAW.S",
	"ERAWA.",
	"ERAWA.R",
	"ERAWAES.",
	"ERAWAES.S",
	"ERAWDA.",
	"ERAWDA.S",
	"ERAWDER.",
	"ERAWDER.S",
	"ERAWERAC.",
	"ERAWERAC.S",
	"ERAWERACS.",
	"ERAWERACS.S",
	"ERAWS.",
	"ERC.ASE",
	"ERC.ASED",
	"ERC.ASER",
	"ERC.ASERS",
	"ERC.ASES",
	"ERC.D",
	"ERC.DS",
	"ERC.E",
	"ERC.ED",
	"ERC.EDS",
	"ERC.ES",
	"ERC.SS",
	"ERC.SSES",
	"ERC.W",
	"ERC.WE",
	"ERC.WED",
	"ERC.WES",
	"ERC.WS",
	"ERCA.",
	"ERCA.D",
	"ERCA.S",
	"ERCAS.D",
	"ERCAS.DER",
	"ERCED.W",
	"ERCED.WS",
	"ERCS.E",
	"ERCS.ED",
	"ERCS.EDS",
	"ERCS.ES",
	"ERCS.W",
	"ERCS.WED",
	"ERCS.WER",
	"ERCS.WERS",
	"ERCS.WS",
	"ERD.AD",
	"ERD.ADED",
	"ERD.ADER",
	"ERD.ADERS",
	"ERD.ADS",
	"ERD.AR",
	"ERD.ARE",
	"ERD.ARES",
	"ERD.ARS",
	"ERD.E",
	"ERD.ED",
	"ERD.ER",
	"ERD.ES",
	"ERD.RE",
	"ERD.RES",
	"ERD.SS",
	"ERD.SSED",
	"ERD.SSER",
	"ERD.SSERS",
	"ERD.SSES",
	"ERD.W",
	"ERDA.AD",
	"ERDA.ADED",
	"ERDA.ADS",
	"ERDA.D",
	"ERDAC.",
	"ERDAC.S",
	"ERDDA.SS",
	"ERDDA.SSED",
	"ERDDA.SSER",
	"ERDDA.SSERS",
	"ERDDA.SSES",
	"ERDDAER.SS",
	"ERDER.SS",
	"ERDER.W",
	"ERDRAW.SS",
	"ERDRAW.SSES",
	"ERE.",
	"ERE.D",
	"ERE.S",
	"EREC.",
	"EREC.D",
	"EREC.S",
	"ERED.",
	"ERED.D",
	"ERED.S",
	"EREDRAW.D",
	"EREDWAS.D",
	"EREF.",
	"EREF.R",
	"EREF.S",
	"EREFAW.D",
	"ERER.AD",
	"ERER.ADS",
	"ERERA.",
	"ERERD.",
	"ERERD.S",
	"ERERF.",
	"ERERF.S",
	"ERES.",
	"ERES.D",
	"ERES.R",
	"ERES.S",
	"EREW.",
	"ERF.E",
	"ERF.ED",
	"ERF.ER",
	"ERF.ERS",
	"ERF.ES",
	"ERF.RE",
	"ERF.RES",
	"ERF.SCADE",
	"ERF.SCADES",
	"ERRACS.",
	"ERRACS.D",
	"ERRACS.S",
	"ERRAD.",
	"ERRAD.D",
	"ERRAD.S",
	"ERRAF.D",
	"ERRAW.",
	"ERRAW.D",
	"ERRE.D",
	"ERRES.",
	"ERRES.D",
	"ERRES.S",
	"ES.A",
	"ES.AFARER",
	"ES.AFARERS",
	"ES.AR",
	"ES.ARCE",
	"ES.ARCED",
	"ES.ARCES",
	"ES.ARE",
	"ES.ARED",
	"ES.ARER",
	"ES.ARS",
	"ES.AS",
	"ES.ASE",
	"ES.ASED",
	"ES.ASES",
	"ES.AWARD",
	"ES.AWARDS",
	"ES.AWARE",
	"ES.AWARES",
	"ES.C",
	"ES.CS",
	"ES.D",
	"ES.DER",
	"ES.DERS",
	"ES.DES",
	"ES.E",
	"ES.ED",
	"ES.EDS",
	"ES.ER",
	"ES.ERS",
	"ES.ES",
	"ES.ESAW",
	"ES.ESAWS",
	"ES.FER",
	"ES.R",
	"ES.RA",
	"ES.RAC",
	"ES.RACS",
	"ES.RE",
	"ES.RED",
	"ES.RER",
	"ES.RES",
	"ES.RF",
	"ES.RFS",
	"ES.RR",
	"ES.RRA",
	"ES.RRAE",
	"ES.RRAS",
	"ES.RRE",
	"ES.RRED",
	"ES.RRES",
	"ES.RRS",
	"ES.RS",
	"ES.SE",
	"ES.SS",
	"ES.SSA",
	"ES.SSED",
	"ES.W",
	"ES.WAR",
	"ES.WARS",
	"ES.WED",
	"ES.WER",
	"ES.WERS",
	"ES.WS",
	"ESA.A",
	"ESAC.",
	"ESAC.ASE",
	"ESAC.ASES",
	"ESAC.D",
	"ESAC.S",
	"ESACARF.S",
	"ESADRASC.S",
	"ESAE.",
	"ESAE.D",
	"ESAE.R",
	"ESAE.RS",
	"ESAE.S",
	"ESAEC.",
	"ESAEC.D",
	"ESAEC.S",
	"ESAEF.",
	"ESAEF.D",
	"ESAEF.S",
	"ESAERC.",
	"ESAERC.D",
	"ESAERC.R",
	"ESAERC.RS",
	"ESAERC.S",
	"ESAES.",
	"ESAES.D",
	"ESAES.S",
	"ESAESAC.",
	"ESAESAC.S",
	"ESAR.",
	"ESAR.D",
	"ESAR.R",
	"ESAR.RS",
	"ESAR.S",
	"ESARC.S",
	"ESARE.",
	"ESARE.D",
	"ESARE.R",
	"ESARE.RS",
	"ESARE.S",
	"ESARRA.D",
	"ESARRA.S",
	"ESAS.R",
	"ESAS.RS",
	"ESAW.",
	"ESAW.S",
	"ESDER.AR",
	"ESE.S",
	"ESEAC.",
	"ESECSA.S",
	"ESER.DA",
	"ESER.DAS",
	"ESER.S",
	"ESER.W",
	"ESER.WS",
	"ESES.",
	"ESRA.",
	"ESRA.D",
	"ESRA.S",
	"ESRAC.",
	"ESRAC.S",
	"ESRAF.",
	"ESRAF.D",
	"ESRAF.S",
	"ESRE.S",
	"ESSA.S",
	"ESSACSAR.",
	"ESSAR.",
	"ESSAR.S",
	"ESSARC.R",
	"ESSARF.S",
	"ESSARW.",
	"ESSARW.S",
	"ESSAS.",
	"ESSAS.D",
	"ESSE.",
	"ESSE.S",
	"ESSEC.",
	"ESSEC.D",
	"ESSEC.R",
	"ESSEC.RS",
	"ESSEC.S",
	"ESSED.",
	"ESSED.S",
	"ESSEF.",
	"ESSEF.D",
	"ESSEF.S",
	"ESSERAC.D",
	"ESSERAC.R",
	"ESSERAC.RS",
	"ESSERAC.S",
	"ESSERC.S",
	"ESSERD.D",
	"ESSERD.R",
	"ESSERD.RS",
	"ESSERD.S",
	"ESSERDDA.D",
	"ESSERDDA.R",
	"ESSERDDA.RS",
	"ESSERDDA.S",
	"ESSERDRAW.S",
	"ESSES.D",
	"EW.",
	"EW.AR",
	"EW.ARED",
	"EW.ARER",
	"EW.ARERS",
	"EW.ARS",
	"EW.D",
	"EW.DDED",
	"EW.DDER",
	"EW.DDERS",
	"EW.DS",
	"EW.E",
	"EW.ED",
	"EW.EDS",
	"EW.ER",
	"EW.ES",
	"EW.RE",
	"EWA.",
	"EWA.D",
	"EWA.E",
	"EWA.S",
	"EWAC.D",
	"EWAD.D",
	"EWADA.D",
	"EWAED.D",
	"EWAR.R",
	"EWARD.E",
	"EWARD.ES",
	"EWARD.R",
	"EWARD.RS",
	"EWAS.D",
	"EWAS.R",
	"EWAS.RS",
	"EWASER.D",
	"EWE.",
	"EWE.R",
	"EWE.RS",
	"EWE.S",
	"EWED.D",
	"EWEF.R",
	"EWER.AR",
	"EWER.ARS",
	"EWER.D",
	"EWER.DS",
	"EWERC.",
	"EWERC.D",
	"EWERC.S",
	"EWERCS.D",
	"EWERCS.R",
	"EWERCS.RS",
	"EWES.D",
	"EWES.R",
	"EWES.RS",
	"EWS.AR",
	"EWS.ARD",
	"EWS.ARDS",
	"EWS.ARER",
	"EWS.ARERS",
	"EWS.ARS",
	"EWS.DE",
	"EWS.DES",
	"EWS.E",
	"EWS.ED",
	"EWS.ER",
	"EWS.ERS",
	"EWS.ES",
	"EWS.RF",
	"EWS.RFED",
	"EWS.RFS",
	"F.A",
	"F.AA",
	"F.AAS",
	"F.ACADE",
	"F.ACADES",
	"F.ACE",
	"F.ACED",
	"F.ACER",
	"F.ACERS",
	"F.ACES",
	"F.AD",
	"F.ADE",
	"F.ADED",
	"F.ADER",
	"F.ADERS",
	"F.ADES",
	"F.ADS",
	"F.AE",
	"F.AECES",
	"F.AR",
	"F.ARAD",
	"F.ARADS",
	"F.ARCE",
	"F.ARCED",
	"F.ARCER",
	"F.ARCERS",
	"F.ARCES",
	"F.ARD",
	"F.ARDED",
	"F.ARDS",
	"F.ARE",
	"F.ARED",
	"F.ARER",
	"F.ARERS",
	"F.ARES",
	"F.ARRED",
	"F.ARS",
	"F.ARSE",
	"F.ARSED",
	"F.ARSES",
	"F.AS",
	"F.ASCES",
	"F.AW",
	"F.AWS",
	"F.E",
	"F.EAR",
	"F.EARE",
	"F.EARED",
	"F.EARER",
	"F.EARERS",
	"F.EARES",
	"F.EARS",
	"F.EASE",
	"F.EASED",
	"F.EASES",
	"F.ECES",
	"F.ED",
	"F.EDS",
	"F.EE",
	"F.EED",
	"F.EEDS",
	"F.EER",
	"F.EERS",
	"F.EES",
	"F.ER",
	"F.ERE",
	"F.ERER",
	"F.ERES",
	"F.ES",
	"F.ESS",
	"F.ESSE",
	"F.ESSED",
	"F.ESSES",
	"F.EW",
	"F.EWER",
	"F.EWS",
	"F.RA",
	"F.RACAS",
	"F.RACASES",
	"F.RAE",
	"F.RAS",
	"F.RASS",
	"F.RASSES",
	"F.REE",
	"F.REED",
	"F.REER",
	"F.REERS",
	"F.REES",
	"F.RERE",
	"F.RERES",
	"F.RESCADE",
	"F.RESCADES",
	"FA.AR",
	"FA.ARA",
	"FA.ARAS",
	"FA.ARS",
	"FA.EAR",
	"FA.EARD",
	"FA.EARED",
	"FA.EARS",
	"FAC.",
	"FAC.ARD",
	"FAC.ARDS",
	"FAC.E",
	"FAC.ES",
	"FAC.S",
	"FACED.",
	"FACED.S",
	"FAED.",
	"FAED.ER",
	"FAES.ARER",
	"FAES.ARERS",
	"FARAC.E",
	"FARAC.ES",
	"FARAD.",
	"FARAD.S",
	"FAS.E",
	"FAS.ED",
	"FAS.ER",
	"FAS.ES",
	"FAW.ER",
	"FAW.ERED",
	"FAW.ERS",
	"FE.",
	"FE.S",
	"FED.",
	"FED.ACE",
	"FED.ACED",
	"FED.ACER",
	"FED.ACERS",
	"FED.ACES",
	"FED.ER",
	"FED.ERS",
	"FEER.",
	"FEER.S",
	"FER.",
	"FER.ACE",
	"FER.ACED",
	"FER.ACES",
	"FER.ED",
	"FER.ER",
	"FER.ERS",
	"FER.S",
	"FES.ER",
	"FRA.",
	"FRA.S",
	"FRAC.ARE",
	"FRAC.ARES",
	"FRACS.",
	"FRACS.ED",
	"FRACS.ER",
	"FRACS.ERS",
	"FRACS.S",
	"FRAW.ARE",
	"FRAW.ARED",
	"FRAW.ARES",
	"FRAWD.",
	"FRAWD.ED",
	"FRAWD.ER",
	"FRAWD.S",
	"FRAWS.",
	"FRAWS.ED",
	"FRAWS.S",
	"FRE.",
	"FRES.",
	"FRES.S",
	"FREWS.",
	"FREWS.ED",
	"FREWS.S",
	"R.ACA",
	"R.ACE",
	"R.ACED",
	"R.ACER",
	"R.ACERS",
	"R.ACES",
	"R.AD",
	"R.ADAR",
	"R.ADARS",
	"R.ADDED",
	"R.ADDER",
	"R.ADE",
	"R.ADS",
	"R.ARE",
	"R.ARED",
	"R.AREE",
	"R.ARES",
	"R.AS",
	"R.ASCASSE",
	"R.ASE",
	"R.ASED",
	"R.ASER",
	"R.ASERS",
	"R.ASES",
	"R.ASSE",
	"R.ASSES",
	"R.AW",
	"R.AWER",
	"R.AWS",
	"R.E",
	"R.EAD",
	"R.EADD",
	"R.EADDED",
	"R.EADDRESS",
	"R.EADDS",
	"R.EADER",
	"R.EADERS",
	"R.EADS",
	"R.EAR",
	"R.EARED",
	"R.EARS",
	"R.EC",
	"R.ECESS",
	"R.ECS",
	"R.ED",
	"R.EDD",
	"R.EDDED",
	"R.EDDER",
	"R.EDDERS",
	"R.EDDS",
	"R.EDE",
	"R.EDEAR",
	"R.EDEARS",
	"R.EDED",
	"R.EDES",
	"R.EDRAW",
	"R.EDRAWS",
	"R.EDRESS",
	"R.EDREW",
	"R.EDS",
	"R.EDSEAR",
	"R.EDWARE",
	"R.EDWARES",
	"R.EE",
	"R.EED",
	"R.EEDS",
	"R.EEF",
	"R.EEFS",
	"R.EES",
	"R.EF",
	"R.EFACE",
	"R.EFACED",
	"R.EFACES",
	"R.EFED",
	"R.EFER",
	"R.EFERS",
	"R.EFS",
	"R.EREAD",
	"R.EREADS",
	"R.ES",
	"R.ESAW",
	"R.ESAWED",
	"R.ESAWS",
	"R.ESEDA",
	"R.ESEDAS",
	"R.ESES",
	"R.ESEW",
	"R.ESEWS",
	"R.EW",
	"R.EWARD",
	"R.EWARDED",
	"R.EWARDS",
	"R.EWEAR",
	"R.EWEARS",
	"R.EWED",
	"R.EWEDS",
	"R.EWS",
	"RA.",
	"RA.AR",
	"RA.ARS",
	"RA.C",
	"RA.CADE",
	"RA.CADED",
	"RA.CADES",
	"RA.CED",
	"RA.CS",
	"RA.D",
	"RA.DS",
	"RA.E",
	"RA.EA",
	"RA.EAD",
	"RA.EADS",
	"RA.EAE",
	"RA.EAR",
	"RA.EARS",
	"RA.EAS",
	"RA.ECA",
	"RA.ECAS",
	"RA.ED",
	"RA.EDD",
	"RA.EDE",
	"RA.EDES",
	"RA.ERE",
	"RA.ES",
	"RA.EW",
	"RA.F",
	"RA.FS",
	"RA.RAS",
	"RA.RASED",
	"RA.RASES",
	"RA.S",
	"RA.SE",
	"RA.SED",
	"RA.SES",
	"RAC.",
	"RAC.AFE",
	"RAC.AFES",
	"RAC.D",
	"RAC.DED",
	"RAC.DER",
	"RAC.DERS",
	"RAC.DS",
	"RAC.E",
	"RAC.ED",
	"RAC.EER",
	"RAC.EERS",
	"RAC.ER",
	"RAC.ERS",
	"RAC.ES",
	"RAC.ESS",
	"RAC.ESSED",
	"RAC.ESSER",
	"RAC.ESSERS",
	"RAC.ESSES",
	"RAC.EWARE",
	"RAC.EWARES",
	"RAC.FARE",
	"RAC.FARES",
	"RAC.R",
	"RAC.RS",
	"RAC.S",
	"RAC.SE",
	"RAC.SES",
	"RACED.E",
	"RACED.ES",
	"RACS.",
	"RACS.E",
	"RACS.ED",
	"RACS.EDER",
	"RACS.ER",
	"RACS.ERS",
	"RACS.ES",
	"RACS.EWARE",
	"RACS.EWARES",
	"RACS.F",
	"RACS.FED",
	"RACS.FER",
	"RACS.FERS",
	"RACS.FS",
	"RACS.RE",
	"RACS.RED",
	"RACS.RES",
	"RACS.S",
	"RACSA.ED",
	"RACSE.",
	"RACSE.S",
	"RACWARD.D",
	"RACWARD.DS",
	"RAD.AF",
	"RAD.AFS",
	"RAD.E",
	"RAD.ED",
	"RAD.ER",
	"RAD.ERS",
	"RAD.ES",
	"RAD.RE",
	"RAD.RED",
	"RAD.RES",
	"RADAR.",
	"RADAR.S",
	"RADEC.",
	"RADEC.ED",
	"RADEC.S",
	"RADRAS.",
	"RADRAS.S",
	"RAE.",
	"RAE.D",
	"RAE.DED",
	"RAE.DS",
	"RAE.ED",
	"RAE.S",
	"RAED.",
	"RAED.E",
	"RAED.ED",
	"RAED.ER",
	"RAED.ES",
	"RAED.S",
	"RAEDER.",
	"RAEDER.S",
	"RAEF.",
	"RAEF.E",
	"RAEF.ED",
	"RAEF.ER",
	"RAEF.ERS",
	"RAEF.ES",
	"RAEF.S",
	"RAEFA.",
	"RAEFA.D",
	"RAEFA.ED",
	"RAEFA.S",
	"RAER.",
	"RAER.ED",
	"RAER.S",
	"RAERA.",
	"RAERA.S",
	"RAERD.",
	"RAERD.E",
	"RAERD.ES",
	"RAERD.S",
	"RAES.",
	"RAES.CE",
	"RAES.CED",
	"RAES.CES",
	"RAES.E",
	"RAES.ED",
	"RAES.ER",
	"RAES.S",
	"RAESDER.",
	"RAEW.",
	"RAEW.ED",
	"RAEW.ER",
	"RAEW.ERS",
	"RAEW.S",
	"RAEWER.",
	"RAEWER.S",
	"RAEWS.",
	"RAEWS.D",
	"RAEWS.DS",
	"RAEWS.ER",
	"RAEWS.ERS",
	"RAEWS.S",
	"RAF.",
	"RAF.AD",
	"RAF.ADS",
	"RAF.CE",
	"RAF.CED",
	"RAF.CER",
	"RAF.CERS",
	"RAF.CES",
	"RAF.D",
	"RAF.DED",
	"RAF.DS",
	"RAF.E",
	"RAF.ED",
	"RAF.ER",
	"RAF.ERS",
	"RAF.ES",
	"RAF.RED",
	"RAF.S",
	"RAF.SE",
	"RAF.SED",
	"RAF.SES",
	"RAFA.",
	"RAFA.A",
	"RAFA.AS",
	"RAFA.S",
	"RAFAC.D",
	"RAFAC.DS",
	"RAFAES.ER",
	"RAFAES.ERS",
	"RAFRAC.E",
	"RAFRAC.ES",
	"RAFRAW.E",
	"RAFRAW.ED",
	"RAFRAW.ES",
	"RAR.E",
	"RAR.ED",
	"RAR.EE",
	"RAR.ES",
	"RARA.",
	"RARA.S",
	"RARC.E",
	"RARC.ES",
	"RAS.",
	"RAS.D",
	"RAS.DAR",
	"RAS.DARS",
	"RAS.DS",
	"RAS.ED",
	"RAS.EE",
	"RAS.EES",
	"RAS.S",
	"RAS.SAR",
	"RAS.SARS",
	"RASA.",
	"RASC.DAS",
	"RASC.DASES",
	"RASEAC.",
	"RASEAC.S",
	"RASRAS.",
	"RASRAS.S",
	"RAW.",
	"RAW.D",
	"RAW.DED",
	"RAW.DER",
	"RAW.DERED",
	"RAW.DERS",
	"RAW.DRESS",
	"RAW.DRESSES",
	"RAW.DS",
	"RAW.E",
	"RAW.ED",
	"RAW.ES",
	"RAW.FARE",
	"RAW.FARED",
	"RAW.FARES",
	"RAW.RE",
	"RAW.RED",
	"RAW.S",
	"RAWA.D",
	"RAWA.DED",
	"RAWA.DEE",
	"RAWA.DEES",
	"RAWA.DER",
	"RAWA.DERS",
	"RAWA.DS",
	"RAWA.E",
	"RAWA.ER",
	"RAWAES.D",
	"RAWAES.DS",
	"RAWAES.E",
	"RAWAES.ES",
	"RAWD.F",
	"RAWD.FED",
	"RAWD.FER",
	"RAWD.FS",
	"RAWDA.D",
	"RAWDA.DED",
	"RAWDA.DS",
	"RAWDA.E",
	"RAWDA.ES",
	"RAWDER.E",
	"RAWDER.ES",
	"RAWED.",
	"RAWED.S",
	"RAWER.D",
	"RAWER.DED",
	"RAWER.DS",
	"RAWERAC.E",
	"RAWERAC.ES",
	"RAWERACS.E",
	"RAWERACS.ES",
	"RAWES.",
	"RAWES.S",
	"RAWS.D",
	"RAWS.DED",
	"RAWS.DS",
	"RAWS.E",
	"RAWS.F",
	"RAWS.FED",
	"RAWS.FS",
	"RC.ARE",
	"RC.ARES",
	"RC.ASES",
	"RC.ASS",
	"RC.ASSER",
	"RC.AW",
	"RC.AWDAD",
	"RC.AWDADS",
	"RC.AWS",
	"RC.EASE",
	"RC.EASED",
	"RC.EASER",
	"RC.EASERS",
	"RC.EASES",
	"RC.ED",
	"RC.EDS",
	"RC.EE",
	"RC.EED",
	"RC.EEDS",
	"RC.EES",
	"RC.ESS",
	"RC.ESSES",
	"RC.EW",
	"RC.EWE",
	"RC.EWED",
	"RC.EWES",
	"RC.EWS",
	"RCA.E",
	"RCA.ED",
	"RCA.ES",
	"RCAS.A",
	"RCAS.ED",
	"RCAS.EDER",
	"RCED.EW",
	"RCED.EWS",
	"RCS.AE",
	"RCS.AES",
	"RCS.AW",
	"RCS.AWS",
	"RCS.EE",
	"RCS.EED",
	"RCS.EEDS",
	"RCS.EES",
	"RCS.EW",
	"RCS.EWED",
	"RCS.EWER",
	"RCS.EWERS",
	"RCS.EWS",
	"RD.AC",
	"RD.AD",
	"RD.AW",
	"RD.AWCARD",
	"RD.AWCARDS",
	"RD.AWEE",
	"RD.AWEES",
	"RD.AWER",
	"RD.AWERS",
	"RD.AWS",
	"RD.EAD",
	"RD.EADED",
	"RD.EADER",
	"RD.EADERS",
	"RD.EADS",
	"RD.EAR",
	"RD.EARE",
	"RD.EARES",
	"RD.EARS",
	"RD.EE",
	"RD.EED",
	"RD.EER",
	"RD.EES",
	"RD.ERE",
	"RD.ERES",
	"RD.ESS",
	"RD.ESSED",
	"RD.ESSER",
	"RD.ESSERS",
	"RD.ESSES",
	"RD.EW",
	"RDA.AD",
	"RDA.EAD",
	"RDA.EADED",
	"RDA.EADS",
	"RDA.ED",
	"RDAC.E",
	"RDAC.ES",
	"RDDA.ESS",
	"RDDA.ESSED",
	"RDDA.ESSER",
	"RDDA.ESSERS",
	"RDDA.ESSES",
	"RDDAER.ESS",
	"RDER.AW",
	"RDER.AWS",
	"RDER.ESS",
	"RDER.EW",
	"RDRAW.ESS",
	"RDRAW.ESSES",
	"RE.",
	"RE.A",
	"RE.AS",
	"RE.ASE",
	"RE.ASED",
	"RE.ASER",
	"RE.ASERS",
	"RE.ASES",
	"RE.E",
	"RE.ED",
	"RE.ES",
	"RE.F",
	"RE.R",
	"RE.RED",
	"RE.RS",
	"RE.S",
	"RE.SES",
	"REC.E",
	"REC.ED",
	"REC.ES",
	"RECA.",
	"RECA.S",
	"RECAF.",
	"RECAF.S",
	"RECAFED.",
	"RECAFED.S",
	"RECAR.",
	"RECAR.S",
	"RECRAF.",
	"RECRAF.S",
	"RED.E",
	"RED.ED",
	"RED.ES",
	"REDAED.",
	"REDAED.S",
	"REDAER.",
	"REDAER.S",
	"REDAERD.",
	"REDAERD.S",
	"REDAF.",
	"REDAF.S",
	"REDAW.",
	"REDAW.S",
	"REDDA.",
	"REDDA.S",
	"REDDAR.",
	"REDDAS.",
	"REDDAW.",
	"REDDAW.S",
	"REDDER.",
	"REDDER.S",
	"REDDEW.",
	"REDDEW.S",
	"REDEC.",
	"REDEC.S",
	"REDERACS.",
	"REDERCAS.",
	"REDES.",
	"REDES.S",
	"REDRAC.",
	"REDRAC.S",
	"REDRAW.",
	"REDRAW.ED",
	"REDRAW.S",
	"REDRAWA.",
	"REDRAWA.S",
	"REDWAS.",
	"REDWAS.ED",
	"REDWAS.S",
	"REED.",
	"REED.S",
	"REEF.",
	"REEF.S",
	"REERAC.",
	"REERAC.S",
	"REERD.",
	"REERF.",
	"REERF.S",
	"REES.",
	"REES.S",
	"REEW.",
	"REEWS.",
	"REEWS.S",
	"REF.",
	"REF.E",
	"REF.ER",
	"REF.ES",
	"REFAED.",
	"REFAS.",
	"REFAW.",
	"REFAW.ED",
	"REFAW.S",
	"REFED.",
	"REFED.S",
	"REFER.",
	"REFER.S",
	"REFES.",
	"REFRACS.",
	"REFRACS.S",
	"REFRAWD.",
	"RER.EAD",
	"RER.EADS",
	"RERA.E",
	"RERAC.",
	"RERAC.S",
	"RERACS.",
	"RERACS.S",
	"RERAD.",
	"RERAD.S",
	"RERAED.",
	"RERAEF.",
	"RERAEF.S",
	"RERAES.",
	"RERAEW.",
	"RERAEW.S",
	"RERAEWS.",
	"RERAEWS.S",
	"RERAF.",
	"RERAF.S",
	"RERAFAES.",
	"RERAFAES.S",
	"RERAWA.",
	"RERD.E",
	"RERD.ES",
	"REREF.",
	"RERES.",
	"RERF.E",
	"RERF.ES",
	"RES.",
	"RES.A",
	"RES.AC",
	"RES.ACS",
	"RES.E",
	"RES.ED",
	"RES.ER",
	"RES.ES",
	"RES.F",
	"RES.FS",
	"RES.R",
	"RES.RA",
	"RES.RAE",
	"RES.RAS",
	"RES.RE",
	"RES.RED",
	"RES.RES",
	"RES.RS",
	"RES.S",
	"RESAE.",
	"RESAE.S",
	"RESAERC.",
	"RESAERC.S",
	"RESAR.",
	"RESAR.S",
	"RESARE.",
	"RESARE.S",
	"RESAS.",
	"RESAS.S",
	"RESSARC.",
	"RESSEC.",
	"RESSEC.S",
	"RESSERAC.",
	"RESSERAC.S",
	"RESSERD.",
	"RESSERD.S",
	"RESSERDDA.",
	"RESSERDDA.S",
	"REW.E",
	"REWAR.",
	"REWARD.",
	"REWARD.S",
	"REWAS.",
	"REWAS.S",
	"REWE.",
	"REWE.S",
	"REWEF.",
	"REWERCS.",
	"REWERCS.S",
	"REWES.",
	"REWES.S",
	"REWS.F",
	"REWS.FED",
	"REWS.FS",
	"RF.A",
	"RF.ACAS",
	"RF.ACASES",
	"RF.AE",
	"RF.AS",
	"RF.ASS",
	"RF.ASSES",
	"RF.EE",
	"RF.EED",
	"RF.EER",
	"RF.EERS",
	"RF.EES",
	"RF.ERE",
	"RF.ERES",
	"RF.ESCADE",
	"RF.ESCADES",
	"RRA.AS",
	"RRA.ASED",
	"RRA.ASES",
	"RRAC.",
	"RRAC.S",
	"RRACS.E",
	"RRACS.ED",
	"RRACS.ES",
	"RRAD.E",
	"RRAD.ED",
	"RRAD.ES",
	"RRAF.ED",
	"RRAW.E",
	"RRAW.ED",
	"RRE.",
	"RRE.ED",
	"RRE.S",
	"RRES.",
	"RRES.A",
	"RRES.AE",
	"RRES.AS",
	"RRES.E",
	"RRES.ED",
	"RRES.ES",
	"RRES.S",
	"RW.ASSE",
	"RW.ASSES",
	"S.AC",
	"S.ACRA",
	"S.ACRED",
	"S.ACREDER",
	"S.ACS",
	"S.AD",
	"S.ADDED",
	"S.ADDER",
	"S.ADE",
	"S.ADES",
	"S.ADS",
	"S.AE",
	"S.AFE",
	"S.AFED",
	"S.AFER",
	"S.AFES",
	"S.AR",
	"S.ARD",
	"S.ARDAR",
	"S.ARDARS",
	"S.ARDS",
	"S.ARED",
	"S.AREE",
	"S.AREES",
	"S.ARS",
	"S.ARSAR",
	"S.ARSARS",
	"S.ASER",
	"S.ASERS",
	"S.ASS",
	"S.ASSE",
	"S.ASSED",
	"S.AW",
	"S.AWDER",
	"S.AWDERED",
	"S.AWDERS",
	"S.AWED",
	"S.AWER",
	"S.AWERS",
	"S.AWS",
	"S.CAD",
	"S.CADS",
	"S.CAR",
	"S.CARE",
	"S.CARED",
	"S.CAREDER",
	"S.CARER",
	"S.CARERS",
	"S.CARES",
	"S.CAREWARE",
	"S.CAREWARES",
	"S.CARF",
	"S.CARFED",
	"S.CARFER",
	"S.CARFERS",
	"S.CARFS",
	"S.CARRE",
	"S.CARRED",
	"S.CARRES",
	"S.CARS",
	"S.CAW",
	"S.CAWS",
	"S.CRAE",
	"S.CRAES",
	"S.CRAW",
	"S.CRAWS",
	"S.CREE",
	"S.CREED",
	"S.CREEDS",
	"S.CREES",
	"S.CREW",
	"S.CREWED",
	"S.CREWER",
	"S.CREWERS",
	"S.CREWS",
	"S.EA",
	"S.EAFARER",
	"S.EAFARERS",
	"S.EAR",
	"S.EARCE",
	"S.EARCED",
	"S.EARCES",
	"S.EARE",
	"S.EARED",
	"S.EARER",
	"S.EARS",
	"S.EAS",
	"S.EASE",
	"S.EASED",
	"S.EASES",
	"S.EAWARD",
	"S.EAWARDS",
	"S.EAWARE",
	"S.EAWARES",
	"S.EC",
	"S.ECS",
	"S.ED",
	"S.EDER",
	"S.EDERS",
	"S.EDES",
	"S.EE",
	"S.EED",
	"S.EEDS",
	"S.EER",
	"S.EERS",
	"S.EES",
	"S.EESAW",
	"S.EESAWS",
	"S.EFER",
	"S.ER",
	"S.ERA",
	"S.ERAC",
	"S.ERACS",
	"S.ERE",
	"S.ERED",
	"S.ERER",
	"S.ERES",
	"S.ERF",
	"S.ERFS",
	"S.ERR",
	"S.ERRA",
	"S.ERRAE",
	"S.ERRAS",
	"S.ERRE",
	"S.ERRED",
	"S.ERRES",
	"S.ERRS",
	"S.ERS",
	"S.ESE",
	"S.ESS",
	"S.ESSA",
	"S.ESSED",
	"S.EW",
	"S.EWAR",
	"S.EWARS",
	"S.EWED",
	"S.EWER",
	"S.EWERS",
	"S.EWS",
	"S.WAD",
	"S.WADS",
	"S.WARD",
	"S.WARDED",
	"S.WARDS",
	"S.WARE",
	"S.WARF",
	"S.WARFED",
	"S.WARFS",
	"S.WEAR",
	"S.WEARD",
	"S.WEARDS",
	"S.WEARER",
	"S.WEARERS",
	"S.WEARS",
	"S.WEDE",
	"S.WEDES",
	"S.WEE",
	"S.WEED",
	"S.WEER",
	"S.WEERS",
	"S.WEES",
	"S.WERF",
	"S.WERFED",
	"S.WERFS",
	"SA.",
	"SA.AR",
	"SA.CARED",
	"SA.CESES",
	"SA.EA",
	"SA.S",
	"SA.SES",
	"SAA.",
	"SAAC.",
	"SAAF.",
	"SAC.A",
	"SAC.AS",
	"SAC.E",
	"SAC.EASE",
	"SAC.EASES",
	"SAC.ED",
	"SAC.ES",
	"SACARF.",
	"SACARF.ES",
	"SACERA.",
	"SACSAR.SE",
	"SAD.",
	"SADAD.",
	"SADESER.",
	"SADRASC.",
	"SADRASC.ES",
	"SAE.",
	"SAE.E",
	"SAE.ED",
	"SAE.ER",
	"SAE.ERS",
	"SAE.ES",
	"SAEC.",
	"SAEC.E",
	"SAEC.ED",
	"SAEC.ES",
	"SAEF.E",
	"SAEF.ED",
	"SAEF.ES",
	"SAERA.",
	"SAERC.E",
	"SAERC.ED",
	"SAERC.ER",
	"SAERC.ERS",
	"SAERC.ES",
	"SAES.",
	"SAES.E",
	"SAES.ED",
	"SAES.ES",
	"SAESAC.E",
	"SAESAC.ES",
	"SAF.",
	"SAF.CES",
	"SAR.",
	"SAR.CASSE",
	"SAR.E",
	"SAR.ED",
	"SAR.ER",
	"SAR.ERS",
	"SAR.ES",
	"SAR.SE",
	"SAR.SES",
	"SARAFA.",
	"SARC.ES",
	"SARC.S",
	"SARC.SER",
	"SARE.",
	"SARE.E",
	"SARE.ED",
	"SARE.ER",
	"SARE.ERS",
	"SARE.ES",
	"SARF.",
	"SARF.S",
	"SARF.SES",
	"SARRA.",
	"SARRA.ED",
	"SARRA.ES",
	"SARRES.",
	"SARW.SE",
	"SARW.SES",
	"SAS.ER",
	"SAS.ERS",
	"SAS.S",
	"SAS.SE",
	"SAS.SED",
	"SASAC.",
	"SAW.",
	"SAW.E",
	"SAW.ES",
	"SC.ARDAS",
	"SC.ARDASES",
	"SCAAW.",
	"SCARES.",
	"SCAS.",
	"SCER.",
	"SCES.",
	"SCRA.",
	"SDA.",
	"SDAC.",
	"SDACE.",
	"SDACED.",
	"SDACS.",
	"SDAD.",
	"SDADWARC.",
	"SDAED.",
	"SDAER.",
	"SDAERA.",
	"SDAERD.",
	"SDAERDA.",
	"SDAERER.",
	"SDAF.",
	"SDAR.",
	"SDARAF.",
	"SDAS.",
	"SDAW.",
	"SDAWS.",
	"SDDA.",
	"SDDAER.",
	"SDDAW.",
	"SDDER.",
	"SDE.",
	"SDEED.",
	"SDEEF.",
	"SDEER.",
	"SDEERC.",
	"SDEERCS.",
	"SDEES.",
	"SDEEW.",
	"SDEF.",
	"SDER.",
	"SDER.EAR",
	"SDERC.",
	"SDEW.",
	"SDEWER.",
	"SDRA.",
	"SDRAC.",
	"SDRACWARD.",
	"SDRAE.",
	"SDRAEWS.",
	"SDRAF.",
	"SDRAFAC.",
	"SDRAS.",
	"SDRAW.",
	"SDRAWA.",
	"SDRAWAES.",
	"SDRAWDA.",
	"SDRAWER.",
	"SDRAWS.",
	"SDWAD.",
	"SE.",
	"SE.CAR",
	"SE.CARS",
	"SE.ES",
	"SE.S",
	"SE.SE",
	"SE.SES",
	"SEA.C",
	"SEA.CES",
	"SEAC.AR",
	"SEAC.ARS",
	"SEAC.E",
	"SEAD.",
	"SEARCS.",
	"SEAW.",
	"SEC.S",
	"SEC.SE",
	"SEC.SED",
	"SEC.SER",
	"SEC.SERS",
	"SEC.SES",
	"SECA.",
	"SECAD.",
	"SECAF.",
	"SECAFED.",
	"SECAFER.",
	"SECAR.",
	"SECEAF.",
	"SECEF.",
	"SECER.S",
	"SECRAES.",
	"SECRAF.",
	"SECSA.ES",
	"SECSAF.",
	"SECSEA.",
	"SED.SE",
	"SED.SES",
	"SEDAC.",
	"SEDACAF.",
	"SEDACED.",
	"SEDACRA.",
	"SEDACSERF.",
	"SEDAF.",
	"SEDAS.",
	"SEDAW.",
	"SEDEA.",
	"SEDEC.",
	"SEDER.",
	"SEDERA.",
	"SEDES.",
	"SEDEWS.",
	"SEEC.",
	"SEED.",
	"SEEDAC.",
	"SEEDRAWA.",
	"SEEF.",
	"SEER.",
	"SEERAS.",
	"SEERC.",
	"SEERCS.",
	"SEERD.",
	"SEERF.",
	"SEES.",
	"SEES.AW",
	"SEES.AWS",
	"SEEW.",
	"SEEWARD.",
	"SEEWS.",
	"SEF.",
	"SEF.S",
	"SEF.SE",
	"SEF.SED",
	"SEF.SES",
	"SEFAC.",
	"SEFARAC.",
	"SEFAS.",
	"SER.",
	"SER.AW",
	"SER.AWED",
	"SER.AWS",
	"SER.EDA",
	"SER.EDAS",
	"SER.ES",
	"SER.EW",
	"SER.EWS",
	"SERA.",
	"SERAC.",
	"SERAC.S",
	"SERAC.SED",
	"SERAC.SER",
	"SERAC.SERS",
	"SERAC.SES",
	"SERACED.",
	"SERACS.",
	"SERAD.",
	"SERAED.",
	"SERAEF.",
	"SERAERD.",
	"SERAF.",
	"SERAFRAC.",
	"SERAFRAW.",
	"SERAR.",
	"SERARC.",
	"SERAW.",
	"SERAWAES.",
	"SERAWDA.",
	"SERAWDER.",
	"SERAWERAC.",
	"SERAWERACS.",
	"SERC.S",
	"SERC.SES",
	"SERCA.",
	"SERD.S",
	"SERD.SED",
	"SERD.SER",
	"SERD.SERS",
	"SERD.SES",
	"SERDAC.",
	"SERDDA.S",
	"SERDDA.SED",
	"SERDDA.SER",
	"SERDDA.SERS",
	"SERDDA.SES",
	"SERDDAER.S",
	"SERDER.S",
	"SERDRAW.S",
	"SERDRAW.SES",
	"SERE.",
	"SEREC.",
	"SERED.",
	"SEREF.",
	"SERERD.",
	"SERERF.",
	"SERES.",
	"SERF.CADE",
	"SERF.CADES",
	"SERRACS.",
	"SERRAD.",
	"SERRES.",
	"SES.E",
	"SES.S",
	"SES.SA",
	"SES.SED",
	"SESAC.",
	"SESACARF.",
	"SESADRASC.",
	"SESAE.",
	"SESAEC.",
	"SESAEF.",
	"SESAERC.",
	"SESAES.",
	"SESAESAC.",
	"SESAR.",
	"SESARC.",
	"SESARE.",
	"SESARRA.",
	"SESAW.",
	"SESE.",
	"SESECSA.",
	"SESER.",
	"SESRA.",
	"SESRAC.",
	"SESRAF.",
	"SESRE.",
	"SESSA.",
	"SESSAR.",
	"SESSARF.",
	"SESSARW.",
	"SESSE.",
	"SESSEC.",
	"SESSED.",
	"SESSEF.",
	"SESSERAC.",
	"SESSERC.",
	"SESSERD.",
	"SESSERDDA.",
	"SESSERDRAW.",
	"SEWA.",
	"SEWE.",
	"SEWERC.",
	"SFAC.",
	"SFACED.",
	"SFARAD.",
	"SFE.",
	"SFEER.",
	"SFER.",
	"SFRA.",
	"SFRACS.",
	"SFRAWD.",
	"SFRAWS.",
	"SFRES.",
	"SFREWS.",
	"SRA.",
	"SRA.E",
	"SRA.ED",
	"SRA.ES",
	"SRAC.",
	"SRAC.E",
	"SRAC.ES",
	"SRACS.",
	"SRACSE.",
	"SRADAR.",
	"SRADEC.",
	"SRADRAS.",
	"SRAE.",
	"SRAED.",
	"SRAEDER.",
	"SRAEF.",
	"SRAEFA.",
	"SRAER.",
	"SRAERA.",
	"SRAERD.",
	"SRAES.",
	"SRAEW.",
	"SRAEWER.",
	"SRAEWS.",
	"SRAF.",
	"SRAF.E",
	"SRAF.ED",
	"SRAF.ES",
	"SRAFA.",
	"SRARA.",
	"SRAS.",
	"SRAS.AR",
	"SRAS.ARS",
	"SRASEAC.",
	"SRASRAS.",
	"SRAW.",
	"SRAWED.",
	"SRAWES.",
	"SRE.",
	"SRE.ES",
	"SRECA.",
	"SRECAF.",
	"SRECAFED.",
	"SRECAR.",
	"SRECRAF.",
	"SREDAED.",
	"SREDAER.",
	"SREDAERD.",
	"SREDAF.",
	"SREDAW.",
	"SREDDA.",
	"SREDDAW.",
	"SREDDER.",
	"SREDDEW.",
	"SREDEC.",
	"SREDES.",
	"SREDRAC.",
	"SREDRAW.",
	"SREDRAWA.",
	"SREDWAS.",
	"SREED.",
	"SREEF.",
	"SREERAC.",
	"SREERF.",
	"SREES.",
	"SREEWS.",
	"SREFAW.",
	"SREFED.",
	"SREFER.",
	"SREFRACS.",
	"SRERAC.",
	"SRERACS.",
	"SRERAD.",
	"SRERAEF.",
	"SRERAEW.",
	"SRERAEWS.",
	"SRERAF.",
	"SRERAFAES.",
	"SRES.",
	"SRESAE.",
	"SRESAERC.",
	"SRESAR.",
	"SRESARE.",
	"SRESAS.",
	"SRESSEC.",
	"SRESSERAC.",
	"SRESSERD.",
	"SRESSERDDA.",
	"SREWARD.",
	"SREWAS.",
	"SREWE.",
	"SREWERCS.",
	"SREWES.",
	"SRRAC.",
	"SRRE.",
	"SRRES.",
	"SSA.",
	"SSA.ES",
	"SSACSAR.E",
	"SSAR.E",
	"SSAR.ES",
	"SSARC.",
	"SSARC.ER",
	"SSARF.",
	"SSARF.ES",
	"SSARW.E",
	"SSARW.ES",
	"SSAS.",
	"SSAS.E",
	"SSAS.ED",
	"SSE.",
	"SSE.E",
	"SSE.ES",
	"SSEC.",
	"SSEC.E",
	"SSEC.ED",
	"SSEC.ER",
	"SSEC.ERS",
	"SSEC.ES",
	"SSECER.",
	"SSED.E",
	"SSED.ES",
	"SSEF.",
	"SSEF.E",
	"SSEF.ED",
	"SSEF.ES",
	"SSERAC.",
	"SSERAC.ED",
	"SSERAC.ER",
	"SSERAC.ERS",
	"SSERAC.ES",
	"SSERC.",
	"SSERC.ES",
	"SSERD.",
	"SSERD.ED",
	"SSERD.ER",
	"SSERD.ERS",
	"SSERD.ES",
	"SSERDDA.",
	"SSERDDA.ED",
	"SSERDDA.ER",
	"SSERDDA.ERS",
	"SSERDDA.ES",
	"SSERDDAER.",
	"SSERDER.",
	"SSERDRAW.",
	"SSERDRAW.ES",
	"SSES.",
	"SSES.A",
	"SSES.ED",
	"SWAC.",
	"SWACS.",
	"SWAD.",
	"SWADA.",
	"SWAED.",
	"SWAF.",
	"SWAR.",
	"SWARC.",
	"SWARCS.",
	"SWARD.",
	"SWARDER.",
	"SWAS.",
	"SWASEES.",
	"SWASER.",
	"SWED.",
	"SWEF.",
	"SWER.",
	"SWERC.",
	"SWERCED.",
	"SWERCS.",
	"SWES.",
	"SWESER.",
	"W.AAC",
	"W.AACS",
	"W.AD",
	"W.ADD",
	"W.ADDED",
	"W.ADDER",
	"W.ADDERS",
	"W.ADDS",
	"W.ADE",
	"W.ADED",
	"W.ADER",
	"W.ADERS",
	"W.ADES",
	"W.ADS",
	"W.AE",
	"W.AES",
	"W.AFER",
	"W.AFERED",
	"W.AFERS",
	"W.AR",
	"W.ARD",
	"W.ARDED",
	"W.ARDER",
	"W.ARDERED",
	"W.ARDERS",
	"W.ARDRESS",
	"W.ARDRESSES",
	"W.ARDS",
	"W.ARE",
	"W.ARED",
	"W.ARES",
	"W.ARFARE",
	"W.ARFARED",
	"W.ARFARES",
	"W.ARRE",
	"W.ARRED",
	"W.ARS",
	"W.AS",
	"W.ASE",
	"W.ASES",
	"W.E",
	"W.EAR",
	"W.EARED",
	"W.EARER",
	"W.EARERS",
	"W.EARS",
	"W.ED",
	"W.EDDED",
	"W.EDDER",
	"W.EDDERS",
	"W.EDS",
	"W.EE",
	"W.EED",
	"W.EEDS",
	"W.EER",
	"W.EES",
	"W.ERE",
	"W.RASSE",
	"W.RASSES",
	"WA.",
	"WA.A",
	"WA.ARD",
	"WA.ARDED",
	"WA.ARDEE",
	"WA.ARDEES",
	"WA.ARDER",
	"WA.ARDERS",
	"WA.ARDS",
	"WA.ARE",
	"WA.ARER",
	"WA.E",
	"WA.ED",
	"WA.EE",
	"WA.ES",
	"WAC.",
	"WAC.ED",
	"WAC.S",
	"WACS.",
	"WACS.S",
	"WAD.",
	"WAD.D",
	"WAD.DED",
	"WAD.DS",
	"WAD.ED",
	"WAD.S",
	"WADA.",
	"WADA.ED",
	"WADA.S",
	"WAED.",
	"WAED.ED",
	"WAED.S",
	"WAES.ARD",
	"WAES.ARDS",
	"WAES.ARE",
	"WAES.ARES",
	"WAF.",
	"WAF.S",
	"WAR.",
	"WAR.ER",
	"WAR.S",
	"WARC.",
	"WARC.DAD",
	"WARC.DADS",
	"WARC.S",
	"WARCS.",
	"WARCS.S",
	"WARD.",
	"WARD.CARD",
	"WARD.CARDS",
	"WARD.EE",
	"WARD.EES",
	"WARD.ER",
	"WARD.ERS",
	"WARD.S",
	"WARDER.",
	"WARDER.S",
	"WAS.",
	"WAS.DER",
	"WAS.DERED",
	"WAS.DERS",
	"WAS.ED",
	"WAS.ER",
	"WAS.ERS",
	"WAS.S",
	"WASEES.",
	"WASEES.S",
	"WASER.",
	"WASER.ED",
	"WASER.S",
	"WD.ARF",
	"WD.ARFED",
	"WD.ARFER",
	"WD.ARFS",
	"WDA.ARD",
	"WDA.ARDED",
	"WDA.ARDS",
	"WDA.ARE",
	"WDA.ARES",
	"WDER.ARE",
	"WDER.ARES",
	"WE.",
	"WE.E",
	"WE.ER",
	"WE.ERS",
	"WE.ES",
	"WED.",
	"WED.AR",
	"WED.ARS",
	"WED.ED",
	"WED.S",
	"WEE.",
	"WEF.",
	"WEF.ER",
	"WEF.S",
	"WER.",
	"WER.ARD",
	"WER.ARDED",
	"WER.ARDS",
	"WER.EAR",
	"WER.EARS",
	"WER.ED",
	"WER.EDS",
	"WER.S",
	"WERA.",
	"WERAC.ARE",
	"WERAC.ARES",
	"WERACS.ARE",
	"WERACS.ARES",
	"WERC.",
	"WERC.E",
	"WERC.ED",
	"WERC.ES",
	"WERC.S",
	"WERCED.",
	"WERCED.S",
	"WERCS.",
	"WERCS.ED",
	"WERCS.ER",
	"WERCS.ERS",
	"WERCS.S",
	"WERD.",
	"WERDER.",
	"WES.",
	"WES.AR",
	"WES.ARS",
	"WES.ED",
	"WES.ER",
	"WES.ERS",
	"WES.S",
	"WESER.",
	"WESER.S",
	"WS.AD",
	"WS.ADS",
	"WS.ARD",
	"WS.ARDED",
	"WS.ARDS",
	"WS.ARE",
	"WS.ARF",
	"WS.ARFED",
	"WS.ARFS",
	"WS.EAR",
	"WS.EARD",
	"WS.EARDS",
	"WS.EARER",
	"WS.EARERS",
	"WS.EARS",
	"WS.EDE",
	"WS.EDES",
	"WS.EE",
	"WS.EED",
	"WS.EER",
	"WS.EERS",
	"WS.EES",
	"WS.ERF",
	"WS.ERFED",
	"WS.ERFS"
]