[
	"A.D",
	"A.DS",
	"A.E",
	"A.R",
	"A.RD",
	"A.RDS",
	"A.RE",
	"A.RED",
	"A.RES",
	"A.REW",
	"A.RS",
	"A.RSE",
	"A.RSED",
	"A.RSES",
	"A.S",
	"A.SS",
	"A.W",
	"A.WE",
	"A.WED",
	"A.WES",
	"AD.",
	"AD.E",
	"AD.ES",
	"AD.RE",
	"AD.RES",
	"AD.S",
	"AD.W",
	"AD.WS",
	"AE.",
	"AE.R",
	"AE.RD",
	"AE.RDS",
	"AE.RS",
	"AE.S",
	"AED.R",
	"AED.RS",
	"AED.W",
	"AED.WS",
	"AER.D",
	"AER.DS",
	"AES.",
	"AES.R",
	"AES.RS",
	"AES.S",
	"AEW.R",
	"AEW.RS",
	"AEWS.R",
	"AEWS.RD",
	"AEWS.RDS",
	"AEWS.RS",
	"AR.D",
	"AR.DE",
	"AR.DS",
	"AR.S",
	"AR.SE",
	"AR.SED",
	"AR.SES",
	"AR.SSE",
	"AR.W",
	"AR.WS",
	"ARD.W",
	"ARD.WS",
	"ARE.",
	"ARE.S",
	"ARES.",
	"ARW.SSE",
	"AS.D",
	"AS.DE",
	"AS.DES",
	"AS.DS",
	"AS.E",
	"AS.R",
	"AS.RD",
	"AS.RDS",
	"AS.RED",
	"AS.RS",
	"AS.SER",
	"AS.W",
	"AS.WDER",
	"AS.WDERS",
	"AS.WED",
	"AS.WER",
	"AS.WERS",
	"AS.WS",
	"ASER.W",
	"ASER.WS",
	"AW.D",
	"AW.DE",
	"AW.DER",
	"AW.DERS",
	"AW.DES",
	"AW.DS",
	"AW.E",
	"AW.ES",
	"AW.R",
	"AW.RD",
	"AW.RDS",
	"AW.RE",
	"AW.RED",
	"AW.RES",
	"AW.RS",
	"AW.S",
	"AW.SE",
	"AW.SES",
	"AWED.R",
	"AWED.RS",
	"AWES.R",
	"AWES.RS",
	"AWS.D",
	"AWS.DS",
	"AWS.RD",
	"AWS.RDS",
	"AWS.RE",
	"D.A",
	"D.AE",
	"D.AES",
	"D.ARE",
	"D.ARES",
	"D.AS",
	"D.AW",
	"D.AWS",
	"D.E",
	"D.EAR",
	"D.EARS",
	"D.EAW",
	"D.EAWS",
	"D.EW",
	"D.EWAR",
	"D.EWARS",
	"D.EWS",
	"D.RAW",
	"D.RAWS",
	"D.RESS",
	"D.REW",
	"DA.",
	"DA.S",
	"DAER.",
	"DAER.S",
	"DAR.",
	"DAR.E",
	"DAR.S",
	"DAS.",
	"DAS.E",
	"DAS.ES",
	"DAS.S",
	"DAW.",
	"DAW.E",
	"DAW.ER",
	"DAW.ERS",
	"DAW.ES",
	"DAW.S",
	"DAWS.",
	"DAWS.S",
	"DE.",
	"DE.S",
	"DER.",
	"DER.S",
	"DERA.",
	"DERAS.",
	"DERAW.",
	"DES.",
	"DESAR.",
	"DESRA.",
	"DEW.",
	"DEW.S",
	"DEWA.",
	"DEWAS.",
	"DRA.",
	"DRA.S",
	"DRAE.",
	"DRAE.S",
	"DRAEWS.",
	"DRAEWS.S",
	"DRAS.",
	"DRAS.S",
	"DRAW.",
	"DRAW.S",
	"DRAWS.",
	"DRAWS.S",
	"DWAS.ER",
	"DWAS.ERS",
	"E.A",
	"E.AR",
	"E.ARD",
	"E.ARDS",
	"E.ARS",
	"E.AS",
	"E.D",
	"E.DS",
	"E.R",
	"E.RA",
	"E.RAS",
	"E.RS",
	"E.S",
	"E.SS",
	"E.W",
	"EA.",
	"EAD.",
	"EAD.S",
	"EAS.",
	"EAW.",
	"EAW.S",
	"ED.",
	"ED.AR",
	"ED.ARS",
	"ED.AW",
	"ED.AWS",
	"ED.W",
	"ED.WAR",
	"ED.WARS",
	"ED.WS",
	"EDAR.",
	"EDAS.",
	"EDAS.S",
	"EDAW.",
	"EDAW.R",
	"EDAW.RS",
	"EDAW.S",
	"EDWAS.R",
	"EDWAS.RS",
	"ER.",
	"ER.AD",
	"ER.ADS",
	"ER.D",
	"ER.DS",
	"ER.S",
	"ER.SAW",
	"ER.SAWS",
	"ER.W",
	"ER.WS",
	"ERA.",
	"ERA.D",
	"ERA.S",
	"ERA.W",
	"ERAD.",
	"ERAD.S",
	"ERAS.D",
	"ERAW.",
	"ERAW.D",
	"ERAW.S",
	"ERAWS.",
	"ERD.SS",
	"ERD.W",
	"ES.A",
	"ES.AR",
	"ES.ARS",
	"ES.AS",
	"ES.D",
	"ES.R",
	"ES.RA",
	"ES.RS",
	"ES.W",
	"ES.WAR",
	"ES.WARS",
	"ES.WS",
	"ESAR.",
	"ESAR.D",
	"ESAR.S",
	"ESAS.R",
	"ESAW.",
	"ESAW.S",
	"ESRA.",
	"ESRA.D",
	"ESRA.S",
	"ESSAR.",
	"ESSARW.",
	"EW.",
	"EW.AR",
	"EW.ARS",
	"EW.D",
	"EW.DS",
	"EWA.",
	"EWA.D",
	"EWA.S",
	"EWAS.D",
	"EWAS.R",
	"EWAS.RS",
	"EWS.AR",
	"EWS.ARD",
	"EWS.ARDS",
	"EWS.ARS",
	"R.AD",
	"R.ADE",
	"R.ADS",
	"R.AS",
	"R.ASE",
	"R.ASED",
	"R.ASES",
	"R.ASSE",
	"R.AW",
	"R.AWS",
	"R.E",
	"R.EAD",
	"R.EADS",
	"R.ED",
	"R.EDS",
	"R.ES",
	"R.ESAW",
	"R.ESAWS",
	"R.EW",
	"R.EWS",
	"RA.",
	"RA.D",
	"RA.DS",
	"RA.E",
	"RA.ED",
	"RA.ES",
	"RA.EW",
	"RA.S",
	"RA.SE",
	"RA.SED",
	"RA.SES",
	"RAD.E",
	"RAD.ES",
	"RAE.",
	"RAE.D",
	"RAE.DS",
	"RAE.S",
	"RAED.",
	"RAED.S",
	"RAES.",
	"RAES.S",
	"RAEW.",
	"RAEW.S",
	"RAEWS.",
	"RAEWS.D",
	"RAEWS.DS",
	"RAEWS.S",
	"RAS.",
	"RAS.D",
	"RAS.DS",
	"RAS.ED",
	"RAS.S",
	"RAW.",
	"RAW.D",
	"RAW.DS",
	"RAW.E",
	"RAW.ED",
	"RAW.ES",
	"RAW.S",
	"RAWED.",
	"RAWED.S",
	"RAWES.",
	"RAWES.S",
	"RAWS.D",
	"RAWS.DS",
	"RAWS.E",
	"RD.AW",
	"RD.AWS",
	"RD.ESS",
	"RD.EW",
	"RE.",
	"RE.A",
	"RE.AS",
	"RE.S",
	"REDAW.",
	"REDAW.S",
	"REDWAS.",
	"REDWAS.S",
	"RES.",
	"RES.A",
	"RES.S",
	"RESAS.",
	"REWAS.",
	"REWAS.S",
	"RW.ASSE",
	"S.AD",
	"S.ADE",
	"S.ADES",
	"S.ADS",
	"S.AE",
	"S.AR",
	"S.ARD",
	"S.ARDS",
	"S.ARED",
	"S.ARS",
	"S.ASER",
	"S.AW",
	"S.AWDER",
	"S.AWDERS",
	"S.AWED",
	"S.AWER",
	"S.AWERS",
	"S.AWS",
	"S.EA",
	"S.EAR",
	"S.EARS",
	"S.EAS",
	"S.ED",
	"S.ER",
	"S.ERA",
	"S.ERS",
	"S.EW",
	"S.EWAR",
	"S.EWARS",
	"S.EWS",
	"S.WAD",
	"S.WADS",
	"S.WARD",
	"S.WARDS",
	"S.WARE",
	"S.WEAR",
	"S.WEARD",
	"S.WEARDS",
	"S.WEARS",
	"SA.",
	"SA.S",
	"SAD.",
	"SAE.",
	"SAES.",
	"SAR.",
	"SAR.E",
	"SAR.ED",
	"SAR.ES",
	"SAR.SE",
	"SARE.",
	"SARW.SE",
	"SAS.ER",
	"SAW.",
	"SAW.E",
	"SAW.ES",
	"SDA.",
	"SDAER.",
	"SDAR.",
	"SDAS.",
	"SDAW.",
	"SDAWS.",
	"SDE.",
	"SDER.",
	"SDEW.",
	"SDRA.",
	"SDRAE.",
	"SDRAEWS.",
	"SDRAS.",
	"SDRAW.",
	"SDRAWS.",
	"SE.",
	"SE.S",
	"SEAD.",
	"SEAW.",
	"SEDAS.",
	"SEDAW.",
	"SER.",
	"SER.AW",
	"SER.AWS",
	"SERA.",
	"SERAD.",
	"SERAW.",
	"SERD.S",
	"SESAR.",
	"SESAW.",
	"SESRA.",
	"SEWA.",
	"SRA.",
	"SRA.E",
	"SRA.ED",
	"SRA.ES",
	"SRAE.",
	"SRAED.",
	"SRAES.",
	"SRAEW.",
	"SRAEWS.",
	"SRAS.",
	"SRAW.",
	"SRAWED.",
	"SRAWES.",
	"SRE.",
	"SREDAW.",
	"SREDWAS.",
	"SRES.",
	"SREWAS.",
	"SSA.",
	"SSAR.E",
	"SSARW.E",
	"SSE.",
	"SSERD.",
	"SWAD.",
	"SWAED.",
	"SWAR.",
	"SWARD.",
	"SWAS.",
	"SWASER.",
	"SWED.",
	"SWER.",
	"SWES.",
	"W.AD",
	"W.ADE",
	"W.ADER",
	"W.ADERS",
	"W.ADES",
	"W.ADS",
	"W.AE",
	"W.AES",
	"W.AR",
	"W.ARD",
	"W.ARDS",
	"W.ARE",
	"W.ARED",
	"W.ARES",
	"W.ARS",
	"W.AS",
	"W.ASE",
	"W.ASES",
	"W.E",
	"W.EAR",
	"W.EARS",
	"W.ED",
	"W.EDS",
	"W.RASSE",
	"WA.",
	"WA.E",
	"WA.ED",
	"WA.ES",
	"WAD.",
	"WAD.S",
	"WAED.",
	"WAED.S",
	"WAR.",
	"WAR.S",
	"WARD.",
	"WARD.S",
	"WAS.",
	"WAS.DER",
	"WAS.DERS",
	"WAS.ED",
	"WAS.ER",
	"WAS.ERS",
	"WAS.S",
	"WASER.",
	"WASER.S",
	"WE.",
	"WED.",
	"WED.AR",
	"WED.ARS",
	"WED.S",
	"WER.",
	"WER.S",
	"WERA.",
	"WERD.",
	"WES.",
	"WES.AR",
	"WES.ARS",
	"WES.S",
	"WS.AD",
	"WS.ADS",
	"WS.ARD",
	"WS.ARDS",
	"WS.ARE",
	"WS.EAR",
	"WS.EARD",
	"WS.EARDS",
	"WS.EARS"
]