{
	"Bag": [
		95,
		101,
		101,
		101,
		101,
		101,
		101,
		101,
		101,
		101,
		101,
		101,
		101,
		97,
		97,
		97,
		97,
		97,
		97,
		97,
		97,
		97,
		105,
		105,
		105,
		105,
		105,
		105,
		105,
		111,
		111,
		111,
		111,
		111,
		111,
		111,
		111,
		110,
		110,
		110,
		110,
		110,
		110,
		114,
		114,
		114,
		114,
		114,
		114,
		116,
		116,
		116,
		116,
		116,
		116,
		108,
		108,
		108,
		115,
		115,
		115,
		115,
		117,
		117,
		117,
		117,
		100,
		100,
		100,
		100,
		103,
		103,
		103,
		98,
		98,
		99,
		99,
		109,
		109,
		112,
		112,
		102,
		102,
		104,
		104,
		118,
		118,
		119,
		119,
		121,
		121,
		107,
		106,
		120,
		120,
		120,
		120,
		120
	],
	"LetterValues": {
		"100": 2,
		"101": 1,
		"102": 4,
		"103": 2,
		"104": 4,
		"105": 1,
		"106": 8,
		"107": 5,
		"108": 1,
		"109": 3,
		"110": 1,
		"111": 1,
		"112": 3,
		"114": 1,
		"115": 1,
		"116": 1,
		"117": 1,
		"118": 4,
		"119": 4,
		"120": 8,
		"121": 4,
		"95": 0,
		"97": 1,
		"98": 3,
		"99": 3
	},
	"Board": [
		[
			{
				"Letter": 0,
				"TileType": 87
			},
			{
				"Letter": 0,
				"TileType": 48
			},
			{
				"Letter": 0,
				"TileType": 119
			},
			{
				"Letter": 0,
				"TileType": 48
			},
			{
				"Letter": 0,
				"TileType": 87
			}
		],
		[
			{
				"Letter": 97,
				"TileType": 48
			},
			{
				"Letter": 0,
				"TileType": 76
			},
			{
				"Letter": 0,
				"TileType": 48
			},
			{
				"Letter": 0,
				"TileType": 76
			},
			{
				"Letter": 119,
				"TileType": 48
			}
		],
		[
			{
				"Letter": 108,
				"TileType": 87
			},
			{
				"Letter": 0,
				"TileType": 48
			},
			{
				"Letter": 0,
				"TileType": 115
			},
			{
				"Letter": 0,
				"TileType": 48
			},
			{
				"Letter": 111,
				"TileType": 87
			}
		],
		[
			{
				"Letter": 108,
				"TileType": 48
			},
			{
				"Letter": 111,
				"TileType": 76
			},
			{
				"Letter": 118,
				"TileType": 48
			},
			{
				"Letter": 101,
				"TileType": 76
			},
			{
				"Letter": 114,
				"TileType": 48
			}
		],
		[
			{
				"Letter": 0,
				"TileType": 87
			},
			{
				"Letter": 0,
				"TileType": 48
			},
			{
				"Letter": 0,
				"TileType": 119
			},
			{
				"Letter": 0,
				"TileType": 48
			},
			{
				"Letter": 100,
				"TileType": 87
			}
		]
	],
	"Dictionary": {},
	"Players": [
		{
			"Name": "First",
			"Rack": {
				"Letters": [
					99,
					100,
					115,
					113,
					105,
					108,
					105,
					95
				],
				"RackSize": 8
			},
			"Points": 80
		}
	],
	"Round": 1
}