{
	"IsWord": false,
	"Children": {
		"66": {
			"IsWord": false,
			"Children": {
				"46": {
					"IsWord": false,
					"Children": {
						"79": {
							"IsWord": false,
							"Children": {
								"79": {
									"IsWord": false,
									"Children": {
										"75": {
											"IsWord": true,
											"Children": {
												"83": {
													"IsWord": true,
													"Children": {}
												}
											}
										}
									}
								},
								"83": {
									"IsWord": false,
									"Children": {
										"83": {
											"IsWord": true,
											"Children": {}
										}
									}
								}
							}
						}
					}
				}
			}
		},
		"68": {
			"IsWord": false,
			"Children": {
				"82": {
					"IsWord": false,
					"Children": {
						"79": {
							"IsWord": false,
							"Children": {
								"87": {
									"IsWord": false,
									"Children": {
										"46": {
											"IsWord": true,
											"Children": {
												"83": {
													"IsWord": true,
													"Children": {}
												}
											}
										}
									}
								}
							}
						}
					}
				}
			}
		},
		"69": {
			"IsWord": false,
			"Children": {
				"76": {
					"IsWord": false,
					"Children": {
						"72": {
							"IsWord": false,
							"Children": {
								"84": {
									"IsWord": false,
									"Children": {
										"82": {
											"IsWord": false,
											"Children": {
												"79": {
													"IsWord": false,
													"Children": {
														"87": {
															"IsWord": false,
															"Children": {
																"46": {
																	"IsWord": false,
																	"Children": {
																		"83": {
																			"IsWord": false,
																			"Children": {
																				"83": {
																					"IsWord": true,
																					"Children": {}
																				}
																			}
																		}
																	}
																}
															}
														}
													}
												}
											}
										}
									}
								}
							}
						}
					}
				},
				"86": {
					"IsWord": false,
					"Children": {
						"79": {
							"IsWord": false,
							"Children": {
								"76": {
									"IsWord": false,
									"Children": {
										"46": {
											"IsWord": false,
											"Children": {
												"82": {
													"IsWord": true,
													"Children": {}
												}
											}
										}
									}
								}
							}
						}
					}
				},
				"87": {
					"IsWord": false,
					"Children": {
						"46": {
							"IsWord": false,
							"Children": {
								"83": {
									"IsWord": false,
									"Children": {
										"84": {
											"IsWord": true,
											"Children": {}
										}
									}
								}
							}
						}
					}
				}
			}
		},
		"70": {
			"IsWord": false,
			"Children": {
				"72": {
					"IsWord": false,
					"Children": {
						"84": {
							"IsWord": false,
							"Children": {
								"82": {
									"IsWord": false,
									"Children": {
										"79": {
											"IsWord": false,
											"Children": {
												"87": {
													"IsWord": false,
													"Children": {
														"46": {
															"IsWord": false,
															"Children": {
																"85": {
																	"IsWord": false,
																	"Children": {
																		"76": {
																			"IsWord": true,
																			"Children": {}
																		}
																	}
																}
															}
														}
													}
												}
											}
										}
									}
								}
							}
						}
					}
				}
			}
		},
		"72": {
			"IsWord": false,
			"Children": {
				"84": {
					"IsWord": false,
					"Children": {
						"82": {
							"IsWord": false,
							"Children": {
								"79": {
									"IsWord": false,
									"Children": {
										"87": {
											"IsWord": false,
											"Children": {
												"46": {
													"IsWord": false,
													"Children": {
														"70": {
															"IsWord": false,
															"Children": {
																"85": {
																	"IsWord": false,
																	"Children": {
																		"76": {
																			"IsWord": true,
																			"Children": {}
																		}
																	}
																}
															}
														},
														"76": {
															"IsWord": false,
															"Children": {
																"69": {
																	"IsWord": false,
																	"Children": {
																		"83": {
																			"IsWord": false,
																			"Children": {
																				"83": {
																					"IsWord": true,
																					"Children": {}
																				}
																			}
																		}
																	}
																}
															}
														}
													}
												}
											}
										}
									}
								}
							}
						}
					}
				}
			}
		},
		"75": {
			"IsWord": false,
			"Children": {
				"79": {
					"IsWord": false,
					"Children": {
						"79": {
							"IsWord": false,
							"Children": {
								"66": {
									"IsWord": false,
									"Children": {
										"46": {
											"IsWord": true,
											"Children": {
												"83": {
													"IsWord": true,
													"Children": {}
												}
											}
										}
									}
								}
							}
						}
					}
				},
				"82": {
					"IsWord": false,
					"Children": {
						"79": {
							"IsWord": false,
							"Children": {
								"87": {
									"IsWord": false,
									"Children": {
										"46": {
											"IsWord": true,
											"Children": {}
										}
									}
								}
							}
						}
					}
				}
			}
		},
		"76": {
			"IsWord": false,
			"Children": {
				"46": {
					"IsWord": false,
					"Children": {
						"79": {
							"IsWord": false,
							"Children": {
								"86": {
									"IsWord": false,
									"Children": {
										"69": {
											"IsWord": false,
											"Children": {
												"82": {
													"IsWord": true,
													"Children": {}
												}
											}
										}
									}
								}
							}
						}
					}
				},
				"72": {
					"IsWord": false,
					"Children": {
						"84": {
							"IsWord": false,
							"Children": {
								"82": {
									"IsWord": false,
									"Children": {
										"79": {
											"IsWord": false,
											"Children": {
												"87": {
													"IsWord": false,
													"Children": {
														"46": {
															"IsWord": false,
															"Children": {
																"69": {
																	"IsWord": false,
																	"Children": {
																		"83": {
																			"IsWord": false,
																			"Children": {
																				"83": {
																					"IsWord": true,
																					"Children": {}
																				}
																			}
																		}
																	}
																}
															}
														}
													}
												}
											}
										}
									}
								}
							}
						}
					}
				},
				"85": {
					"IsWord": false,
					"Children": {
						"70": {
							"IsWord": false,
							"Children": {
								"72": {
									"IsWord": false,
									"Children": {
										"84": {
											"IsWord": false,
											"Children": {
												"82": {
													"IsWord": false,
													"Children": {
														"79": {
															"IsWord": false,
															"Children": {
																"87": {
																	"IsWord": false,
																	"Children": {
																		"46": {
																			"IsWord": true,
																			"Children": {}
																		}
																	}
																}
															}
														}
													}
												}
											}
										}
									}
								}
							}
						}
					}
				}
			}
		},
		"79": {
			"IsWord": false,
			"Children": {
				"66": {
					"IsWord": false,
					"Children": {
						"46": {
							"IsWord": false,
							"Children": {
								"79": {
									"IsWord": false,
									"Children": {
										"75": {
											"IsWord": true,
											"Children": {
												"83": {
													"IsWord": true,
													"Children": {}
												}
											}
										}
									}
								},
								"83": {
									"IsWord": false,
									"Children": {
										"83": {
											"IsWord": true,
											"Children": {}
										}
									}
								}
							}
						}
					}
				},
				"76": {
					"IsWord": false,
					"Children": {
						"46": {
							"IsWord": false,
							"Children": {
								"86": {
									"IsWord": false,
									"Children": {
										"69": {
											"IsWord": false,
											"Children": {
												"82": {
													"IsWord": true,
													"Children": {}
												}
											}
										}
									}
								}
							}
						}
					}
				},
				"79": {
					"IsWord": false,
					"Children": {
						"66": {
							"IsWord": false,
							"Children": {
								"46": {
									"IsWord": false,
									"Children": {
										"75": {
											"IsWord": true,
											"Children": {
												"83": {
													"IsWord": true,
													"Children": {}
												}
											}
										}
									}
								}
							}
						}
					}
				},
				"83": {
					"IsWord": false,
					"Children": {
						"46": {
							"IsWord": false,
							"Children": {
								"83": {
									"IsWord": true,
									"Children": {}
								}
							}
						}
					}
				},
				"87": {
					"IsWord": false,
					"Children": {
						"46": {
							"IsWord": false,
							"Children": {
								"82": {
									"IsWord": false,
									"Children": {
										"68": {
											"IsWord": true,
											"Children": {
												"83": {
													"IsWord": true,
													"Children": {}
												}
											}
										},
										"75": {
											"IsWord": true,
											"Children": {}
										},
										"84": {
											"IsWord": false,
											"Children": {
												"72": {
													"IsWord": false,
													"Children": {
														"70": {
															"IsWord": false,
															"Children": {
																"85": {
																	"IsWord": false,
																	"Children": {
																		"76": {
																			"IsWord": true,
																			"Children": {}
																		}
																	}
																}
															}
														},
														"76": {
															"IsWord": false,
															"Children": {
																"69": {
																	"IsWord": false,
																	"Children": {
																		"83": {
																			"IsWord": false,
																			"Children": {
																				"83": {
																					"IsWord": true,
																					"Children": {}
																				}
																			}
																		}
																	}
																}
															}
														}
													}
												}
											}
										}
									}
								}
							}
						}
					}
				}
			}
		},
		"82": {
			"IsWord": false,
			"Children": {
				"69": {
					"IsWord": false,
					"Children": {
						"86": {
							"IsWord": false,
							"Children": {
								"79": {
									"IsWord": false,
									"Children": {
										"76": {
											"IsWord": false,
											"Children": {
												"46": {
													"IsWord": true,
													"Children": {}
												}
											}
										}
									}
								}
							}
						}
					}
				},
				"79": {
					"IsWord": false,
					"Children": {
						"87": {
							"IsWord": false,
							"Children": {
								"46": {
									"IsWord": false,
									"Children": {
										"68": {
											"IsWord": true,
											"Children": {
												"83": {
													"IsWord": true,
													"Children": {}
												}
											}
										},
										"75": {
											"IsWord": true,
											"Children": {}
										},
										"84": {
											"IsWord": false,
											"Children": {
												"72": {
													"IsWord": false,
													"Children": {
														"70": {
															"IsWord": false,
															"Children": {
																"85": {
																	"IsWord": false,
																	"Children": {
																		"76": {
																			"IsWord": true,
																			"Children": {}
																		}
																	}
																}
															}
														},
														"76": {
															"IsWord": false,
															"Children": {
																"69": {
																	"IsWord": false,
																	"Children": {
																		"83": {
																			"IsWord": false,
																			"Children": {
																				"83": {
																					"IsWord": true,
																					"Children": {}
																				}
																			}
																		}
																	}
																}
															}
														}
													}
												}
											}
										}
									}
								}
							}
						}
					}
				}
			}
		},
		"83": {
			"IsWord": false,
			"Children": {
				"46": {
					"IsWord": false,
					"Children": {
						"79": {
							"IsWord": false,
							"Children": {
								"83": {
									"IsWord": true,
									"Children": {}
								}
							}
						}
					}
				},
				"68": {
					"IsWord": false,
					"Children": {
						"82": {
							"IsWord": false,
							"Children": {
								"79": {
									"IsWord": false,
									"Children": {
										"87": {
											"IsWord": false,
											"Children": {
												"46": {
													"IsWord": true,
													"Children": {}
												}
											}
										}
									}
								}
							}
						}
					}
				},
				"69": {
					"IsWord": false,
					"Children": {
						"76": {
							"IsWord": false,
							"Children": {
								"72": {
									"IsWord": false,
									"Children": {
										"84": {
											"IsWord": false,
											"Children": {
												"82": {
													"IsWord": false,
													"Children": {
														"79": {
															"IsWord": false,
															"Children": {
																"87": {
																	"IsWord": false,
																	"Children": {
																		"46": {
																			"IsWord": false,
																			"Children": {
																				"83": {
																					"IsWord": true,
																					"Children": {}
																				}
																			}
																		}
																	}
																}
															}
														}
													}
												}
											}
										}
									}
								}
							}
						},
						"87": {
							"IsWord": false,
							"Children": {
								"46": {
									"IsWord": false,
									"Children": {
										"84": {
											"IsWord": true,
											"Children": {}
										}
									}
								}
							}
						}
					}
				},
				"75": {
					"IsWord": false,
					"Children": {
						"79": {
							"IsWord": false,
							"Children": {
								"79": {
									"IsWord": false,
									"Children": {
										"66": {
											"IsWord": false,
											"Children": {
												"46": {
													"IsWord": true,
													"Children": {}
												}
											}
										}
									}
								}
							}
						}
					}
				},
				"79": {
					"IsWord": false,
					"Children": {
						"66": {
							"IsWord": false,
							"Children": {
								"46": {
									"IsWord": false,
									"Children": {
										"83": {
											"IsWord": true,
											"Children": {}
										}
									}
								}
							}
						},
						"83": {
							"IsWord": false,
							"Children": {
								"46": {
									"IsWord": true,
									"Children": {}
								}
							}
						}
					}
				},
				"83": {
					"IsWord": false,
					"Children": {
						"69": {
							"IsWord": false,
							"Children": {
								"76": {
									"IsWord": false,
									"Children": {
										"72": {
											"IsWord": false,
											"Children": {
												"84": {
													"IsWord": false,
													"Children": {
														"82": {
															"IsWord": false,
															"Children": {
																"79": {
																	"IsWord": false,
																	"Children": {
																		"87": {
																			"IsWord": false,
																			"Children": {
																				"46": {
																					"IsWord": true,
																					"Children": {}
																				}
																			}
																		}
																	}
																}
															}
														}
													}
												}
											}
										}
									}
								}
							}
						},
						"79": {
							"IsWord": false,
							"Children": {
								"66": {
									"IsWord": false,
									"Children": {
										"46": {
											"IsWord": true,
											"Children": {}
										}
									}
								}
							}
						}
					}
				}
			}
		},
		"84": {
			"IsWord": false,
			"Children": {
				"82": {
					"IsWord": false,
					"Children": {
						"79": {
							"IsWord": false,
							"Children": {
								"87": {
									"IsWord": false,
									"Children": {
										"46": {
											"IsWord": false,
											"Children": {
												"72": {
													"IsWord": false,
													"Children": {
														"70": {
															"IsWord": false,
															"Children": {
																"85": {
																	"IsWord": false,
																	"Children": {
																		"76": {
																			"IsWord": true,
																			"Children": {}
																		}
																	}
																}
															}
														},
														"76": {
															"IsWord": false,
															"Children": {
																"69": {
																	"IsWord": false,
																	"Children": {
																		"83": {
																			"IsWord": false,
																			"Children": {
																				"83": {
																					"IsWord": true,
																					"Children": {}
																				}
																			}
																		}
																	}
																}
															}
														}
													}
												}
											}
										}
									}
								}
							}
						}
					}
				},
				"83": {
					"IsWord": false,
					"Children": {
						"69": {
							"IsWord": false,
							"Children": {
								"87": {
									"IsWord": false,
									"Children": {
										"46": {
											"IsWord": true,
											"Children": {}
										}
									}
								}
							}
						}
					}
				}
			}
		},
		"85": {
			"IsWord": false,
			"Children": {
				"70": {
					"IsWord": false,
					"Children": {
						"72": {
							"IsWord": false,
							"Children": {
								"84": {
									"IsWord": false,
									"Children": {
										"82": {
											"IsWord": false,
											"Children": {
												"79": {
													"IsWord": false,
													"Children": {
														"87": {
															"IsWord": false,
															"Children": {
																"46": {
																	"IsWord": false,
																	"Children": {
																		"76": {
																			"IsWord": true,
																			"Children": {}
																		}
																	}
																}
															}
														}
													}
												}
											}
										}
									}
								}
							}
						}
					}
				}
			}
		},
		"86": {
			"IsWord": false,
			"Children": {
				"79": {
					"IsWord": false,
					"Children": {
						"76": {
							"IsWord": false,
							"Children": {
								"46": {
									"IsWord": false,
									"Children": {
										"69": {
											"IsWord": false,
											"Children": {
												"82": {
													"IsWord": true,
													"Children": {}
												}
											}
										}
									}
								}
							}
						}
					}
				}
			}
		},
		"87": {
			"IsWord": false,
			"Children": {
				"46": {
					"IsWord": false,
					"Children": {
						"69": {
							"IsWord": false,
							"Children": {
								"83": {
									"IsWord": false,
									"Children": {
										"84": {
											"IsWord": true,
											"Children": {}
										}
									}
								}
							}
						},
						"79": {
							"IsWord": false,
							"Children": {
								"82": {
									"IsWord": false,
									"Children": {
										"68": {
											"IsWord": true,
											"Children": {
												"83": {
													"IsWord": true,
													"Children": {}
												}
											}
										},
										"75": {
											"IsWord": true,
											"Children": {}
										},
										"84": {
											"IsWord": false,
											"Children": {
												"72": {
													"IsWord": false,
													"Children": {
														"70": {
															"IsWord": false,
															"Children": {
																"85": {
																	"IsWord": false,
																	"Children": {
																		"76": {
																			"IsWord": true,
																			"Children": {}
																		}
																	}
																}
															}
														},
														"76": {
															"IsWord": false,
															"Children": {
																"69": {
																	"IsWord": false,
																	"Children": {
																		"83": {
																			"IsWord": false,
																			"Children": {
																				"83": {
																					"IsWord": true,
																					"Children": {}
																				}
																			}
																		}
																	}
																}
															}
														}
													}
												}
											}
										}
									}
								}
							}
						}
					}
				}
			}
		}
	}
}