{
	"IsWord": false,
	"Children": {
		"100": {
			"IsWord": false,
			"Children": {
				"114": {
					"IsWord": false,
					"Children": {
						"111": {
							"IsWord": false,
							"Children": {
								"119": {
									"IsWord": false,
									"Children": {
										"46": {
											"IsWord": true,
											"Children": {
												"115": {
													"IsWord": true,
													"Children": {}
												}
											}
										}
									}
								}
							}
						}
					}
				}
			}
		},
		"101": {
			"IsWord": false,
			"Children": {
				"108": {
					"IsWord": false,
					"Children": {
						"104": {
							"IsWord": false,
							"Children": {
								"116": {
									"IsWord": false,
									"Children": {
										"114": {
											"IsWord": false,
											"Children": {
												"111": {
													"IsWord": false,
													"Children": {
														"119": {
															"IsWord": false,
															"Children": {
																"46": {
																	"IsWord": false,
																	"Children": {
																		"115": {
																			"IsWord": false,
																			"Children": {
																				"115": {
																					"IsWord": true,
																					"Children": {}
																				}
																			}
																		}
																	}
																}
															}
														}
													}
												}
											}
										}
									}
								}
							}
						}
					}
				},
				"118": {
					"IsWord": false,
					"Children": {
						"111": {
							"IsWord": false,
							"Children": {
								"108": {
									"IsWord": false,
									"Children": {
										"46": {
											"IsWord": false,
											"Children": {
												"114": {
													"IsWord": true,
													"Children": {}
												}
											}
										}
									}
								}
							}
						}
					}
				}
			}
		},
		"102": {
			"IsWord": false,
			"Children": {
				"104": {
					"IsWord": false,
					"Children": {
						"116": {
							"IsWord": false,
							"Children": {
								"114": {
									"IsWord": false,
									"Children": {
										"111": {
											"IsWord": false,
											"Children": {
												"119": {
													"IsWord": false,
													"Children": {
														"46": {
															"IsWord": false,
															"Children": {
																"117": {
																	"IsWord": false,
																	"Children": {
																		"108": {
																			"IsWord": true,
																			"Children": {}
																		}
																	}
																}
															}
														}
													}
												}
											}
										}
									}
								}
							}
						}
					}
				}
			}
		},
		"104": {
			"IsWord": false,
			"Children": {
				"116": {
					"IsWord": false,
					"Children": {
						"114": {
							"IsWord": false,
							"Children": {
								"111": {
									"IsWord": false,
									"Children": {
										"119": {
											"IsWord": false,
											"Children": {
												"46": {
													"IsWord": false,
													"Children": {
														"102": {
															"IsWord": false,
															"Children": {
																"117": {
																	"IsWord": false,
																	"Children": {
																		"108": {
																			"IsWord": true,
																			"Children": {}
																		}
																	}
																}
															}
														},
														"108": {
															"IsWord": false,
															"Children": {
																"101": {
																	"IsWord": false,
																	"Children": {
																		"115": {
																			"IsWord": false,
																			"Children": {
																				"115": {
																					"IsWord": true,
																					"Children": {}
																				}
																			}
																		}
																	}
																}
															}
														}
													}
												}
											}
										}
									}
								}
							}
						}
					}
				}
			}
		},
		"107": {
			"IsWord": false,
			"Children": {
				"111": {
					"IsWord": false,
					"Children": {
						"111": {
							"IsWord": false,
							"Children": {
								"98": {
									"IsWord": false,
									"Children": {
										"46": {
											"IsWord": true,
											"Children": {
												"115": {
													"IsWord": true,
													"Children": {}
												}
											}
										}
									}
								}
							}
						}
					}
				},
				"114": {
					"IsWord": false,
					"Children": {
						"111": {
							"IsWord": false,
							"Children": {
								"119": {
									"IsWord": false,
									"Children": {
										"46": {
											"IsWord": true,
											"Children": {}
										}
									}
								}
							}
						}
					}
				}
			}
		},
		"108": {
			"IsWord": false,
			"Children": {
				"104": {
					"IsWord": false,
					"Children": {
						"116": {
							"IsWord": false,
							"Children": {
								"114": {
									"IsWord": false,
									"Children": {
										"111": {
											"IsWord": false,
											"Children": {
												"119": {
													"IsWord": false,
													"Children": {
														"46": {
															"IsWord": false,
															"Children": {
																"101": {
																	"IsWord": false,
																	"Children": {
																		"115": {
																			"IsWord": false,
																			"Children": {
																				"115": {
																					"IsWord": true,
																					"Children": {}
																				}
																			}
																		}
																	}
																}
															}
														}
													}
												}
											}
										}
									}
								}
							}
						}
					}
				},
				"117": {
					"IsWord": false,
					"Children": {
						"102": {
							"IsWord": false,
							"Children": {
								"104": {
									"IsWord": false,
									"Children": {
										"116": {
											"IsWord": false,
											"Children": {
												"114": {
													"IsWord": false,
													"Children": {
														"111": {
															"IsWord": false,
															"Children": {
																"119": {
																	"IsWord": false,
																	"Children": {
																		"46": {
																			"IsWord": true,
																			"Children": {}
																		}
																	}
																}
															}
														}
													}
												}
											}
										}
									}
								}
							}
						}
					}
				},
				"46": {
					"IsWord": false,
					"Children": {
						"111": {
							"IsWord": false,
							"Children": {
								"118": {
									"IsWord": false,
									"Children": {
										"101": {
											"IsWord": false,
											"Children": {
												"114": {
													"IsWord": true,
													"Children": {}
												}
											}
										}
									}
								}
							}
						}
					}
				}
			}
		},
		"111": {
			"IsWord": false,
			"Children": {
				"108": {
					"IsWord": false,
					"Children": {
						"46": {
							"IsWord": false,
							"Children": {
								"118": {
									"IsWord": false,
									"Children": {
										"101": {
											"IsWord": false,
											"Children": {
												"114": {
													"IsWord": true,
													"Children": {}
												}
											}
										}
									}
								}
							}
						}
					}
				},
				"111": {
					"IsWord": false,
					"Children": {
						"98": {
							"IsWord": false,
							"Children": {
								"46": {
									"IsWord": false,
									"Children": {
										"107": {
											"IsWord": true,
											"Children": {
												"115": {
													"IsWord": true,
													"Children": {}
												}
											}
										}
									}
								}
							}
						}
					}
				},
				"115": {
					"IsWord": false,
					"Children": {
						"46": {
							"IsWord": false,
							"Children": {
								"115": {
									"IsWord": true,
									"Children": {}
								}
							}
						}
					}
				},
				"119": {
					"IsWord": false,
					"Children": {
						"46": {
							"IsWord": false,
							"Children": {
								"114": {
									"IsWord": false,
									"Children": {
										"100": {
											"IsWord": true,
											"Children": {
												"115": {
													"IsWord": true,
													"Children": {}
												}
											}
										},
										"107": {
											"IsWord": true,
											"Children": {}
										},
										"116": {
											"IsWord": false,
											"Children": {
												"104": {
													"IsWord": false,
													"Children": {
														"102": {
															"IsWord": false,
															"Children": {
																"117": {
																	"IsWord": false,
																	"Children": {
																		"108": {
																			"IsWord": true,
																			"Children": {}
																		}
																	}
																}
															}
														},
														"108": {
															"IsWord": false,
															"Children": {
																"101": {
																	"IsWord": false,
																	"Children": {
																		"115": {
																			"IsWord": false,
																			"Children": {
																				"115": {
																					"IsWord": true,
																					"Children": {}
																				}
																			}
																		}
																	}
																}
															}
														}
													}
												}
											}
										}
									}
								}
							}
						}
					}
				},
				"98": {
					"IsWord": false,
					"Children": {
						"46": {
							"IsWord": false,
							"Children": {
								"111": {
									"IsWord": false,
									"Children": {
										"107": {
											"IsWord": true,
											"Children": {
												"115": {
													"IsWord": true,
													"Children": {}
												}
											}
										}
									}
								},
								"115": {
									"IsWord": false,
									"Children": {
										"115": {
											"IsWord": true,
											"Children": {}
										}
									}
								}
							}
						}
					}
				}
			}
		},
		"114": {
			"IsWord": false,
			"Children": {
				"101": {
					"IsWord": false,
					"Children": {
						"118": {
							"IsWord": false,
							"Children": {
								"111": {
									"IsWord": false,
									"Children": {
										"108": {
											"IsWord": false,
											"Children": {
												"46": {
													"IsWord": true,
													"Children": {}
												}
											}
										}
									}
								}
							}
						}
					}
				},
				"111": {
					"IsWord": false,
					"Children": {
						"119": {
							"IsWord": false,
							"Children": {
								"46": {
									"IsWord": false,
									"Children": {
										"100": {
											"IsWord": true,
											"Children": {
												"115": {
													"IsWord": true,
													"Children": {}
												}
											}
										},
										"107": {
											"IsWord": true,
											"Children": {}
										},
										"116": {
											"IsWord": false,
											"Children": {
												"104": {
													"IsWord": false,
													"Children": {
														"102": {
															"IsWord": false,
															"Children": {
																"117": {
																	"IsWord": false,
																	"Children": {
																		"108": {
																			"IsWord": true,
																			"Children": {}
																		}
																	}
																}
															}
														},
														"108": {
															"IsWord": false,
															"Children": {
																"101": {
																	"IsWord": false,
																	"Children": {
																		"115": {
																			"IsWord": false,
																			"Children": {
																				"115": {
																					"IsWord": true,
																					"Children": {}
																				}
																			}
																		}
																	}
																}
															}
														}
													}
												}
											}
										}
									}
								}
							}
						}
					}
				}
			}
		},
		"115": {
			"IsWord": false,
			"Children": {
				"100": {
					"IsWord": false,
					"Children": {
						"114": {
							"IsWord": false,
							"Children": {
								"111": {
									"IsWord": false,
									"Children": {
										"119": {
											"IsWord": false,
											"Children": {
												"46": {
													"IsWord": true,
													"Children": {}
												}
											}
										}
									}
								}
							}
						}
					}
				},
				"101": {
					"IsWord": false,
					"Children": {
						"108": {
							"IsWord": false,
							"Children": {
								"104": {
									"IsWord": false,
									"Children": {
										"116": {
											"IsWord": false,
											"Children": {
												"114": {
													"IsWord": false,
													"Children": {
														"111": {
															"IsWord": false,
															"Children": {
																"119": {
																	"IsWord": false,
																	"Children": {
																		"46": {
																			"IsWord": false,
																			"Children": {
																				"115": {
																					"IsWord": true,
																					"Children": {}
																				}
																			}
																		}
																	}
																}
															}
														}
													}
												}
											}
										}
									}
								}
							}
						}
					}
				},
				"107": {
					"IsWord": false,
					"Children": {
						"111": {
							"IsWord": false,
							"Children": {
								"111": {
									"IsWord": false,
									"Children": {
										"98": {
											"IsWord": false,
											"Children": {
												"46": {
													"IsWord": true,
													"Children": {}
												}
											}
										}
									}
								}
							}
						}
					}
				},
				"111": {
					"IsWord": false,
					"Children": {
						"115": {
							"IsWord": false,
							"Children": {
								"46": {
									"IsWord": true,
									"Children": {}
								}
							}
						},
						"98": {
							"IsWord": false,
							"Children": {
								"46": {
									"IsWord": false,
									"Children": {
										"115": {
											"IsWord": true,
											"Children": {}
										}
									}
								}
							}
						}
					}
				},
				"115": {
					"IsWord": false,
					"Children": {
						"101": {
							"IsWord": false,
							"Children": {
								"108": {
									"IsWord": false,
									"Children": {
										"104": {
											"IsWord": false,
											"Children": {
												"116": {
													"IsWord": false,
													"Children": {
														"114": {
															"IsWord": false,
															"Children": {
																"111": {
																	"IsWord": false,
																	"Children": {
																		"119": {
																			"IsWord": false,
																			"Children": {
																				"46": {
																					"IsWord": true,
																					"Children": {}
																				}
																			}
																		}
																	}
																}
															}
														}
													}
												}
											}
										}
									}
								}
							}
						},
						"111": {
							"IsWord": false,
							"Children": {
								"98": {
									"IsWord": false,
									"Children": {
										"46": {
											"IsWord": true,
											"Children": {}
										}
									}
								}
							}
						}
					}
				},
				"46": {
					"IsWord": false,
					"Children": {
						"111": {
							"IsWord": false,
							"Children": {
								"115": {
									"IsWord": true,
									"Children": {}
								}
							}
						}
					}
				}
			}
		},
		"116": {
			"IsWord": false,
			"Children": {
				"114": {
					"IsWord": false,
					"Children": {
						"111": {
							"IsWord": false,
							"Children": {
								"119": {
									"IsWord": false,
									"Children": {
										"46": {
											"IsWord": false,
											"Children": {
												"104": {
													"IsWord": false,
													"Children": {
														"102": {
															"IsWord": false,
															"Children": {
																"117": {
																	"IsWord": false,
																	"Children": {
																		"108": {
																			"IsWord": true,
																			"Children": {}
																		}
																	}
																}
															}
														},
														"108": {
															"IsWord": false,
															"Children": {
																"101": {
																	"IsWord": false,
																	"Children": {
																		"115": {
																			"IsWord": false,
																			"Children": {
																				"115": {
																					"IsWord": true,
																					"Children": {}
																				}
																			}
																		}
																	}
																}
															}
														}
													}
												}
											}
										}
									}
								}
							}
						}
					}
				}
			}
		},
		"117": {
			"IsWord": false,
			"Children": {
				"102": {
					"IsWord": false,
					"Children": {
						"104": {
							"IsWord": false,
							"Children": {
								"116": {
									"IsWord": false,
									"Children": {
										"114": {
											"IsWord": false,
											"Children": {
												"111": {
													"IsWord": false,
													"Children": {
														"119": {
															"IsWord": false,
															"Children": {
																"46": {
																	"IsWord": false,
																	"Children": {
																		"108": {
																			"IsWord": true,
																			"Children": {}
																		}
																	}
																}
															}
														}
													}
												}
											}
										}
									}
								}
							}
						}
					}
				}
			}
		},
		"118": {
			"IsWord": false,
			"Children": {
				"111": {
					"IsWord": false,
					"Children": {
						"108": {
							"IsWord": false,
							"Children": {
								"46": {
									"IsWord": false,
									"Children": {
										"101": {
											"IsWord": false,
											"Children": {
												"114": {
													"IsWord": true,
													"Children": {}
												}
											}
										}
									}
								}
							}
						}
					}
				}
			}
		},
		"119": {
			"IsWord": false,
			"Children": {
				"46": {
					"IsWord": false,
					"Children": {
						"111": {
							"IsWord": false,
							"Children": {
								"114": {
									"IsWord": false,
									"Children": {
										"100": {
											"IsWord": true,
											"Children": {
												"115": {
													"IsWord": true,
													"Children": {}
												}
											}
										},
										"107": {
											"IsWord": true,
											"Children": {}
										},
										"116": {
											"IsWord": false,
											"Children": {
												"104": {
													"IsWord": false,
													"Children": {
														"102": {
															"IsWord": false,
															"Children": {
																"117": {
																	"IsWord": false,
																	"Children": {
																		"108": {
																			"IsWord": true,
																			"Children": {}
																		}
																	}
																}
															}
														},
														"108": {
															"IsWord": false,
															"Children": {
																"101": {
																	"IsWord": false,
																	"Children": {
																		"115": {
																			"IsWord": false,
																			"Children": {
																				"115": {
																					"IsWord": true,
																					"Children": {}
																				}
																			}
																		}
																	}
																}
															}
														}
													}
												}
											}
										}
									}
								}
							}
						}
					}
				}
			}
		},
		"98": {
			"IsWord": false,
			"Children": {
				"46": {
					"IsWord": false,
					"Children": {
						"111": {
							"IsWord": false,
							"Children": {
								"111": {
									"IsWord": false,
									"Children": {
										"107": {
											"IsWord": true,
											"Children": {
												"115": {
													"IsWord": true,
													"Children": {}
												}
											}
										}
									}
								},
								"115": {
									"IsWord": false,
									"Children": {
										"115": {
											"IsWord": true,
											"Children": {}
										}
									}
								}
							}
						}
					}
				}
			}
		}
	}
}