{
	"Letter": 0,
	"IsWord": false,
	"Children": {
		"100": {
			"Letter": 100,
			"IsWord": false,
			"Children": {
				"114": {
					"Letter": 114,
					"IsWord": false,
					"Children": {
						"111": {
							"Letter": 111,
							"IsWord": false,
							"Children": {
								"119": {
									"Letter": 119,
									"IsWord": false,
									"Children": {
										"46": {
											"Letter": 46,
											"IsWord": true,
											"Children": {
												"115": {
													"Letter": 115,
													"IsWord": true,
													"Children": {}
												}
											}
										}
									}
								}
							}
						}
					}
				}
			}
		},
		"101": {
			"Letter": 101,
			"IsWord": false,
			"Children": {
				"108": {
					"Letter": 108,
					"IsWord": false,
					"Children": {
						"104": {
							"Letter": 104,
							"IsWord": false,
							"Children": {
								"116": {
									"Letter": 116,
									"IsWord": false,
									"Children": {
										"114": {
											"Letter": 114,
											"IsWord": false,
											"Children": {
												"111": {
													"Letter": 111,
													"IsWord": false,
													"Children": {
														"119": {
															"Letter": 119,
															"IsWord": false,
															"Children": {
																"46": {
																	"Letter": 46,
																	"IsWord": false,
																	"Children": {
																		"115": {
																			"Letter": 115,
																			"IsWord": false,
																			"Children": {
																				"115": {
																					"Letter": 115,
																					"IsWord": true,
																					"Children": {}
																				}
																			}
																		}
																	}
																}
															}
														}
													}
												}
											}
										}
									}
								}
							}
						}
					}
				},
				"118": {
					"Letter": 118,
					"IsWord": false,
					"Children": {
						"111": {
							"Letter": 111,
							"IsWord": false,
							"Children": {
								"108": {
									"Letter": 108,
									"IsWord": false,
									"Children": {
										"46": {
											"Letter": 46,
											"IsWord": false,
											"Children": {
												"114": {
													"Letter": 114,
													"IsWord": true,
													"Children": {}
												}
											}
										}
									}
								}
							}
						}
					}
				}
			}
		},
		"102": {
			"Letter": 102,
			"IsWord": false,
			"Children": {
				"104": {
					"Letter": 104,
					"IsWord": false,
					"Children": {
						"116": {
							"Letter": 116,
							"IsWord": false,
							"Children": {
								"114": {
									"Letter": 114,
									"IsWord": false,
									"Children": {
										"111": {
											"Letter": 111,
											"IsWord": false,
											"Children": {
												"119": {
													"Letter": 119,
													"IsWord": false,
													"Children": {
														"46": {
															"Letter": 46,
															"IsWord": false,
															"Children": {
																"117": {
																	"Letter": 117,
																	"IsWord": false,
																	"Children": {
																		"108": {
																			"Letter": 108,
																			"IsWord": true,
																			"Children": {}
																		}
																	}
																}
															}
														}
													}
												}
											}
										}
									}
								}
							}
						}
					}
				}
			}
		},
		"104": {
			"Letter": 104,
			"IsWord": false,
			"Children": {
				"116": {
					"Letter": 116,
					"IsWord": false,
					"Children": {
						"114": {
							"Letter": 114,
							"IsWord": false,
							"Children": {
								"111": {
									"Letter": 111,
									"IsWord": false,
									"Children": {
										"119": {
											"Letter": 119,
											"IsWord": false,
											"Children": {
												"46": {
													"Letter": 46,
													"IsWord": false,
													"Children": {
														"102": {
															"Letter": 102,
															"IsWord": false,
															"Children": {
																"117": {
																	"Letter": 117,
																	"IsWord": false,
																	"Children": {
																		"108": {
																			"Letter": 108,
																			"IsWord": true,
																			"Children": {}
																		}
																	}
																}
															}
														},
														"108": {
															"Letter": 108,
															"IsWord": false,
															"Children": {
																"101": {
																	"Letter": 101,
																	"IsWord": false,
																	"Children": {
																		"115": {
																			"Letter": 115,
																			"IsWord": false,
																			"Children": {
																				"115": {
																					"Letter": 115,
																					"IsWord": true,
																					"Children": {}
																				}
																			}
																		}
																	}
																}
															}
														}
													}
												}
											}
										}
									}
								}
							}
						}
					}
				}
			}
		},
		"107": {
			"Letter": 107,
			"IsWord": false,
			"Children": {
				"111": {
					"Letter": 111,
					"IsWord": false,
					"Children": {
						"111": {
							"Letter": 111,
							"IsWord": false,
							"Children": {
								"98": {
									"Letter": 98,
									"IsWord": false,
									"Children": {
										"46": {
											"Letter": 46,
											"IsWord": true,
											"Children": {
												"115": {
													"Letter": 115,
													"IsWord": true,
													"Children": {}
												}
											}
										}
									}
								}
							}
						}
					}
				},
				"114": {
					"Letter": 114,
					"IsWord": false,
					"Children": {
						"111": {
							"Letter": 111,
							"IsWord": false,
							"Children": {
								"119": {
									"Letter": 119,
									"IsWord": false,
									"Children": {
										"46": {
											"Letter": 46,
											"IsWord": true,
											"Children": {}
										}
									}
								}
							}
						}
					}
				}
			}
		},
		"108": {
			"Letter": 108,
			"IsWord": false,
			"Children": {
				"104": {
					"Letter": 104,
					"IsWord": false,
					"Children": {
						"116": {
							"Letter": 116,
							"IsWord": false,
							"Children": {
								"114": {
									"Letter": 114,
									"IsWord": false,
									"Children": {
										"111": {
											"Letter": 111,
											"IsWord": false,
											"Children": {
												"119": {
													"Letter": 119,
													"IsWord": false,
													"Children": {
														"46": {
															"Letter": 46,
															"IsWord": false,
															"Children": {
																"101": {
																	"Letter": 101,
																	"IsWord": false,
																	"Children": {
																		"115": {
																			"Letter": 115,
																			"IsWord": false,
																			"Children": {
																				"115": {
																					"Letter": 115,
																					"IsWord": true,
																					"Children": {}
																				}
																			}
																		}
																	}
																}
															}
														}
													}
												}
											}
										}
									}
								}
							}
						}
					}
				},
				"117": {
					"Letter": 117,
					"IsWord": false,
					"Children": {
						"102": {
							"Letter": 102,
							"IsWord": false,
							"Children": {
								"104": {
									"Letter": 104,
									"IsWord": false,
									"Children": {
										"116": {
											"Letter": 116,
											"IsWord": false,
											"Children": {
												"114": {
													"Letter": 114,
													"IsWord": false,
													"Children": {
														"111": {
															"Letter": 111,
															"IsWord": false,
															"Children": {
																"119": {
																	"Letter": 119,
																	"IsWord": false,
																	"Children": {
																		"46": {
																			"Letter": 46,
																			"IsWord": true,
																			"Children": {}
																		}
																	}
																}
															}
														}
													}
												}
											}
										}
									}
								}
							}
						}
					}
				},
				"46": {
					"Letter": 46,
					"IsWord": false,
					"Children": {
						"111": {
							"Letter": 111,
							"IsWord": false,
							"Children": {
								"118": {
									"Letter": 118,
									"IsWord": false,
									"Children": {
										"101": {
											"Letter": 101,
											"IsWord": false,
											"Children": {
												"114": {
													"Letter": 114,
													"IsWord": true,
													"Children": {}
												}
											}
										}
									}
								}
							}
						}
					}
				}
			}
		},
		"111": {
			"Letter": 111,
			"IsWord": false,
			"Children": {
				"108": {
					"Letter": 108,
					"IsWord": false,
					"Children": {
						"46": {
							"Letter": 46,
							"IsWord": false,
							"Children": {
								"118": {
									"Letter": 118,
									"IsWord": false,
									"Children": {
										"101": {
											"Letter": 101,
											"IsWord": false,
											"Children": {
												"114": {
													"Letter": 114,
													"IsWord": true,
													"Children": {}
												}
											}
										}
									}
								}
							}
						}
					}
				},
				"111": {
					"Letter": 111,
					"IsWord": false,
					"Children": {
						"98": {
							"Letter": 98,
							"IsWord": false,
							"Children": {
								"46": {
									"Letter": 46,
									"IsWord": false,
									"Children": {
										"107": {
											"Letter": 107,
											"IsWord": true,
											"Children": {
												"115": {
													"Letter": 115,
													"IsWord": true,
													"Children": {}
												}
											}
										}
									}
								}
							}
						}
					}
				},
				"115": {
					"Letter": 115,
					"IsWord": false,
					"Children": {
						"46": {
							"Letter": 46,
							"IsWord": false,
							"Children": {
								"115": {
									"Letter": 115,
									"IsWord": true,
									"Children": {}
								}
							}
						}
					}
				},
				"119": {
					"Letter": 119,
					"IsWord": false,
					"Children": {
						"46": {
							"Letter": 46,
							"IsWord": false,
							"Children": {
								"114": {
									"Letter": 114,
									"IsWord": false,
									"Children": {
										"100": {
											"Letter": 100,
											"IsWord": true,
											"Children": {
												"115": {
													"Letter": 115,
													"IsWord": true,
													"Children": {}
												}
											}
										},
										"107": {
											"Letter": 107,
											"IsWord": true,
											"Children": {}
										},
										"116": {
											"Letter": 116,
											"IsWord": false,
											"Children": {
												"104": {
													"Letter": 104,
													"IsWord": false,
													"Children": {
														"102": {
															"Letter": 102,
															"IsWord": false,
															"Children": {
																"117": {
																	"Letter": 117,
																	"IsWord": false,
																	"Children": {
																		"108": {
																			"Letter": 108,
																			"IsWord": true,
																			"Children": {}
																		}
																	}
																}
															}
														},
														"108": {
															"Letter": 108,
															"IsWord": false,
															"Children": {
																"101": {
																	"Letter": 101,
																	"IsWord": false,
																	"Children": {
																		"115": {
																			"Letter": 115,
																			"IsWord": false,
																			"Children": {
																				"115": {
																					"Letter": 115,
																					"IsWord": true,
																					"Children": {}
																				}
																			}
																		}
																	}
																}
															}
														}
													}
												}
											}
										}
									}
								}
							}
						}
					}
				},
				"98": {
					"Letter": 98,
					"IsWord": false,
					"Children": {
						"46": {
							"Letter": 46,
							"IsWord": false,
							"Children": {
								"111": {
									"Letter": 111,
									"IsWord": false,
									"Children": {
										"107": {
											"Letter": 107,
											"IsWord": true,
											"Children": {
												"115": {
													"Letter": 115,
													"IsWord": true,
													"Children": {}
												}
											}
										}
									}
								},
								"115": {
									"Letter": 115,
									"IsWord": false,
									"Children": {
										"115": {
											"Letter": 115,
											"IsWord": true,
											"Children": {}
										}
									}
								}
							}
						}
					}
				}
			}
		},
		"114": {
			"Letter": 114,
			"IsWord": false,
			"Children": {
				"101": {
					"Letter": 101,
					"IsWord": false,
					"Children": {
						"118": {
							"Letter": 118,
							"IsWord": false,
							"Children": {
								"111": {
									"Letter": 111,
									"IsWord": false,
									"Children": {
										"108": {
											"Letter": 108,
											"IsWord": false,
											"Children": {
												"46": {
													"Letter": 46,
													"IsWord": true,
													"Children": {}
												}
											}
										}
									}
								}
							}
						}
					}
				},
				"111": {
					"Letter": 111,
					"IsWord": false,
					"Children": {
						"119": {
							"Letter": 119,
							"IsWord": false,
							"Children": {
								"46": {
									"Letter": 46,
									"IsWord": false,
									"Children": {
										"100": {
											"Letter": 100,
											"IsWord": true,
											"Children": {
												"115": {
													"Letter": 115,
													"IsWord": true,
													"Children": {}
												}
											}
										},
										"107": {
											"Letter": 107,
											"IsWord": true,
											"Children": {}
										},
										"116": {
											"Letter": 116,
											"IsWord": false,
											"Children": {
												"104": {
													"Letter": 104,
													"IsWord": false,
													"Children": {
														"102": {
															"Letter": 102,
															"IsWord": false,
															"Children": {
																"117": {
																	"Letter": 117,
																	"IsWord": false,
																	"Children": {
																		"108": {
																			"Letter": 108,
																			"IsWord": true,
																			"Children": {}
																		}
																	}
																}
															}
														},
														"108": {
															"Letter": 108,
															"IsWord": false,
															"Children": {
																"101": {
																	"Letter": 101,
																	"IsWord": false,
																	"Children": {
																		"115": {
																			"Letter": 115,
																			"IsWord": false,
																			"Children": {
																				"115": {
																					"Letter": 115,
																					"IsWord": true,
																					"Children": {}
																				}
																			}
																		}
																	}
																}
															}
														}
													}
												}
											}
										}
									}
								}
							}
						}
					}
				}
			}
		},
		"115": {
			"Letter": 115,
			"IsWord": false,
			"Children": {
				"100": {
					"Letter": 100,
					"IsWord": false,
					"Children": {
						"114": {
							"Letter": 114,
							"IsWord": false,
							"Children": {
								"111": {
									"Letter": 111,
									"IsWord": false,
									"Children": {
										"119": {
											"Letter": 119,
											"IsWord": false,
											"Children": {
												"46": {
													"Letter": 46,
													"IsWord": true,
													"Children": {}
												}
											}
										}
									}
								}
							}
						}
					}
				},
				"101": {
					"Letter": 101,
					"IsWord": false,
					"Children": {
						"108": {
							"Letter": 108,
							"IsWord": false,
							"Children": {
								"104": {
									"Letter": 104,
									"IsWord": false,
									"Children": {
										"116": {
											"Letter": 116,
											"IsWord": false,
											"Children": {
												"114": {
													"Letter": 114,
													"IsWord": false,
													"Children": {
														"111": {
															"Letter": 111,
															"IsWord": false,
															"Children": {
																"119": {
																	"Letter": 119,
																	"IsWord": false,
																	"Children": {
																		"46": {
																			"Letter": 46,
																			"IsWord": false,
																			"Children": {
																				"115": {
																					"Letter": 115,
																					"IsWord": true,
																					"Children": {}
																				}
																			}
																		}
																	}
																}
															}
														}
													}
												}
											}
										}
									}
								}
							}
						}
					}
				},
				"107": {
					"Letter": 107,
					"IsWord": false,
					"Children": {
						"111": {
							"Letter": 111,
							"IsWord": false,
							"Children": {
								"111": {
									"Letter": 111,
									"IsWord": false,
									"Children": {
										"98": {
											"Letter": 98,
											"IsWord": false,
											"Children": {
												"46": {
													"Letter": 46,
													"IsWord": true,
													"Children": {}
												}
											}
										}
									}
								}
							}
						}
					}
				},
				"111": {
					"Letter": 111,
					"IsWord": false,
					"Children": {
						"115": {
							"Letter": 115,
							"IsWord": false,
							"Children": {
								"46": {
									"Letter": 46,
									"IsWord": true,
									"Children": {}
								}
							}
						},
						"98": {
							"Letter": 98,
							"IsWord": false,
							"Children": {
								"46": {
									"Letter": 46,
									"IsWord": false,
									"Children": {
										"115": {
											"Letter": 115,
											"IsWord": true,
											"Children": {}
										}
									}
								}
							}
						}
					}
				},
				"115": {
					"Letter": 115,
					"IsWord": false,
					"Children": {
						"101": {
							"Letter": 101,
							"IsWord": false,
							"Children": {
								"108": {
									"Letter": 108,
									"IsWord": false,
									"Children": {
										"104": {
											"Letter": 104,
											"IsWord": false,
											"Children": {
												"116": {
													"Letter": 116,
													"IsWord": false,
													"Children": {
														"114": {
															"Letter": 114,
															"IsWord": false,
															"Children": {
																"111": {
																	"Letter": 111,
																	"IsWord": false,
																	"Children": {
																		"119": {
																			"Letter": 119,
																			"IsWord": false,
																			"Children": {
																				"46": {
																					"Letter": 46,
																					"IsWord": true,
																					"Children": {}
																				}
																			}
																		}
																	}
																}
															}
														}
													}
												}
											}
										}
									}
								}
							}
						},
						"111": {
							"Letter": 111,
							"IsWord": false,
							"Children": {
								"98": {
									"Letter": 98,
									"IsWord": false,
									"Children": {
										"46": {
											"Letter": 46,
											"IsWord": true,
											"Children": {}
										}
									}
								}
							}
						}
					}
				},
				"46": {
					"Letter": 46,
					"IsWord": false,
					"Children": {
						"111": {
							"Letter": 111,
							"IsWord": false,
							"Children": {
								"115": {
									"Letter": 115,
									"IsWord": true,
									"Children": {}
								}
							}
						}
					}
				}
			}
		},
		"116": {
			"Letter": 116,
			"IsWord": false,
			"Children": {
				"114": {
					"Letter": 114,
					"IsWord": false,
					"Children": {
						"111": {
							"Letter": 111,
							"IsWord": false,
							"Children": {
								"119": {
									"Letter": 119,
									"IsWord": false,
									"Children": {
										"46": {
											"Letter": 46,
											"IsWord": false,
											"Children": {
												"104": {
													"Letter": 104,
													"IsWord": false,
													"Children": {
														"102": {
															"Letter": 102,
															"IsWord": false,
															"Children": {
																"117": {
																	"Letter": 117,
																	"IsWord": false,
																	"Children": {
																		"108": {
																			"Letter": 108,
																			"IsWord": true,
																			"Children": {}
																		}
																	}
																}
															}
														},
														"108": {
															"Letter": 108,
															"IsWord": false,
															"Children": {
																"101": {
																	"Letter": 101,
																	"IsWord": false,
																	"Children": {
																		"115": {
																			"Letter": 115,
																			"IsWord": false,
																			"Children": {
																				"115": {
																					"Letter": 115,
																					"IsWord": true,
																					"Children": {}
																				}
																			}
																		}
																	}
																}
															}
														}
													}
												}
											}
										}
									}
								}
							}
						}
					}
				}
			}
		},
		"117": {
			"Letter": 117,
			"IsWord": false,
			"Children": {
				"102": {
					"Letter": 102,
					"IsWord": false,
					"Children": {
						"104": {
							"Letter": 104,
							"IsWord": false,
							"Children": {
								"116": {
									"Letter": 116,
									"IsWord": false,
									"Children": {
										"114": {
											"Letter": 114,
											"IsWord": false,
											"Children": {
												"111": {
													"Letter": 111,
													"IsWord": false,
													"Children": {
														"119": {
															"Letter": 119,
															"IsWord": false,
															"Children": {
																"46": {
																	"Letter": 46,
																	"IsWord": false,
																	"Children": {
																		"108": {
																			"Letter": 108,
																			"IsWord": true,
																			"Children": {}
																		}
																	}
																}
															}
														}
													}
												}
											}
										}
									}
								}
							}
						}
					}
				}
			}
		},
		"118": {
			"Letter": 118,
			"IsWord": false,
			"Children": {
				"111": {
					"Letter": 111,
					"IsWord": false,
					"Children": {
						"108": {
							"Letter": 108,
							"IsWord": false,
							"Children": {
								"46": {
									"Letter": 46,
									"IsWord": false,
									"Children": {
										"101": {
											"Letter": 101,
											"IsWord": false,
											"Children": {
												"114": {
													"Letter": 114,
													"IsWord": true,
													"Children": {}
												}
											}
										}
									}
								}
							}
						}
					}
				}
			}
		},
		"119": {
			"Letter": 119,
			"IsWord": false,
			"Children": {
				"46": {
					"Letter": 46,
					"IsWord": false,
					"Children": {
						"111": {
							"Letter": 111,
							"IsWord": false,
							"Children": {
								"114": {
									"Letter": 114,
									"IsWord": false,
									"Children": {
										"100": {
											"Letter": 100,
											"IsWord": true,
											"Children": {
												"115": {
													"Letter": 115,
													"IsWord": true,
													"Children": {}
												}
											}
										},
										"107": {
											"Letter": 107,
											"IsWord": true,
											"Children": {}
										},
										"116": {
											"Letter": 116,
											"IsWord": false,
											"Children": {
												"104": {
													"Letter": 104,
													"IsWord": false,
													"Children": {
														"102": {
															"Letter": 102,
															"IsWord": false,
															"Children": {
																"117": {
																	"Letter": 117,
																	"IsWord": false,
																	"Children": {
																		"108": {
																			"Letter": 108,
																			"IsWord": true,
																			"Children": {}
																		}
																	}
																}
															}
														},
														"108": {
															"Letter": 108,
															"IsWord": false,
															"Children": {
																"101": {
																	"Letter": 101,
																	"IsWord": false,
																	"Children": {
																		"115": {
																			"Letter": 115,
																			"IsWord": false,
																			"Children": {
																				"115": {
																					"Letter": 115,
																					"IsWord": true,
																					"Children": {}
																				}
																			}
																		}
																	}
																}
															}
														}
													}
												}
											}
										}
									}
								}
							}
						}
					}
				}
			}
		},
		"98": {
			"Letter": 98,
			"IsWord": false,
			"Children": {
				"46": {
					"Letter": 46,
					"IsWord": false,
					"Children": {
						"111": {
							"Letter": 111,
							"IsWord": false,
							"Children": {
								"111": {
									"Letter": 111,
									"IsWord": false,
									"Children": {
										"107": {
											"Letter": 107,
											"IsWord": true,
											"Children": {
												"115": {
													"Letter": 115,
													"IsWord": true,
													"Children": {}
												}
											}
										}
									}
								},
								"115": {
									"Letter": 115,
									"IsWord": false,
									"Children": {
										"115": {
											"Letter": 115,
											"IsWord": true,
											"Children": {}
										}
									}
								}
							}
						}
					}
				}
			}
		}
	}
}