{map[100:{map[114:{map[111:{map[119:{map[46:{map[] true}] false}] false}] false}] false} 111:{map[119:{map[46:{map[114:{map[100:{map[] true}] false}] false}] false}] false} 114:{map[111:{map[119:{map[46:{map[100:{map[] true}] false}] false}] false}] false} 119:{map[46:{map[111:{map[114:{map[100:{map[] true}] false}] false}] false}] false}] false}