[
	"Z.A",
	"Z.AIRE",
	"Z.AIRES",
	"Z.ANIER",
	"Z.ANIES",
	"Z.ANIEST",
	"Z.ANTE",
	"Z.ANTES",
	"Z.ARI",
	"Z.ARIS",
	"Z.AS",
	"Z.ATI",
	"Z.ATIS",
	"Z.E",
	"Z.EA",
	"Z.EAL",
	"Z.EALS",
	"Z.EAS",
	"Z.EATIN",
	"Z.EATINS",
	"Z.EIN",
	"Z.EINS",
	"Z.EL",
	"Z.ELANT",
	"Z.ELANTS",
	"Z.ELS",
	"Z.EN",
	"Z.ENS",
	"Z.EST",
	"Z.ETA",
	"Z.ETAS",
	"Z.ILA",
	"Z.ILAS",
	"Z.IN",
	"Z.INE",
	"Z.INES",
	"Z.INS",
	"Z.IT",
	"Z.ITE",
	"Z.ITS",
	"ZA.INE",
	"ZA.INES",
	"ZAL.E",
	"ZAL.ES",
	"ZAL.IER",
	"ZAL.IES",
	"ZAL.IEST",
	"ZAN.E",
	"ZAN.ES",
	"ZAN.I",
	"ZAN.IR",
	"ZAN.IRS",
	"ZAN.IS",
	"ZAR.E",
	"ZAR.ES",
	"ZAS.",
	"ZEL.",
	"ZER.",
	"ZERT.",
	"ZES.",
	"ZI.AR",
	"ZI.ARS",
	"ZIA.LE",
	"ZIA.LES",
	"ZIES.A",
	"ZIR.",
	"ZIR.A",
	"ZIR.AS",
	"ZIS.AR",
	"ZIS.E",
	"ZIS.EL",
	"ZIS.ER",
	"ZIT.",
	"ZIT.ES",
	"ZNAR.EL",
	"ZNAR.ELS",
	"ZNATS.E",
	"ZNES.A",
	"ZT.AR",
	"ZT.ARS",
	"ZTASRE.",
	"ZTIR.",
	"ZTIR.ES",
	"ZTIS.",
	"ZTREN."
]